******************************************************************************
                  TI ARM Linker PC v18.1.2                     
******************************************************************************
>> Linked Thu Nov 15 16:19:34 2018

OUTPUT FILE NAME:   <LCDGraphics.out>
ENTRY POINT SYMBOL: "_c_int00_noargs"  address: 2000607d


MEMORY CONFIGURATION

         name            origin    length      used     unused   attr    fill
----------------------  --------  ---------  --------  --------  ----  --------
  SRAM_CODE             20004000   00012fff  000032ea  0000fd15  RW X
  SRAM_DATA             20017000   00019000  0000053a  00018ac6  RW X


SEGMENT ALLOCATION MAP

run origin  load origin   length   init length attrs members
----------  ----------- ---------- ----------- ----- -------
20004000    20004000    000032f0   000032f0    r-x
  20004000    20004000    000026e8   000026e8    r-x .text
  200066e8    200066e8    00000bc2   00000bc2    r-- .const
  200072b0    200072b0    00000040   00000040    r-- .cinit
20017000    20017000    00000026   00000000    rw-
  20017000    20017000    00000014   00000000    rw- .data
  20017018    20017018    00000008   00000000    rw- .sysmem
  20017020    20017020    00000006   00000000    rw- .bss
2002fae8    2002fae8    00000518   00000000    rw-
  2002fae8    2002fae8    00000518   00000000    rw- .stack


SECTION ALLOCATION MAP

 output                                  attributes/
section   page    origin      length       input sections
--------  ----  ----------  ----------   ----------------
.init_array 
*          0    20004000    00000000     UNINITIALIZED

.text      0    20004000    000026e8     
                  20004000    0000093a     main.obj (.text)
                  2000493a    00000002     rtsv7M4_T_le_v4SPD16_eabi.lib : vector.cpp.obj (.text:_ZNSt3__220__vector_base_commonILb1EEC2Ev)
                  2000493c    00000656     graphicsClasses.obj (.text)
                  20004f92    00000002     rtsv7M4_T_le_v4SPD16_eabi.lib : _lock.c.obj (.text:_nop)
                  20004f94    00000480     LCD.obj (.text)
                  20005414    00000178     driverlib.a : prcm.obj (.text:PRCMCC3200MCUInit)
                  2000558c    000000d8     rtsv7M4_T_le_v4SPD16_eabi.lib : memory.c.obj (.text:free)
                  20005664    000000d0     driverlib.a : spi.obj (.text:SPITransfer32)
                  20005734    000000ce                 : spi.obj (.text:SPITransfer16)
                  20005802    000000b8                 : spi.obj (.text:SPITransfer8)
                  200058ba    00000002     --HOLE-- [fill = 0]
                  200058bc    000000a0                 : spi.obj (.text:SPIConfigSetExpClk)
                  2000595c    0000009c     rtsv7M4_T_le_v4SPD16_eabi.lib : memcpy_t2.asm.obj (.text)
                  200059f8    00000094     driverlib.a : prcm.obj (.text:PRCMPeripheralClockGet)
                  20005a8c    00000094     communication.obj (.text)
                  20005b20    00000088     driverlib.a : pin.obj (.text:PinConfigSet)
                  20005ba8    00000088                 : spi.obj (.text:SPITransfer)
                  20005c30    0000007e     rtsv7M4_T_le_v4SPD16_eabi.lib : string.cpp.obj (.text:_ZNKSt3__212basic_stringIcNS_11char_traitsIcEENS_9allocatorIcEEE7compareEjjPKcj)
                  20005cae    00000002     --HOLE-- [fill = 0]
                  20005cb0    00000078                                   : memory.c.obj (.text:malloc)
                  20005d28    00000076                                   : vec_newdel.c.obj (.text:_ZN34_INTERNAL_12_vec_newdel_c_8a08d4a517array_new_generalEPvijjS0_PFYS0_S0_ES2_PFYS0_jEPFYvS0_Eii)
                  20005d9e    00000068                                   : copy_decompress_lzss.c.obj (.text:decompress:lzss:__TI_decompress_lzss)
                  20005e06    00000002     --HOLE-- [fill = 0]
                  20005e08    00000060     pinmux.obj (.text)
                  20005e68    00000058     driverlib.a : prcm.obj (.text:PRCMPeripheralReset)
                  20005ec0    00000044     rtsv7M4_T_le_v4SPD16_eabi.lib : autoinit.c.obj (.text:__TI_auto_init_nobinit_nopinit:__TI_auto_init_nobinit_nopinit)
                  20005f04    00000040     driverlib.a : pin.obj (.text:PinModeSet)
                  20005f44    00000040     graphicsClasses.obj (.text:_ZNSt3__213__vector_baseINS_12basic_stringIcNS_11char_traitsIcEENS_9allocatorIcEEEENS4_IS6_EEE17__destruct_at_endEPS6_)
                  20005f84    00000040     graphicsClasses.obj (.text:_ZNSt3__213__vector_baseINS_6vectorINS_12basic_stringIcNS_11char_traitsIcEENS_9allocatorIcEEEENS5_IS7_EEEENS5_IS9_EEE17__destruct_at_endEPS9_)
                  20005fc4    00000040     graphicsClasses.obj (.text:_ZNSt3__2eqIcNS_11char_traitsIcEENS_9allocatorIcEEEEbPKT_RKNS_12basic_stringIS5_T0_T1_EE)
                  20006004    0000003c     driverlib.a : prcm.obj (.text:PRCMPeripheralClkEnable)
                  20006040    0000003c     rtsv7M4_T_le_v4SPD16_eabi.lib : memory.c.obj (.text:minsert)
                  2000607c    00000038                                   : boot_cortex_m.c.obj (.text:_c_int00_noargs:_c_int00_noargs)
                  200060b4    00000038                                   : memory.c.obj (.text:minit)
                  200060ec    00000036     driverlib.a : gpio.obj (.text:GPIODirModeSet)
                  20006122    00000030                 : pin.obj (.text:PinTypeGPIO)
                  20006152    0000002e     graphicsClasses.obj (.text:_ZNSt3__213__vector_baseINS_12basic_stringIcNS_11char_traitsIcEENS_9allocatorIcEEEENS4_IS6_EEED1Ev)
                  20006180    0000002e     graphicsClasses.obj (.text:_ZNSt3__213__vector_baseINS_6vectorINS_12basic_stringIcNS_11char_traitsIcEENS_9allocatorIcEEEENS5_IS7_EEEENS5_IS9_EEED1Ev)
                  200061ae    00000002     --HOLE-- [fill = 0]
                  200061b0    0000002c     driverlib.a : prcm.obj (.text:PRCMSysResetCauseGet)
                  200061dc    00000028                 : prcm.obj (.text:PRCMPeripheralClkDisable)
                  20006204    00000028     graphicsClasses.obj (.text:_ZNSt3__213__vector_baseINS_6vectorINS_12basic_stringIcNS_11char_traitsIcEENS_9allocatorIcEEEENS5_IS7_EEEENS5_IS9_EEEC1Ev)
                  2000622c    00000028     rtsv7M4_T_le_v4SPD16_eabi.lib : memory.c.obj (.text:mremove)
                  20006254    00000026     graphicsClasses.obj (.text:_ZN7ElementC1Ev)
                  2000627a    00000024     rtsv7M4_T_le_v4SPD16_eabi.lib : vec_newdel.c.obj (.text:__cxa_vec_ctor)
                  2000629e    00000024                                   : memcmp.c.obj (.text:memcmp)
                  200062c2    00000022     driverlib.a : spi.obj (.text:SPIReset)
                  200062e4    00000022     rtsv7M4_T_le_v4SPD16_eabi.lib : new.cpp.obj (.text:_Znwj)
                  20006306    00000020     driverlib.a : gpio.obj (.text:GPIOPinWrite)
                  20006326    00000020     rtsv7M4_T_le_v4SPD16_eabi.lib : string.cpp.obj (.text:_ZNSt3__212basic_stringIcNS_11char_traitsIcEENS_9allocatorIcEEED1Ev)
                  20006346    0000001e     graphicsClasses.obj (.text:_ZNSt3__217__compressed_pairIPNS_6vectorINS_12basic_stringIcNS_11char_traitsIcEENS_9allocatorIcEEEENS5_IS7_EEEENS5_IS9_EEEC1IDnLb1EEEOT_)
                  20006364    0000001a     driverlib.a : pin.obj (.text:PinTypeSPI)
                  2000637e    0000001a     graphicsClasses.obj (.text:_ZNKSt3__213__vector_baseINS_12basic_stringIcNS_11char_traitsIcEENS_9allocatorIcEEEENS4_IS6_EEE8capacityEv)
                  20006398    0000001a     graphicsClasses.obj (.text:_ZNKSt3__213__vector_baseINS_6vectorINS_12basic_stringIcNS_11char_traitsIcEENS_9allocatorIcEEEENS5_IS7_EEEENS5_IS9_EEE8capacityEv)
                  200063b2    00000018     driverlib.a : spi.obj (.text:SPIEnable)
                  200063ca    00000016                 : prcm.obj (.text:PRCMHIBRegRead)
                  200063e0    00000016                 : prcm.obj (.text:PRCMHIBRegWrite)
                  200063f6    00000016     rtsv7M4_T_le_v4SPD16_eabi.lib : string.cpp.obj (.text:_ZNKSt3__212basic_stringIcNS_11char_traitsIcEENS_9allocatorIcEEE4sizeEv)
                  2000640c    00000016     graphicsClasses.obj (.text:_ZNSt3__222__compressed_pair_elemIPNS_6vectorINS_12basic_stringIcNS_11char_traitsIcEENS_9allocatorIcEEEENS5_IS7_EEEELi0ELb0EEC1IDnvEEOT_)
                  20006422    00000014     graphicsClasses.obj (.text:_ZNSt3__216allocator_traitsINS_9allocatorINS_12basic_stringIcNS_11char_traitsIcEENS1_IcEEEEEEE10deallocateERS7_PS6_j)
                  20006436    00000014     graphicsClasses.obj (.text:_ZNSt3__216allocator_traitsINS_9allocatorINS_12basic_stringIcNS_11char_traitsIcEENS1_IcEEEEEEE7destroyIS6_EEvRS7_PT_)
                  2000644a    00000014     graphicsClasses.obj (.text:_ZNSt3__216allocator_traitsINS_9allocatorINS_12basic_stringIcNS_11char_traitsIcEENS1_IcEEEEEEE9__destroyIS6_EEvNS_17integral_constantIbLb1EEERS7_PT_)
                  2000645e    00000014     graphicsClasses.obj (.text:_ZNSt3__216allocator_traitsINS_9allocatorINS_6vectorINS_12basic_stringIcNS_11char_traitsIcEENS1_IcEEEENS1_IS7_EEEEEEE10deallocateERSA_PS9_j)
                  20006472    00000014     graphicsClasses.obj (.text:_ZNSt3__216allocator_traitsINS_9allocatorINS_6vectorINS_12basic_stringIcNS_11char_traitsIcEENS1_IcEEEENS1_IS7_EEEEEEE7destroyIS9_EEvRSA_PT_)
                  20006486    00000014     graphicsClasses.obj (.text:_ZNSt3__216allocator_traitsINS_9allocatorINS_6vectorINS_12basic_stringIcNS_11char_traitsIcEENS1_IcEEEENS1_IS7_EEEEEEE9__destroyIS9_EEvNS_17integral_constantIbLb1EEERSA_PT_)
                  2000649a    00000014     rtsv7M4_T_le_v4SPD16_eabi.lib : strlen.c.obj (.text:strlen)
                  200064ae    00000012                                   : copy_zero_init.c.obj (.text:decompress:ZI:__TI_zero_init_nomemset:__TI_zero_init_nomemset)
                  200064c0    00000010     graphicsClasses.obj (.text:_ZNSt3__213__vector_baseINS_12basic_stringIcNS_11char_traitsIcEENS_9allocatorIcEEEENS4_IS6_EEE5clearEv)
                  200064d0    00000010     graphicsClasses.obj (.text:_ZNSt3__213__vector_baseINS_6vectorINS_12basic_stringIcNS_11char_traitsIcEENS_9allocatorIcEEEENS5_IS7_EEEENS5_IS9_EEE5clearEv)
                  200064e0    00000010     graphicsClasses.obj (.text:_ZNSt3__222__compressed_pair_elemIPNS_6vectorINS_12basic_stringIcNS_11char_traitsIcEENS_9allocatorIcEEEENS5_IS7_EEEELi0ELb0EEC2IDnvEEOT_)
                  200064f0    00000010     graphicsClasses.obj (.text:_ZNSt3__29allocatorINS_12basic_stringIcNS_11char_traitsIcEENS0_IcEEEEE10deallocateEPS5_j)
                  20006500    00000010     graphicsClasses.obj (.text:_ZNSt3__29allocatorINS_6vectorINS_12basic_stringIcNS_11char_traitsIcEENS0_IcEEEENS0_IS6_EEEEE10deallocateEPS8_j)
                  20006510    0000000e     graphicsClasses.obj (.text:_ZNKSt3__213__vector_baseINS_12basic_stringIcNS_11char_traitsIcEENS_9allocatorIcEEEENS4_IS6_EEE9__end_capEv)
                  2000651e    0000000e     graphicsClasses.obj (.text:_ZNKSt3__213__vector_baseINS_6vectorINS_12basic_stringIcNS_11char_traitsIcEENS_9allocatorIcEEEENS5_IS7_EEEENS5_IS9_EEE9__end_capEv)
                  2000652c    0000000e     graphicsClasses.obj (.text:_ZNSt3__213__vector_baseINS_12basic_stringIcNS_11char_traitsIcEENS_9allocatorIcEEEENS4_IS6_EEE7__allocEv)
                  2000653a    0000000e     graphicsClasses.obj (.text:_ZNSt3__213__vector_baseINS_6vectorINS_12basic_stringIcNS_11char_traitsIcEENS_9allocatorIcEEEENS5_IS7_EEEENS5_IS9_EEE7__allocEv)
                  20006548    0000000e     graphicsClasses.obj (.text:_ZNSt3__222__compressed_pair_elemINS_9allocatorINS_6vectorINS_12basic_stringIcNS_11char_traitsIcEENS1_IcEEEENS1_IS7_EEEEEELi1ELb1EEC1Ev)
                  20006556    0000000e     graphicsClasses.obj (.text:_ZNSt3__26vectorINS0_INS_12basic_stringIcNS_11char_traitsIcEENS_9allocatorIcEEEENS4_IS6_EEEENS4_IS8_EEEC1Ev)
                  20006564    0000000e     graphicsClasses.obj (.text:_ZNSt3__26vectorINS0_INS_12basic_stringIcNS_11char_traitsIcEENS_9allocatorIcEEEENS4_IS6_EEEENS4_IS8_EEED1Ev)
                  20006572    0000000e     graphicsClasses.obj (.text:_ZNSt3__26vectorINS_12basic_stringIcNS_11char_traitsIcEENS_9allocatorIcEEEENS4_IS6_EEED1Ev)
                  20006580    0000000e     graphicsClasses.obj (.text:_ZNSt3__29allocatorINS_12basic_stringIcNS_11char_traitsIcEENS0_IcEEEEE7destroyEPS5_)
                  2000658e    0000000e     graphicsClasses.obj (.text:_ZNSt3__29allocatorINS_6vectorINS_12basic_stringIcNS_11char_traitsIcEENS0_IcEEEENS0_IS6_EEEEE7destroyEPS8_)
                  2000659c    0000000e     rtsv7M4_T_le_v4SPD16_eabi.lib : copy_decompress_none.c.obj (.text:decompress:none:__TI_decompress_none)
                  200065aa    0000000c     graphicsClasses.obj (.text:_ZNKSt3__217__compressed_pairIPNS_12basic_stringIcNS_11char_traitsIcEENS_9allocatorIcEEEENS4_IS6_EEE5firstEv)
                  200065b6    0000000c     graphicsClasses.obj (.text:_ZNKSt3__217__compressed_pairIPNS_6vectorINS_12basic_stringIcNS_11char_traitsIcEENS_9allocatorIcEEEENS5_IS7_EEEENS5_IS9_EEE5firstEv)
                  200065c2    00000002     --HOLE-- [fill = 0]
                  200065c4    0000000c     rtsv7M4_T_le_v4SPD16_eabi.lib : string.cpp.obj (.text:_ZNKSt3__221__basic_string_commonILb1EE20__throw_out_of_rangeEv)
                  200065d0    0000000c     graphicsClasses.obj (.text:_ZNKSt3__222__compressed_pair_elemINS_12basic_stringIcNS_11char_traitsIcEENS_9allocatorIcEEE5__repELi0ELb0EE5__getEv)
                  200065dc    0000000c     graphicsClasses.obj (.text:_ZNKSt3__222__compressed_pair_elemIPNS_12basic_stringIcNS_11char_traitsIcEENS_9allocatorIcEEEELi0ELb0EE5__getEv)
                  200065e8    0000000c     graphicsClasses.obj (.text:_ZNKSt3__222__compressed_pair_elemIPNS_6vectorINS_12basic_stringIcNS_11char_traitsIcEENS_9allocatorIcEEEENS5_IS7_EEEELi0ELb0EE5__getEv)
                  200065f4    0000000c     graphicsClasses.obj (.text:_ZNSt3__211char_traitsIcE6lengthEPKc)
                  20006600    0000000c     graphicsClasses.obj (.text:_ZNSt3__213__vector_baseINS_12basic_stringIcNS_11char_traitsIcEENS_9allocatorIcEEEENS4_IS6_EEED2Ev)
                  2000660c    0000000c     graphicsClasses.obj (.text:_ZNSt3__213__vector_baseINS_6vectorINS_12basic_stringIcNS_11char_traitsIcEENS_9allocatorIcEEEENS5_IS7_EEEENS5_IS9_EEEC2Ev)
                  20006618    0000000c     graphicsClasses.obj (.text:_ZNSt3__213__vector_baseINS_6vectorINS_12basic_stringIcNS_11char_traitsIcEENS_9allocatorIcEEEENS5_IS7_EEEENS5_IS9_EEED2Ev)
                  20006624    0000000c     graphicsClasses.obj (.text:_ZNSt3__216__to_raw_pointerINS_12basic_stringIcNS_11char_traitsIcEENS_9allocatorIcEEEEEEPT_S8_)
                  20006630    0000000c     graphicsClasses.obj (.text:_ZNSt3__216__to_raw_pointerINS_6vectorINS_12basic_stringIcNS_11char_traitsIcEENS_9allocatorIcEEEENS5_IS7_EEEEEEPT_SB_)
                  2000663c    0000000c     graphicsClasses.obj (.text:_ZNSt3__217__compressed_pairIPNS_12basic_stringIcNS_11char_traitsIcEENS_9allocatorIcEEEENS4_IS6_EEE6secondEv)
                  20006648    0000000c     graphicsClasses.obj (.text:_ZNSt3__217__compressed_pairIPNS_6vectorINS_12basic_stringIcNS_11char_traitsIcEENS_9allocatorIcEEEENS5_IS7_EEEENS5_IS9_EEE6secondEv)
                  20006654    0000000c     graphicsClasses.obj (.text:_ZNSt3__219__libcpp_deallocateEPv)
                  20006660    0000000c     graphicsClasses.obj (.text:_ZNSt3__222__compressed_pair_elemINS_12basic_stringIcNS_11char_traitsIcEENS_9allocatorIcEEE5__repELi0ELb0EE5__getEv)
                  2000666c    0000000c     graphicsClasses.obj (.text:_ZNSt3__222__compressed_pair_elemINS_9allocatorINS_12basic_stringIcNS_11char_traitsIcEENS1_IcEEEEEELi1ELb1EE5__getEv)
                  20006678    0000000c     graphicsClasses.obj (.text:_ZNSt3__222__compressed_pair_elemINS_9allocatorINS_6vectorINS_12basic_stringIcNS_11char_traitsIcEENS1_IcEEEENS1_IS7_EEEEEELi1ELb1EE5__getEv)
                  20006684    0000000c     graphicsClasses.obj (.text:_ZNSt3__222__compressed_pair_elemINS_9allocatorINS_6vectorINS_12basic_stringIcNS_11char_traitsIcEENS1_IcEEEENS1_IS7_EEEEEELi1ELb1EEC2Ev)
                  20006690    0000000c     graphicsClasses.obj (.text:_ZNSt3__27forwardIDnEEOT_RNS_16remove_referenceIS1_E4typeE)
                  2000669c    0000000c     graphicsClasses.obj (.text:_ZNSt3__29allocatorINS_6vectorINS_12basic_stringIcNS_11char_traitsIcEENS0_IcEEEENS0_IS6_EEEEEC1Ev)
                  200066a8    0000000c     graphicsClasses.obj (.text:_ZNSt3__29allocatorINS_6vectorINS_12basic_stringIcNS_11char_traitsIcEENS0_IcEEEENS0_IS6_EEEEEC2Ev)
                  200066b4    0000000c     rtsv7M4_T_le_v4SPD16_eabi.lib : new.cpp.obj (.text:_ZSt15get_new_handlerv)
                  200066c0    0000000a                                   : string.cpp.obj (.text:_ZNSt3__211char_traitsIcE7compareEPKcS3_j)
                  200066ca    00000008                                   : new.cpp.obj (.text:_ZdlPv)
                  200066d2    00000006     driverlib.a : utils.obj (.text:UtilsDelay)
                  200066d8    00000004     rtsv7M4_T_le_v4SPD16_eabi.lib : string.cpp.obj (.text:_ZNSt3__220__throw_out_of_rangeEPKc)
                  200066dc    00000004                                   : new.cpp.obj (.text:_Znaj)
                  200066e0    00000004                                   : pre_init.c.obj (.text:_system_pre_init)
                  200066e4    00000004                                   : exit.c.obj (.text:abort:abort)

.const     0    200066e8    00000bc2     
                  200066e8    000009f6     LCD.obj (.const:Font)
                  200070de    00000002     --HOLE-- [fill = 0]
                  200070e0    00000100     driverlib.a : pin.obj (.const:g_ulPinToPadMap)
                  200071e0    000000a8                 : prcm.obj (.const:PRCM_PeriphRegsList)
                  20007288    0000000d     rtsv7M4_T_le_v4SPD16_eabi.lib : string.cpp.obj (.const:.string:_ZZNKSt3__221__basic_string_commonILb1EE20__throw_out_of_rangeEvEs)
                  20007295    00000003     --HOLE-- [fill = 0]
                  20007298    0000000c     graphicsClasses.obj (.const:$P$T25$1)
                  200072a4    00000006     graphicsClasses.obj (.const:.string)

.cinit     0    200072b0    00000040     
                  200072b0    00000016     (.cinit..data.load) [load image, compression = lzss]
                  200072c6    00000002     --HOLE-- [fill = 0]
                  200072c8    0000000c     (__TI_handler_table)
                  200072d4    00000004     --HOLE-- [fill = 0]
                  200072d8    00000008     (.cinit..bss.load) [load image, compression = zero_init]
                  200072e0    00000010     (__TI_cinit_table)

.data      0    20017000    00000014     UNINITIALIZED
                  20017000    0000000c     rtsv7M4_T_le_v4SPD16_eabi.lib : memory.c.obj (.data:$O1$$)
                  2001700c    00000008                                   : _lock.c.obj (.data:$O1$$)

.sysmem    0    20017018    00000008     UNINITIALIZED
                  20017018    00000008     rtsv7M4_T_le_v4SPD16_eabi.lib : memory.c.obj (.sysmem)

.bss       0    20017020    00000006     UNINITIALIZED
                  20017020    00000004     rtsv7M4_T_le_v4SPD16_eabi.lib : new.cpp.obj (.bss)
                  20017024    00000001     (.common:g_ucRxBuff)
                  20017025    00000001     (.common:g_ucTxBuff)

.stack     0    2002fae8    00000518     UNINITIALIZED
                  2002fae8    00000004     rtsv7M4_T_le_v4SPD16_eabi.lib : boot_cortex_m.c.obj (.stack)
                  2002faec    00000514     --HOLE--

MODULE SUMMARY

       Module                       code   ro data   rw data
       ------                       ----   -------   -------
    .\
       LCD.obj                      1152   2550      0      
       graphicsClasses.obj          2680   18        0      
       main.obj                     2362   0         0      
       communication.obj            148    0         2      
       pinmux.obj                   96     0         0      
    +--+----------------------------+------+---------+---------+
       Total:                       6438   2568      2      
                                                            
    C:/ti/CC3200SDK_1.3.0/cc3200-sdk/driverlib/ccs/Release/driverlib.a
       prcm.obj                     800    168       0      
       spi.obj                      952    0         0      
       pin.obj                      274    256       0      
       gpio.obj                     86     0         0      
       utils.obj                    6      0         0      
    +--+----------------------------+------+---------+---------+
       Total:                       2118   424       0      
                                                            
    C:\ti\ccsv8\tools\compiler\ti-cgt-arm_18.1.2.LTS\lib\rtsv7M4_T_le_v4SPD16_eabi.lib
       memory.c.obj                 492    0         12     
       string.cpp.obj               206    13        0      
       memcpy_t2.asm.obj            156    0         0      
       vec_newdel.c.obj             154    0         0      
       copy_decompress_lzss.c.obj   104    0         0      
       autoinit.c.obj               68     0         0      
       new.cpp.obj                  58     0         4      
       boot_cortex_m.c.obj          56     0         0      
       memcmp.c.obj                 36     0         0      
       strlen.c.obj                 20     0         0      
       copy_zero_init.c.obj         18     0         0      
       copy_decompress_none.c.obj   14     0         0      
       _lock.c.obj                  2      0         8      
       exit.c.obj                   4      0         0      
       pre_init.c.obj               4      0         0      
       vector.cpp.obj               2      0         0      
    +--+----------------------------+------+---------+---------+
       Total:                       1394   13        24     
                                                            
       Heap:                        0      0         8      
       Stack:                       0      0         1304   
       Linker Generated:            0      58        0      
    +--+----------------------------+------+---------+---------+
       Grand Total:                 9950   3063      1338   


LINKER GENERATED COPY TABLES

__TI_cinit_table @ 200072e0 records: 2, size/record: 8, table size: 16
	.data: load addr=200072b0, load size=00000016 bytes, run addr=20017000, run size=00000014 bytes, compression=lzss
	.bss: load addr=200072d8, load size=00000008 bytes, run addr=20017020, run size=00000006 bytes, compression=zero_init


LINKER GENERATED HANDLER TABLE

__TI_handler_table @ 200072c8 records: 3, size/record: 4, table size: 12
	index: 0, handler: __TI_decompress_lzss
	index: 1, handler: __TI_decompress_none
	index: 2, handler: __TI_zero_init


GLOBAL SYMBOLS: SORTED ALPHABETICALLY BY Name 

address   name                                                                                                                                                                       
-------   ----                                                                                                                                                                       
200066e5  C$$EXIT                                                                                                                                                                    
200060ed  GPIODirModeSet                                                                                                                                                             
20006307  GPIOPinWrite                                                                                                                                                               
20005415  PRCMCC3200MCUInit                                                                                                                                                          
200063cb  PRCMHIBRegRead                                                                                                                                                             
200063e1  PRCMHIBRegWrite                                                                                                                                                            
200061dd  PRCMPeripheralClkDisable                                                                                                                                                   
20006005  PRCMPeripheralClkEnable                                                                                                                                                    
200059f9  PRCMPeripheralClockGet                                                                                                                                                     
20005e69  PRCMPeripheralReset                                                                                                                                                        
200061b1  PRCMSysResetCauseGet                                                                                                                                                       
20005b21  PinConfigSet                                                                                                                                                               
20005f05  PinModeSet                                                                                                                                                                 
20006123  PinTypeGPIO                                                                                                                                                                
20006365  PinTypeSPI                                                                                                                                                                 
200058bd  SPIConfigSetExpClk                                                                                                                                                         
200063b3  SPIEnable                                                                                                                                                                  
200062c3  SPIReset                                                                                                                                                                   
20005ba9  SPITransfer                                                                                                                                                                
200066d3  UtilsDelay                                                                                                                                                                 
20005193  _Z10drawBitmaptttttPhmm                                                                                                                                                    
20005179  _Z10fillScreenm                                                                                                                                                            
20005aef  _Z11SPISendByteh                                                                                                                                                           
20004211  _Z11adminScreenv                                                                                                                                                           
20004421  _Z11setUpAlarmsPc                                                                                                                                                          
200047e1  _Z12alarmRingingv                                                                                                                                                          
20005ac7  _Z12writeCommandh                                                                                                                                                          
20004f95  _Z13InitializeLCDv                                                                                                                                                         
20004055  _Z13welcomeScreenv                                                                                                                                                         
20005adb  _Z14writeParameterh                                                                                                                                                        
20005e09  _Z15SPIPinMuxConfigv                                                                                                                                                       
20005a8d  _Z26InitializeLCDCommunicationv                                                                                                                                            
20004fed  _Z5Delayv                                                                                                                                                                  
20005e49  _Z5SetDCv                                                                                                                                                                  
20004009  _Z5delayv                                                                                                                                                                  
2000505f  _Z5paintm                                                                                                                                                                  
20005e57  _Z7ResetDCv                                                                                                                                                                
200042e9  _Z8enterPinv                                                                                                                                                               
2000507d  _Z8fillRectttttm                                                                                                                                                           
20004613  _Z8homePagev                                                                                                                                                               
2000412f  _Z8setUpPinv                                                                                                                                                               
20004fef  _Z9SetBoundstttt                                                                                                                                                           
2000511d  _Z9drawHLinetttm                                                                                                                                                           
200050fb  _Z9drawPixelttm                                                                                                                                                            
2000514b  _Z9drawVLinetttm                                                                                                                                                           
2000527f  _Z9writeChartttcmm                                                                                                                                                         
200053b1  _Z9writeTexttttPcmm                                                                                                                                                        
20004f5d  _ZN13Clock_displayC1Eii                                                                                                                                                    
20004f5d  _ZN13Clock_displayC2Eii                                                                                                                                                    
20004a25  _ZN6Button14checkWithTitleE7PVectorNSt3__212basic_stringIcNS1_11char_traitsIcEENS1_9allocatorIcEEEE                                                                        
2000499b  _ZN6Button4drawEv                                                                                                                                                          
200049e1  _ZN6Button5checkE7PVector                                                                                                                                                  
20004959  _ZN6ButtonC1EiiiimmPc                                                                                                                                                      
20004959  _ZN6ButtonC2EiiiimmPc                                                                                                                                                      
20006255  _ZN7ElementC1Ev                                                                                                                                                            
20004b5b  _ZN7Nav_bar12createNavBarEv                                                                                                                                                
20004bdd  _ZN7Nav_bar4drawEPc                                                                                                                                                        
20004a81  _ZN7Nav_barC1EiPPc                                                                                                                                                         
20004a81  _ZN7Nav_barC2EiPPc                                                                                                                                                         
2000493d  _ZN7PVectorC1Eii                                                                                                                                                           
2000493d  _ZN7PVectorC2Eii                                                                                                                                                           
20004f13  _ZN8Keyboard17drawColonKeyboardEv                                                                                                                                          
20004eb3  _ZN8Keyboard4drawEv                                                                                                                                                        
20004d99  _ZN8KeyboardC1Ei                                                                                                                                                           
20004c81  _ZN8KeyboardC1Ev                                                                                                                                                           
20004d99  _ZN8KeyboardC2Ei                                                                                                                                                           
20004c81  _ZN8KeyboardC2Ev                                                                                                                                                           
200063f7  _ZNKSt3__212basic_stringIcNS_11char_traitsIcEENS_9allocatorIcEEE4sizeEv                                                                                                    
20005c31  _ZNKSt3__212basic_stringIcNS_11char_traitsIcEENS_9allocatorIcEEE7compareEjjPKcj                                                                                            
2000637f  _ZNKSt3__213__vector_baseINS_12basic_stringIcNS_11char_traitsIcEENS_9allocatorIcEEEENS4_IS6_EEE8capacityEv                                                                 
20006511  _ZNKSt3__213__vector_baseINS_12basic_stringIcNS_11char_traitsIcEENS_9allocatorIcEEEENS4_IS6_EEE9__end_capEv                                                                
20006399  _ZNKSt3__213__vector_baseINS_6vectorINS_12basic_stringIcNS_11char_traitsIcEENS_9allocatorIcEEEENS5_IS7_EEEENS5_IS9_EEE8capacityEv                                          
2000651f  _ZNKSt3__213__vector_baseINS_6vectorINS_12basic_stringIcNS_11char_traitsIcEENS_9allocatorIcEEEENS5_IS7_EEEENS5_IS9_EEE9__end_capEv                                         
200065ab  _ZNKSt3__217__compressed_pairIPNS_12basic_stringIcNS_11char_traitsIcEENS_9allocatorIcEEEENS4_IS6_EEE5firstEv                                                               
200065b7  _ZNKSt3__217__compressed_pairIPNS_6vectorINS_12basic_stringIcNS_11char_traitsIcEENS_9allocatorIcEEEENS5_IS7_EEEENS5_IS9_EEE5firstEv                                        
200065c5  _ZNKSt3__221__basic_string_commonILb1EE20__throw_out_of_rangeEv                                                                                                            
200065d1  _ZNKSt3__222__compressed_pair_elemINS_12basic_stringIcNS_11char_traitsIcEENS_9allocatorIcEEE5__repELi0ELb0EE5__getEv                                                       
200065dd  _ZNKSt3__222__compressed_pair_elemIPNS_12basic_stringIcNS_11char_traitsIcEENS_9allocatorIcEEEELi0ELb0EE5__getEv                                                            
200065e9  _ZNKSt3__222__compressed_pair_elemIPNS_6vectorINS_12basic_stringIcNS_11char_traitsIcEENS_9allocatorIcEEEENS5_IS7_EEEELi0ELb0EE5__getEv                                     
200065f5  _ZNSt3__211char_traitsIcE6lengthEPKc                                                                                                                                       
200066c1  _ZNSt3__211char_traitsIcE7compareEPKcS3_j                                                                                                                                  
20006327  _ZNSt3__212basic_stringIcNS_11char_traitsIcEENS_9allocatorIcEEED1Ev                                                                                                        
20005f45  _ZNSt3__213__vector_baseINS_12basic_stringIcNS_11char_traitsIcEENS_9allocatorIcEEEENS4_IS6_EEE17__destruct_at_endEPS6_                                                     
200064c1  _ZNSt3__213__vector_baseINS_12basic_stringIcNS_11char_traitsIcEENS_9allocatorIcEEEENS4_IS6_EEE5clearEv                                                                     
2000652d  _ZNSt3__213__vector_baseINS_12basic_stringIcNS_11char_traitsIcEENS_9allocatorIcEEEENS4_IS6_EEE7__allocEv                                                                   
20006153  _ZNSt3__213__vector_baseINS_12basic_stringIcNS_11char_traitsIcEENS_9allocatorIcEEEENS4_IS6_EEED1Ev                                                                         
20006601  _ZNSt3__213__vector_baseINS_12basic_stringIcNS_11char_traitsIcEENS_9allocatorIcEEEENS4_IS6_EEED2Ev                                                                         
20005f85  _ZNSt3__213__vector_baseINS_6vectorINS_12basic_stringIcNS_11char_traitsIcEENS_9allocatorIcEEEENS5_IS7_EEEENS5_IS9_EEE17__destruct_at_endEPS9_                              
200064d1  _ZNSt3__213__vector_baseINS_6vectorINS_12basic_stringIcNS_11char_traitsIcEENS_9allocatorIcEEEENS5_IS7_EEEENS5_IS9_EEE5clearEv                                              
2000653b  _ZNSt3__213__vector_baseINS_6vectorINS_12basic_stringIcNS_11char_traitsIcEENS_9allocatorIcEEEENS5_IS7_EEEENS5_IS9_EEE7__allocEv                                            
20006205  _ZNSt3__213__vector_baseINS_6vectorINS_12basic_stringIcNS_11char_traitsIcEENS_9allocatorIcEEEENS5_IS7_EEEENS5_IS9_EEEC1Ev                                                  
2000660d  _ZNSt3__213__vector_baseINS_6vectorINS_12basic_stringIcNS_11char_traitsIcEENS_9allocatorIcEEEENS5_IS7_EEEENS5_IS9_EEEC2Ev                                                  
20006181  _ZNSt3__213__vector_baseINS_6vectorINS_12basic_stringIcNS_11char_traitsIcEENS_9allocatorIcEEEENS5_IS7_EEEENS5_IS9_EEED1Ev                                                  
20006619  _ZNSt3__213__vector_baseINS_6vectorINS_12basic_stringIcNS_11char_traitsIcEENS_9allocatorIcEEEENS5_IS7_EEEENS5_IS9_EEED2Ev                                                  
20006625  _ZNSt3__216__to_raw_pointerINS_12basic_stringIcNS_11char_traitsIcEENS_9allocatorIcEEEEEEPT_S8_                                                                             
20006631  _ZNSt3__216__to_raw_pointerINS_6vectorINS_12basic_stringIcNS_11char_traitsIcEENS_9allocatorIcEEEENS5_IS7_EEEEEEPT_SB_                                                      
20006423  _ZNSt3__216allocator_traitsINS_9allocatorINS_12basic_stringIcNS_11char_traitsIcEENS1_IcEEEEEEE10deallocateERS7_PS6_j                                                       
20006437  _ZNSt3__216allocator_traitsINS_9allocatorINS_12basic_stringIcNS_11char_traitsIcEENS1_IcEEEEEEE7destroyIS6_EEvRS7_PT_                                                       
2000644b  _ZNSt3__216allocator_traitsINS_9allocatorINS_12basic_stringIcNS_11char_traitsIcEENS1_IcEEEEEEE9__destroyIS6_EEvNS_17integral_constantIbLb1EEERS7_PT_                       
2000645f  _ZNSt3__216allocator_traitsINS_9allocatorINS_6vectorINS_12basic_stringIcNS_11char_traitsIcEENS1_IcEEEENS1_IS7_EEEEEEE10deallocateERSA_PS9_j                                
20006473  _ZNSt3__216allocator_traitsINS_9allocatorINS_6vectorINS_12basic_stringIcNS_11char_traitsIcEENS1_IcEEEENS1_IS7_EEEEEEE7destroyIS9_EEvRSA_PT_                                
20006487  _ZNSt3__216allocator_traitsINS_9allocatorINS_6vectorINS_12basic_stringIcNS_11char_traitsIcEENS1_IcEEEENS1_IS7_EEEEEEE9__destroyIS9_EEvNS_17integral_constantIbLb1EEERSA_PT_
2000663d  _ZNSt3__217__compressed_pairIPNS_12basic_stringIcNS_11char_traitsIcEENS_9allocatorIcEEEENS4_IS6_EEE6secondEv                                                               
20006649  _ZNSt3__217__compressed_pairIPNS_6vectorINS_12basic_stringIcNS_11char_traitsIcEENS_9allocatorIcEEEENS5_IS7_EEEENS5_IS9_EEE6secondEv                                        
20006347  _ZNSt3__217__compressed_pairIPNS_6vectorINS_12basic_stringIcNS_11char_traitsIcEENS_9allocatorIcEEEENS5_IS7_EEEENS5_IS9_EEEC1IDnLb1EEEOT_                                   
20006655  _ZNSt3__219__libcpp_deallocateEPv                                                                                                                                          
200066d9  _ZNSt3__220__throw_out_of_rangeEPKc                                                                                                                                        
2000493b  _ZNSt3__220__vector_base_commonILb1EEC2Ev                                                                                                                                  
20006661  _ZNSt3__222__compressed_pair_elemINS_12basic_stringIcNS_11char_traitsIcEENS_9allocatorIcEEE5__repELi0ELb0EE5__getEv                                                        
2000666d  _ZNSt3__222__compressed_pair_elemINS_9allocatorINS_12basic_stringIcNS_11char_traitsIcEENS1_IcEEEEEELi1ELb1EE5__getEv                                                       
20006679  _ZNSt3__222__compressed_pair_elemINS_9allocatorINS_6vectorINS_12basic_stringIcNS_11char_traitsIcEENS1_IcEEEENS1_IS7_EEEEEELi1ELb1EE5__getEv                                
20006549  _ZNSt3__222__compressed_pair_elemINS_9allocatorINS_6vectorINS_12basic_stringIcNS_11char_traitsIcEENS1_IcEEEENS1_IS7_EEEEEELi1ELb1EEC1Ev                                    
20006685  _ZNSt3__222__compressed_pair_elemINS_9allocatorINS_6vectorINS_12basic_stringIcNS_11char_traitsIcEENS1_IcEEEENS1_IS7_EEEEEELi1ELb1EEC2Ev                                    
2000640d  _ZNSt3__222__compressed_pair_elemIPNS_6vectorINS_12basic_stringIcNS_11char_traitsIcEENS_9allocatorIcEEEENS5_IS7_EEEELi0ELb0EEC1IDnvEEOT_                                   
200064e1  _ZNSt3__222__compressed_pair_elemIPNS_6vectorINS_12basic_stringIcNS_11char_traitsIcEENS_9allocatorIcEEEENS5_IS7_EEEELi0ELb0EEC2IDnvEEOT_                                   
20006557  _ZNSt3__26vectorINS0_INS_12basic_stringIcNS_11char_traitsIcEENS_9allocatorIcEEEENS4_IS6_EEEENS4_IS8_EEEC1Ev                                                                
20006565  _ZNSt3__26vectorINS0_INS_12basic_stringIcNS_11char_traitsIcEENS_9allocatorIcEEEENS4_IS6_EEEENS4_IS8_EEED1Ev                                                                
20006573  _ZNSt3__26vectorINS_12basic_stringIcNS_11char_traitsIcEENS_9allocatorIcEEEENS4_IS6_EEED1Ev                                                                                 
20006691  _ZNSt3__27forwardIDnEEOT_RNS_16remove_referenceIS1_E4typeE                                                                                                                 
200064f1  _ZNSt3__29allocatorINS_12basic_stringIcNS_11char_traitsIcEENS0_IcEEEEE10deallocateEPS5_j                                                                                   
20006581  _ZNSt3__29allocatorINS_12basic_stringIcNS_11char_traitsIcEENS0_IcEEEEE7destroyEPS5_                                                                                        
20006501  _ZNSt3__29allocatorINS_6vectorINS_12basic_stringIcNS_11char_traitsIcEENS0_IcEEEENS0_IS6_EEEEE10deallocateEPS8_j                                                            
2000658f  _ZNSt3__29allocatorINS_6vectorINS_12basic_stringIcNS_11char_traitsIcEENS0_IcEEEENS0_IS6_EEEEE7destroyEPS8_                                                                 
2000669d  _ZNSt3__29allocatorINS_6vectorINS_12basic_stringIcNS_11char_traitsIcEENS0_IcEEEENS0_IS6_EEEEEC1Ev                                                                          
200066a9  _ZNSt3__29allocatorINS_6vectorINS_12basic_stringIcNS_11char_traitsIcEENS0_IcEEEENS0_IS6_EEEEEC2Ev                                                                          
20005fc5  _ZNSt3__2eqIcNS_11char_traitsIcEENS_9allocatorIcEEEEbPKT_RKNS_12basic_stringIS5_T0_T1_EE                                                                                   
200066b5  _ZSt15get_new_handlerv                                                                                                                                                     
200066e5  _ZSt17__throw_bad_allocv                                                                                                                                                   
20007288  _ZZNKSt3__221__basic_string_commonILb1EE20__throw_out_of_rangeEvEs                                                                                                         
200066cb  _ZdlPv                                                                                                                                                                     
200066dd  _Znaj                                                                                                                                                                      
200062e5  _Znwj                                                                                                                                                                      
20030000  __STACK_END                                                                                                                                                                
00000518  __STACK_SIZE                                                                                                                                                               
00000008  __SYSMEM_SIZE                                                                                                                                                              
200072e0  __TI_CINIT_Base                                                                                                                                                            
200072f0  __TI_CINIT_Limit                                                                                                                                                           
200072c8  __TI_Handler_Table_Base                                                                                                                                                    
200072d4  __TI_Handler_Table_Limit                                                                                                                                                   
20005ec1  __TI_auto_init_nobinit_nopinit                                                                                                                                             
20005d9f  __TI_decompress_lzss                                                                                                                                                       
2000659d  __TI_decompress_none                                                                                                                                                       
ffffffff  __TI_pprof_out_hndl                                                                                                                                                        
ffffffff  __TI_prof_data_size                                                                                                                                                        
ffffffff  __TI_prof_data_start                                                                                                                                                       
200072b0  __TI_static_base__                                                                                                                                                         
200064af  __TI_zero_init_nomemset                                                                                                                                                    
2000595d  __aeabi_memcpy                                                                                                                                                             
2000595d  __aeabi_memcpy4                                                                                                                                                            
2000595d  __aeabi_memcpy8                                                                                                                                                            
ffffffff  __binit__                                                                                                                                                                  
ffffffff  __c_args__                                                                                                                                                                 
2000627b  __cxa_vec_ctor                                                                                                                                                             
UNDEFED   __mpu_init                                                                                                                                                                 
2002fae8  __stack                                                                                                                                                                    
2000607d  _c_int00_noargs                                                                                                                                                            
2001700c  _lock                                                                                                                                                                      
20004f93  _nop                                                                                                                                                                       
20017018  _sys_memory                                                                                                                                                                
UNDEFED   _system_post_cinit                                                                                                                                                         
200066e1  _system_pre_init                                                                                                                                                           
20017010  _unlock                                                                                                                                                                    
200066e5  abort                                                                                                                                                                      
ffffffff  binit                                                                                                                                                                      
2000558d  free                                                                                                                                                                       
20017024  g_ucRxBuff                                                                                                                                                                 
20017025  g_ucTxBuff                                                                                                                                                                 
2000402b  main                                                                                                                                                                       
20005cb1  malloc                                                                                                                                                                     
2000629f  memcmp                                                                                                                                                                     
2000595d  memcpy                                                                                                                                                                     
200060b5  minit                                                                                                                                                                      
2000649b  strlen                                                                                                                                                                     


GLOBAL SYMBOLS: SORTED BY Symbol Address 

address   name                                                                                                                                                                       
-------   ----                                                                                                                                                                       
00000008  __SYSMEM_SIZE                                                                                                                                                              
00000518  __STACK_SIZE                                                                                                                                                               
20004009  _Z5delayv                                                                                                                                                                  
2000402b  main                                                                                                                                                                       
20004055  _Z13welcomeScreenv                                                                                                                                                         
2000412f  _Z8setUpPinv                                                                                                                                                               
20004211  _Z11adminScreenv                                                                                                                                                           
200042e9  _Z8enterPinv                                                                                                                                                               
20004421  _Z11setUpAlarmsPc                                                                                                                                                          
20004613  _Z8homePagev                                                                                                                                                               
200047e1  _Z12alarmRingingv                                                                                                                                                          
2000493b  _ZNSt3__220__vector_base_commonILb1EEC2Ev                                                                                                                                  
2000493d  _ZN7PVectorC1Eii                                                                                                                                                           
2000493d  _ZN7PVectorC2Eii                                                                                                                                                           
20004959  _ZN6ButtonC1EiiiimmPc                                                                                                                                                      
20004959  _ZN6ButtonC2EiiiimmPc                                                                                                                                                      
2000499b  _ZN6Button4drawEv                                                                                                                                                          
200049e1  _ZN6Button5checkE7PVector                                                                                                                                                  
20004a25  _ZN6Button14checkWithTitleE7PVectorNSt3__212basic_stringIcNS1_11char_traitsIcEENS1_9allocatorIcEEEE                                                                        
20004a81  _ZN7Nav_barC1EiPPc                                                                                                                                                         
20004a81  _ZN7Nav_barC2EiPPc                                                                                                                                                         
20004b5b  _ZN7Nav_bar12createNavBarEv                                                                                                                                                
20004bdd  _ZN7Nav_bar4drawEPc                                                                                                                                                        
20004c81  _ZN8KeyboardC1Ev                                                                                                                                                           
20004c81  _ZN8KeyboardC2Ev                                                                                                                                                           
20004d99  _ZN8KeyboardC1Ei                                                                                                                                                           
20004d99  _ZN8KeyboardC2Ei                                                                                                                                                           
20004eb3  _ZN8Keyboard4drawEv                                                                                                                                                        
20004f13  _ZN8Keyboard17drawColonKeyboardEv                                                                                                                                          
20004f5d  _ZN13Clock_displayC1Eii                                                                                                                                                    
20004f5d  _ZN13Clock_displayC2Eii                                                                                                                                                    
20004f93  _nop                                                                                                                                                                       
20004f95  _Z13InitializeLCDv                                                                                                                                                         
20004fed  _Z5Delayv                                                                                                                                                                  
20004fef  _Z9SetBoundstttt                                                                                                                                                           
2000505f  _Z5paintm                                                                                                                                                                  
2000507d  _Z8fillRectttttm                                                                                                                                                           
200050fb  _Z9drawPixelttm                                                                                                                                                            
2000511d  _Z9drawHLinetttm                                                                                                                                                           
2000514b  _Z9drawVLinetttm                                                                                                                                                           
20005179  _Z10fillScreenm                                                                                                                                                            
20005193  _Z10drawBitmaptttttPhmm                                                                                                                                                    
2000527f  _Z9writeChartttcmm                                                                                                                                                         
200053b1  _Z9writeTexttttPcmm                                                                                                                                                        
20005415  PRCMCC3200MCUInit                                                                                                                                                          
2000558d  free                                                                                                                                                                       
200058bd  SPIConfigSetExpClk                                                                                                                                                         
2000595d  __aeabi_memcpy                                                                                                                                                             
2000595d  __aeabi_memcpy4                                                                                                                                                            
2000595d  __aeabi_memcpy8                                                                                                                                                            
2000595d  memcpy                                                                                                                                                                     
200059f9  PRCMPeripheralClockGet                                                                                                                                                     
20005a8d  _Z26InitializeLCDCommunicationv                                                                                                                                            
20005ac7  _Z12writeCommandh                                                                                                                                                          
20005adb  _Z14writeParameterh                                                                                                                                                        
20005aef  _Z11SPISendByteh                                                                                                                                                           
20005b21  PinConfigSet                                                                                                                                                               
20005ba9  SPITransfer                                                                                                                                                                
20005c31  _ZNKSt3__212basic_stringIcNS_11char_traitsIcEENS_9allocatorIcEEE7compareEjjPKcj                                                                                            
20005cb1  malloc                                                                                                                                                                     
20005d9f  __TI_decompress_lzss                                                                                                                                                       
20005e09  _Z15SPIPinMuxConfigv                                                                                                                                                       
20005e49  _Z5SetDCv                                                                                                                                                                  
20005e57  _Z7ResetDCv                                                                                                                                                                
20005e69  PRCMPeripheralReset                                                                                                                                                        
20005ec1  __TI_auto_init_nobinit_nopinit                                                                                                                                             
20005f05  PinModeSet                                                                                                                                                                 
20005f45  _ZNSt3__213__vector_baseINS_12basic_stringIcNS_11char_traitsIcEENS_9allocatorIcEEEENS4_IS6_EEE17__destruct_at_endEPS6_                                                     
20005f85  _ZNSt3__213__vector_baseINS_6vectorINS_12basic_stringIcNS_11char_traitsIcEENS_9allocatorIcEEEENS5_IS7_EEEENS5_IS9_EEE17__destruct_at_endEPS9_                              
20005fc5  _ZNSt3__2eqIcNS_11char_traitsIcEENS_9allocatorIcEEEEbPKT_RKNS_12basic_stringIS5_T0_T1_EE                                                                                   
20006005  PRCMPeripheralClkEnable                                                                                                                                                    
2000607d  _c_int00_noargs                                                                                                                                                            
200060b5  minit                                                                                                                                                                      
200060ed  GPIODirModeSet                                                                                                                                                             
20006123  PinTypeGPIO                                                                                                                                                                
20006153  _ZNSt3__213__vector_baseINS_12basic_stringIcNS_11char_traitsIcEENS_9allocatorIcEEEENS4_IS6_EEED1Ev                                                                         
20006181  _ZNSt3__213__vector_baseINS_6vectorINS_12basic_stringIcNS_11char_traitsIcEENS_9allocatorIcEEEENS5_IS7_EEEENS5_IS9_EEED1Ev                                                  
200061b1  PRCMSysResetCauseGet                                                                                                                                                       
200061dd  PRCMPeripheralClkDisable                                                                                                                                                   
20006205  _ZNSt3__213__vector_baseINS_6vectorINS_12basic_stringIcNS_11char_traitsIcEENS_9allocatorIcEEEENS5_IS7_EEEENS5_IS9_EEEC1Ev                                                  
20006255  _ZN7ElementC1Ev                                                                                                                                                            
2000627b  __cxa_vec_ctor                                                                                                                                                             
2000629f  memcmp                                                                                                                                                                     
200062c3  SPIReset                                                                                                                                                                   
200062e5  _Znwj                                                                                                                                                                      
20006307  GPIOPinWrite                                                                                                                                                               
20006327  _ZNSt3__212basic_stringIcNS_11char_traitsIcEENS_9allocatorIcEEED1Ev                                                                                                        
20006347  _ZNSt3__217__compressed_pairIPNS_6vectorINS_12basic_stringIcNS_11char_traitsIcEENS_9allocatorIcEEEENS5_IS7_EEEENS5_IS9_EEEC1IDnLb1EEEOT_                                   
20006365  PinTypeSPI                                                                                                                                                                 
2000637f  _ZNKSt3__213__vector_baseINS_12basic_stringIcNS_11char_traitsIcEENS_9allocatorIcEEEENS4_IS6_EEE8capacityEv                                                                 
20006399  _ZNKSt3__213__vector_baseINS_6vectorINS_12basic_stringIcNS_11char_traitsIcEENS_9allocatorIcEEEENS5_IS7_EEEENS5_IS9_EEE8capacityEv                                          
200063b3  SPIEnable                                                                                                                                                                  
200063cb  PRCMHIBRegRead                                                                                                                                                             
200063e1  PRCMHIBRegWrite                                                                                                                                                            
200063f7  _ZNKSt3__212basic_stringIcNS_11char_traitsIcEENS_9allocatorIcEEE4sizeEv                                                                                                    
2000640d  _ZNSt3__222__compressed_pair_elemIPNS_6vectorINS_12basic_stringIcNS_11char_traitsIcEENS_9allocatorIcEEEENS5_IS7_EEEELi0ELb0EEC1IDnvEEOT_                                   
20006423  _ZNSt3__216allocator_traitsINS_9allocatorINS_12basic_stringIcNS_11char_traitsIcEENS1_IcEEEEEEE10deallocateERS7_PS6_j                                                       
20006437  _ZNSt3__216allocator_traitsINS_9allocatorINS_12basic_stringIcNS_11char_traitsIcEENS1_IcEEEEEEE7destroyIS6_EEvRS7_PT_                                                       
2000644b  _ZNSt3__216allocator_traitsINS_9allocatorINS_12basic_stringIcNS_11char_traitsIcEENS1_IcEEEEEEE9__destroyIS6_EEvNS_17integral_constantIbLb1EEERS7_PT_                       
2000645f  _ZNSt3__216allocator_traitsINS_9allocatorINS_6vectorINS_12basic_stringIcNS_11char_traitsIcEENS1_IcEEEENS1_IS7_EEEEEEE10deallocateERSA_PS9_j                                
20006473  _ZNSt3__216allocator_traitsINS_9allocatorINS_6vectorINS_12basic_stringIcNS_11char_traitsIcEENS1_IcEEEENS1_IS7_EEEEEEE7destroyIS9_EEvRSA_PT_                                
20006487  _ZNSt3__216allocator_traitsINS_9allocatorINS_6vectorINS_12basic_stringIcNS_11char_traitsIcEENS1_IcEEEENS1_IS7_EEEEEEE9__destroyIS9_EEvNS_17integral_constantIbLb1EEERSA_PT_
2000649b  strlen                                                                                                                                                                     
200064af  __TI_zero_init_nomemset                                                                                                                                                    
200064c1  _ZNSt3__213__vector_baseINS_12basic_stringIcNS_11char_traitsIcEENS_9allocatorIcEEEENS4_IS6_EEE5clearEv                                                                     
200064d1  _ZNSt3__213__vector_baseINS_6vectorINS_12basic_stringIcNS_11char_traitsIcEENS_9allocatorIcEEEENS5_IS7_EEEENS5_IS9_EEE5clearEv                                              
200064e1  _ZNSt3__222__compressed_pair_elemIPNS_6vectorINS_12basic_stringIcNS_11char_traitsIcEENS_9allocatorIcEEEENS5_IS7_EEEELi0ELb0EEC2IDnvEEOT_                                   
200064f1  _ZNSt3__29allocatorINS_12basic_stringIcNS_11char_traitsIcEENS0_IcEEEEE10deallocateEPS5_j                                                                                   
20006501  _ZNSt3__29allocatorINS_6vectorINS_12basic_stringIcNS_11char_traitsIcEENS0_IcEEEENS0_IS6_EEEEE10deallocateEPS8_j                                                            
20006511  _ZNKSt3__213__vector_baseINS_12basic_stringIcNS_11char_traitsIcEENS_9allocatorIcEEEENS4_IS6_EEE9__end_capEv                                                                
2000651f  _ZNKSt3__213__vector_baseINS_6vectorINS_12basic_stringIcNS_11char_traitsIcEENS_9allocatorIcEEEENS5_IS7_EEEENS5_IS9_EEE9__end_capEv                                         
2000652d  _ZNSt3__213__vector_baseINS_12basic_stringIcNS_11char_traitsIcEENS_9allocatorIcEEEENS4_IS6_EEE7__allocEv                                                                   
2000653b  _ZNSt3__213__vector_baseINS_6vectorINS_12basic_stringIcNS_11char_traitsIcEENS_9allocatorIcEEEENS5_IS7_EEEENS5_IS9_EEE7__allocEv                                            
20006549  _ZNSt3__222__compressed_pair_elemINS_9allocatorINS_6vectorINS_12basic_stringIcNS_11char_traitsIcEENS1_IcEEEENS1_IS7_EEEEEELi1ELb1EEC1Ev                                    
20006557  _ZNSt3__26vectorINS0_INS_12basic_stringIcNS_11char_traitsIcEENS_9allocatorIcEEEENS4_IS6_EEEENS4_IS8_EEEC1Ev                                                                
20006565  _ZNSt3__26vectorINS0_INS_12basic_stringIcNS_11char_traitsIcEENS_9allocatorIcEEEENS4_IS6_EEEENS4_IS8_EEED1Ev                                                                
20006573  _ZNSt3__26vectorINS_12basic_stringIcNS_11char_traitsIcEENS_9allocatorIcEEEENS4_IS6_EEED1Ev                                                                                 
20006581  _ZNSt3__29allocatorINS_12basic_stringIcNS_11char_traitsIcEENS0_IcEEEEE7destroyEPS5_                                                                                        
2000658f  _ZNSt3__29allocatorINS_6vectorINS_12basic_stringIcNS_11char_traitsIcEENS0_IcEEEENS0_IS6_EEEEE7destroyEPS8_                                                                 
2000659d  __TI_decompress_none                                                                                                                                                       
200065ab  _ZNKSt3__217__compressed_pairIPNS_12basic_stringIcNS_11char_traitsIcEENS_9allocatorIcEEEENS4_IS6_EEE5firstEv                                                               
200065b7  _ZNKSt3__217__compressed_pairIPNS_6vectorINS_12basic_stringIcNS_11char_traitsIcEENS_9allocatorIcEEEENS5_IS7_EEEENS5_IS9_EEE5firstEv                                        
200065c5  _ZNKSt3__221__basic_string_commonILb1EE20__throw_out_of_rangeEv                                                                                                            
200065d1  _ZNKSt3__222__compressed_pair_elemINS_12basic_stringIcNS_11char_traitsIcEENS_9allocatorIcEEE5__repELi0ELb0EE5__getEv                                                       
200065dd  _ZNKSt3__222__compressed_pair_elemIPNS_12basic_stringIcNS_11char_traitsIcEENS_9allocatorIcEEEELi0ELb0EE5__getEv                                                            
200065e9  _ZNKSt3__222__compressed_pair_elemIPNS_6vectorINS_12basic_stringIcNS_11char_traitsIcEENS_9allocatorIcEEEENS5_IS7_EEEELi0ELb0EE5__getEv                                     
200065f5  _ZNSt3__211char_traitsIcE6lengthEPKc                                                                                                                                       
20006601  _ZNSt3__213__vector_baseINS_12basic_stringIcNS_11char_traitsIcEENS_9allocatorIcEEEENS4_IS6_EEED2Ev                                                                         
2000660d  _ZNSt3__213__vector_baseINS_6vectorINS_12basic_stringIcNS_11char_traitsIcEENS_9allocatorIcEEEENS5_IS7_EEEENS5_IS9_EEEC2Ev                                                  
20006619  _ZNSt3__213__vector_baseINS_6vectorINS_12basic_stringIcNS_11char_traitsIcEENS_9allocatorIcEEEENS5_IS7_EEEENS5_IS9_EEED2Ev                                                  
20006625  _ZNSt3__216__to_raw_pointerINS_12basic_stringIcNS_11char_traitsIcEENS_9allocatorIcEEEEEEPT_S8_                                                                             
20006631  _ZNSt3__216__to_raw_pointerINS_6vectorINS_12basic_stringIcNS_11char_traitsIcEENS_9allocatorIcEEEENS5_IS7_EEEEEEPT_SB_                                                      
2000663d  _ZNSt3__217__compressed_pairIPNS_12basic_stringIcNS_11char_traitsIcEENS_9allocatorIcEEEENS4_IS6_EEE6secondEv                                                               
20006649  _ZNSt3__217__compressed_pairIPNS_6vectorINS_12basic_stringIcNS_11char_traitsIcEENS_9allocatorIcEEEENS5_IS7_EEEENS5_IS9_EEE6secondEv                                        
20006655  _ZNSt3__219__libcpp_deallocateEPv                                                                                                                                          
20006661  _ZNSt3__222__compressed_pair_elemINS_12basic_stringIcNS_11char_traitsIcEENS_9allocatorIcEEE5__repELi0ELb0EE5__getEv                                                        
2000666d  _ZNSt3__222__compressed_pair_elemINS_9allocatorINS_12basic_stringIcNS_11char_traitsIcEENS1_IcEEEEEELi1ELb1EE5__getEv                                                       
20006679  _ZNSt3__222__compressed_pair_elemINS_9allocatorINS_6vectorINS_12basic_stringIcNS_11char_traitsIcEENS1_IcEEEENS1_IS7_EEEEEELi1ELb1EE5__getEv                                
20006685  _ZNSt3__222__compressed_pair_elemINS_9allocatorINS_6vectorINS_12basic_stringIcNS_11char_traitsIcEENS1_IcEEEENS1_IS7_EEEEEELi1ELb1EEC2Ev                                    
20006691  _ZNSt3__27forwardIDnEEOT_RNS_16remove_referenceIS1_E4typeE                                                                                                                 
2000669d  _ZNSt3__29allocatorINS_6vectorINS_12basic_stringIcNS_11char_traitsIcEENS0_IcEEEENS0_IS6_EEEEEC1Ev                                                                          
200066a9  _ZNSt3__29allocatorINS_6vectorINS_12basic_stringIcNS_11char_traitsIcEENS0_IcEEEENS0_IS6_EEEEEC2Ev                                                                          
200066b5  _ZSt15get_new_handlerv                                                                                                                                                     
200066c1  _ZNSt3__211char_traitsIcE7compareEPKcS3_j                                                                                                                                  
200066cb  _ZdlPv                                                                                                                                                                     
200066d3  UtilsDelay                                                                                                                                                                 
200066d9  _ZNSt3__220__throw_out_of_rangeEPKc                                                                                                                                        
200066dd  _Znaj                                                                                                                                                                      
200066e1  _system_pre_init                                                                                                                                                           
200066e5  C$$EXIT                                                                                                                                                                    
200066e5  _ZSt17__throw_bad_allocv                                                                                                                                                   
200066e5  abort                                                                                                                                                                      
20007288  _ZZNKSt3__221__basic_string_commonILb1EE20__throw_out_of_rangeEvEs                                                                                                         
200072b0  __TI_static_base__                                                                                                                                                         
200072c8  __TI_Handler_Table_Base                                                                                                                                                    
200072d4  __TI_Handler_Table_Limit                                                                                                                                                   
200072e0  __TI_CINIT_Base                                                                                                                                                            
200072f0  __TI_CINIT_Limit                                                                                                                                                           
2001700c  _lock                                                                                                                                                                      
20017010  _unlock                                                                                                                                                                    
20017018  _sys_memory                                                                                                                                                                
20017024  g_ucRxBuff                                                                                                                                                                 
20017025  g_ucTxBuff                                                                                                                                                                 
2002fae8  __stack                                                                                                                                                                    
20030000  __STACK_END                                                                                                                                                                
ffffffff  __TI_pprof_out_hndl                                                                                                                                                        
ffffffff  __TI_prof_data_size                                                                                                                                                        
ffffffff  __TI_prof_data_start                                                                                                                                                       
ffffffff  __binit__                                                                                                                                                                  
ffffffff  __c_args__                                                                                                                                                                 
ffffffff  binit                                                                                                                                                                      
UNDEFED   __mpu_init                                                                                                                                                                 
UNDEFED   _system_post_cinit                                                                                                                                                         

[173 symbols]
