<?xml version="1.0" encoding="ISO-8859-1" ?>
<link_info>
   <banner>TI ARM Linker PC v18.1.2.LTS</banner>
   <copyright>Copyright (c) 1996-2017 Texas Instruments Incorporated</copyright>
   <link_time>0x5bede2e6</link_time>
   <link_errors>0x0</link_errors>
   <output_file>LCDGraphics.out</output_file>
   <entry_point>
      <name>_c_int00_noargs</name>
      <address>0x2000607d</address>
   </entry_point>
   <input_file_list>
      <input_file id="fl-2">
         <path>.\</path>
         <kind>object</kind>
         <file>LCD.obj</file>
         <name>LCD.obj</name>
      </input_file>
      <input_file id="fl-3">
         <path>.\</path>
         <kind>object</kind>
         <file>communication.obj</file>
         <name>communication.obj</name>
      </input_file>
      <input_file id="fl-4">
         <path>.\</path>
         <kind>object</kind>
         <file>graphicsClasses.obj</file>
         <name>graphicsClasses.obj</name>
      </input_file>
      <input_file id="fl-5">
         <path>.\</path>
         <kind>object</kind>
         <file>main.obj</file>
         <name>main.obj</name>
      </input_file>
      <input_file id="fl-6">
         <path>.\</path>
         <kind>object</kind>
         <file>pinmux.obj</file>
         <name>pinmux.obj</name>
      </input_file>
      <input_file id="fl-d">
         <kind>object</kind>
         <file>&lt;internal&gt;</file>
         <name>&lt;internal&gt;</name>
      </input_file>
      <input_file id="fl-e">
         <path>C:\ti\CC3200SDK_1.3.0\cc3200-sdk\driverlib\ccs\Release\</path>
         <kind>archive</kind>
         <file>driverlib.a</file>
         <name>gpio.obj</name>
      </input_file>
      <input_file id="fl-f">
         <path>C:\ti\CC3200SDK_1.3.0\cc3200-sdk\driverlib\ccs\Release\</path>
         <kind>archive</kind>
         <file>driverlib.a</file>
         <name>interrupt.obj</name>
      </input_file>
      <input_file id="fl-10">
         <path>C:\ti\CC3200SDK_1.3.0\cc3200-sdk\driverlib\ccs\Release\</path>
         <kind>archive</kind>
         <file>driverlib.a</file>
         <name>pin.obj</name>
      </input_file>
      <input_file id="fl-11">
         <path>C:\ti\CC3200SDK_1.3.0\cc3200-sdk\driverlib\ccs\Release\</path>
         <kind>archive</kind>
         <file>driverlib.a</file>
         <name>prcm.obj</name>
      </input_file>
      <input_file id="fl-12">
         <path>C:\ti\CC3200SDK_1.3.0\cc3200-sdk\driverlib\ccs\Release\</path>
         <kind>archive</kind>
         <file>driverlib.a</file>
         <name>spi.obj</name>
      </input_file>
      <input_file id="fl-13">
         <path>C:\ti\CC3200SDK_1.3.0\cc3200-sdk\driverlib\ccs\Release\</path>
         <kind>archive</kind>
         <file>driverlib.a</file>
         <name>utils.obj</name>
      </input_file>
      <input_file id="fl-14">
         <path>C:\ti\CC3200SDK_1.3.0\cc3200-sdk\driverlib\ccs\Release\</path>
         <kind>archive</kind>
         <file>driverlib.a</file>
         <name>cpu.obj</name>
      </input_file>
      <input_file id="fl-15">
         <path>C:\ti\CC3200SDK_1.3.0\cc3200-sdk\driverlib\ccs\Release\</path>
         <kind>archive</kind>
         <file>driverlib.a</file>
         <name>flash.obj</name>
      </input_file>
      <input_file id="fl-cb">
         <path>C:\ti\ccsv8\tools\compiler\ti-cgt-arm_18.1.2.LTS\lib\</path>
         <kind>archive</kind>
         <file>rtsv7M4_T_le_v4SPD16_eabi.lib</file>
         <name>new.cpp.obj</name>
      </input_file>
      <input_file id="fl-cc">
         <path>C:\ti\ccsv8\tools\compiler\ti-cgt-arm_18.1.2.LTS\lib\</path>
         <kind>archive</kind>
         <file>rtsv7M4_T_le_v4SPD16_eabi.lib</file>
         <name>string.cpp.obj</name>
      </input_file>
      <input_file id="fl-cd">
         <path>C:\ti\ccsv8\tools\compiler\ti-cgt-arm_18.1.2.LTS\lib\</path>
         <kind>archive</kind>
         <file>rtsv7M4_T_le_v4SPD16_eabi.lib</file>
         <name>vector.cpp.obj</name>
      </input_file>
      <input_file id="fl-ce">
         <path>C:\ti\ccsv8\tools\compiler\ti-cgt-arm_18.1.2.LTS\lib\</path>
         <kind>archive</kind>
         <file>rtsv7M4_T_le_v4SPD16_eabi.lib</file>
         <name>vec_newdel.c.obj</name>
      </input_file>
      <input_file id="fl-cf">
         <path>C:\ti\ccsv8\tools\compiler\ti-cgt-arm_18.1.2.LTS\lib\</path>
         <kind>archive</kind>
         <file>rtsv7M4_T_le_v4SPD16_eabi.lib</file>
         <name>wcslen.c.obj</name>
      </input_file>
      <input_file id="fl-d0">
         <path>C:\ti\ccsv8\tools\compiler\ti-cgt-arm_18.1.2.LTS\lib\</path>
         <kind>archive</kind>
         <file>rtsv7M4_T_le_v4SPD16_eabi.lib</file>
         <name>wmemchr.c.obj</name>
      </input_file>
      <input_file id="fl-d1">
         <path>C:\ti\ccsv8\tools\compiler\ti-cgt-arm_18.1.2.LTS\lib\</path>
         <kind>archive</kind>
         <file>rtsv7M4_T_le_v4SPD16_eabi.lib</file>
         <name>wmemcmp.c.obj</name>
      </input_file>
      <input_file id="fl-d2">
         <path>C:\ti\ccsv8\tools\compiler\ti-cgt-arm_18.1.2.LTS\lib\</path>
         <kind>archive</kind>
         <file>rtsv7M4_T_le_v4SPD16_eabi.lib</file>
         <name>wmemmove.c.obj</name>
      </input_file>
      <input_file id="fl-d3">
         <path>C:\ti\ccsv8\tools\compiler\ti-cgt-arm_18.1.2.LTS\lib\</path>
         <kind>archive</kind>
         <file>rtsv7M4_T_le_v4SPD16_eabi.lib</file>
         <name>wmemset.c.obj</name>
      </input_file>
      <input_file id="fl-d4">
         <path>C:\ti\ccsv8\tools\compiler\ti-cgt-arm_18.1.2.LTS\lib\</path>
         <kind>archive</kind>
         <file>rtsv7M4_T_le_v4SPD16_eabi.lib</file>
         <name>wcstof.c.obj</name>
      </input_file>
      <input_file id="fl-d5">
         <path>C:\ti\ccsv8\tools\compiler\ti-cgt-arm_18.1.2.LTS\lib\</path>
         <kind>archive</kind>
         <file>rtsv7M4_T_le_v4SPD16_eabi.lib</file>
         <name>wcstod.c.obj</name>
      </input_file>
      <input_file id="fl-d6">
         <path>C:\ti\ccsv8\tools\compiler\ti-cgt-arm_18.1.2.LTS\lib\</path>
         <kind>archive</kind>
         <file>rtsv7M4_T_le_v4SPD16_eabi.lib</file>
         <name>wcstold.c.obj</name>
      </input_file>
      <input_file id="fl-d7">
         <path>C:\ti\ccsv8\tools\compiler\ti-cgt-arm_18.1.2.LTS\lib\</path>
         <kind>archive</kind>
         <file>rtsv7M4_T_le_v4SPD16_eabi.lib</file>
         <name>wcstol.c.obj</name>
      </input_file>
      <input_file id="fl-d8">
         <path>C:\ti\ccsv8\tools\compiler\ti-cgt-arm_18.1.2.LTS\lib\</path>
         <kind>archive</kind>
         <file>rtsv7M4_T_le_v4SPD16_eabi.lib</file>
         <name>wcstoul.c.obj</name>
      </input_file>
      <input_file id="fl-d9">
         <path>C:\ti\ccsv8\tools\compiler\ti-cgt-arm_18.1.2.LTS\lib\</path>
         <kind>archive</kind>
         <file>rtsv7M4_T_le_v4SPD16_eabi.lib</file>
         <name>wcstoll.c.obj</name>
      </input_file>
      <input_file id="fl-da">
         <path>C:\ti\ccsv8\tools\compiler\ti-cgt-arm_18.1.2.LTS\lib\</path>
         <kind>archive</kind>
         <file>rtsv7M4_T_le_v4SPD16_eabi.lib</file>
         <name>wcstoull.c.obj</name>
      </input_file>
      <input_file id="fl-db">
         <path>C:\ti\ccsv8\tools\compiler\ti-cgt-arm_18.1.2.LTS\lib\</path>
         <kind>archive</kind>
         <file>rtsv7M4_T_le_v4SPD16_eabi.lib</file>
         <name>swprintf.c.obj</name>
      </input_file>
      <input_file id="fl-dc">
         <path>C:\ti\ccsv8\tools\compiler\ti-cgt-arm_18.1.2.LTS\lib\</path>
         <kind>archive</kind>
         <file>rtsv7M4_T_le_v4SPD16_eabi.lib</file>
         <name>wmemcpy.c.obj</name>
      </input_file>
      <input_file id="fl-dd">
         <path>C:\ti\ccsv8\tools\compiler\ti-cgt-arm_18.1.2.LTS\lib\</path>
         <kind>archive</kind>
         <file>rtsv7M4_T_le_v4SPD16_eabi.lib</file>
         <name>none_mb.c.obj</name>
      </input_file>
      <input_file id="fl-de">
         <path>C:\ti\ccsv8\tools\compiler\ti-cgt-arm_18.1.2.LTS\lib\</path>
         <kind>archive</kind>
         <file>rtsv7M4_T_le_v4SPD16_eabi.lib</file>
         <name>vswprintf.c.obj</name>
      </input_file>
      <input_file id="fl-df">
         <path>C:\ti\ccsv8\tools\compiler\ti-cgt-arm_18.1.2.LTS\lib\</path>
         <kind>archive</kind>
         <file>rtsv7M4_T_le_v4SPD16_eabi.lib</file>
         <name>u_divt2.asm.obj</name>
      </input_file>
      <input_file id="fl-e0">
         <path>C:\ti\ccsv8\tools\compiler\ti-cgt-arm_18.1.2.LTS\lib\</path>
         <kind>archive</kind>
         <file>rtsv7M4_T_le_v4SPD16_eabi.lib</file>
         <name>memset_t2.asm.obj</name>
      </input_file>
      <input_file id="fl-e1">
         <path>C:\ti\ccsv8\tools\compiler\ti-cgt-arm_18.1.2.LTS\lib\</path>
         <kind>archive</kind>
         <file>rtsv7M4_T_le_v4SPD16_eabi.lib</file>
         <name>fs_tod_t2.asm.obj</name>
      </input_file>
      <input_file id="fl-e2">
         <path>C:\ti\ccsv8\tools\compiler\ti-cgt-arm_18.1.2.LTS\lib\</path>
         <kind>archive</kind>
         <file>rtsv7M4_T_le_v4SPD16_eabi.lib</file>
         <name>ll_mul_t2.asm.obj</name>
      </input_file>
      <input_file id="fl-e3">
         <path>C:\ti\ccsv8\tools\compiler\ti-cgt-arm_18.1.2.LTS\lib\</path>
         <kind>archive</kind>
         <file>rtsv7M4_T_le_v4SPD16_eabi.lib</file>
         <name>memcpy_t2.asm.obj</name>
      </input_file>
      <input_file id="fl-e4">
         <path>C:\ti\ccsv8\tools\compiler\ti-cgt-arm_18.1.2.LTS\lib\</path>
         <kind>archive</kind>
         <file>rtsv7M4_T_le_v4SPD16_eabi.lib</file>
         <name>ull_div_t2.asm.obj</name>
      </input_file>
      <input_file id="fl-e5">
         <path>C:\ti\ccsv8\tools\compiler\ti-cgt-arm_18.1.2.LTS\lib\</path>
         <kind>archive</kind>
         <file>rtsv7M4_T_le_v4SPD16_eabi.lib</file>
         <name>copy_zero_init.c.obj</name>
      </input_file>
      <input_file id="fl-e6">
         <path>C:\ti\ccsv8\tools\compiler\ti-cgt-arm_18.1.2.LTS\lib\</path>
         <kind>archive</kind>
         <file>rtsv7M4_T_le_v4SPD16_eabi.lib</file>
         <name>copy_decompress_none.c.obj</name>
      </input_file>
      <input_file id="fl-e7">
         <path>C:\ti\ccsv8\tools\compiler\ti-cgt-arm_18.1.2.LTS\lib\</path>
         <kind>archive</kind>
         <file>rtsv7M4_T_le_v4SPD16_eabi.lib</file>
         <name>copy_decompress_lzss.c.obj</name>
      </input_file>
      <input_file id="fl-e8">
         <path>C:\ti\ccsv8\tools\compiler\ti-cgt-arm_18.1.2.LTS\lib\</path>
         <kind>archive</kind>
         <file>rtsv7M4_T_le_v4SPD16_eabi.lib</file>
         <name>boot_cortex_m.c.obj</name>
      </input_file>
      <input_file id="fl-e9">
         <path>C:\ti\ccsv8\tools\compiler\ti-cgt-arm_18.1.2.LTS\lib\</path>
         <kind>archive</kind>
         <file>rtsv7M4_T_le_v4SPD16_eabi.lib</file>
         <name>errno.c.obj</name>
      </input_file>
      <input_file id="fl-ea">
         <path>C:\ti\ccsv8\tools\compiler\ti-cgt-arm_18.1.2.LTS\lib\</path>
         <kind>archive</kind>
         <file>rtsv7M4_T_le_v4SPD16_eabi.lib</file>
         <name>exit.c.obj</name>
      </input_file>
      <input_file id="fl-eb">
         <path>C:\ti\ccsv8\tools\compiler\ti-cgt-arm_18.1.2.LTS\lib\</path>
         <kind>archive</kind>
         <file>rtsv7M4_T_le_v4SPD16_eabi.lib</file>
         <name>memory.c.obj</name>
      </input_file>
      <input_file id="fl-ec">
         <path>C:\ti\ccsv8\tools\compiler\ti-cgt-arm_18.1.2.LTS\lib\</path>
         <kind>archive</kind>
         <file>rtsv7M4_T_le_v4SPD16_eabi.lib</file>
         <name>_lock.c.obj</name>
      </input_file>
      <input_file id="fl-ed">
         <path>C:\ti\ccsv8\tools\compiler\ti-cgt-arm_18.1.2.LTS\lib\</path>
         <kind>archive</kind>
         <file>rtsv7M4_T_le_v4SPD16_eabi.lib</file>
         <name>args_main.c.obj</name>
      </input_file>
      <input_file id="fl-ee">
         <path>C:\ti\ccsv8\tools\compiler\ti-cgt-arm_18.1.2.LTS\lib\</path>
         <kind>archive</kind>
         <file>rtsv7M4_T_le_v4SPD16_eabi.lib</file>
         <name>defs.c.obj</name>
      </input_file>
      <input_file id="fl-ef">
         <path>C:\ti\ccsv8\tools\compiler\ti-cgt-arm_18.1.2.LTS\lib\</path>
         <kind>archive</kind>
         <file>rtsv7M4_T_le_v4SPD16_eabi.lib</file>
         <name>fprintf.c.obj</name>
      </input_file>
      <input_file id="fl-f0">
         <path>C:\ti\ccsv8\tools\compiler\ti-cgt-arm_18.1.2.LTS\lib\</path>
         <kind>archive</kind>
         <file>rtsv7M4_T_le_v4SPD16_eabi.lib</file>
         <name>fputc.c.obj</name>
      </input_file>
      <input_file id="fl-f1">
         <path>C:\ti\ccsv8\tools\compiler\ti-cgt-arm_18.1.2.LTS\lib\</path>
         <kind>archive</kind>
         <file>rtsv7M4_T_le_v4SPD16_eabi.lib</file>
         <name>fputs.c.obj</name>
      </input_file>
      <input_file id="fl-f2">
         <path>C:\ti\ccsv8\tools\compiler\ti-cgt-arm_18.1.2.LTS\lib\</path>
         <kind>archive</kind>
         <file>rtsv7M4_T_le_v4SPD16_eabi.lib</file>
         <name>memchr.c.obj</name>
      </input_file>
      <input_file id="fl-f3">
         <path>C:\ti\ccsv8\tools\compiler\ti-cgt-arm_18.1.2.LTS\lib\</path>
         <kind>archive</kind>
         <file>rtsv7M4_T_le_v4SPD16_eabi.lib</file>
         <name>memcmp.c.obj</name>
      </input_file>
      <input_file id="fl-f4">
         <path>C:\ti\ccsv8\tools\compiler\ti-cgt-arm_18.1.2.LTS\lib\</path>
         <kind>archive</kind>
         <file>rtsv7M4_T_le_v4SPD16_eabi.lib</file>
         <name>memmov.c.obj</name>
      </input_file>
      <input_file id="fl-f5">
         <path>C:\ti\ccsv8\tools\compiler\ti-cgt-arm_18.1.2.LTS\lib\</path>
         <kind>archive</kind>
         <file>rtsv7M4_T_le_v4SPD16_eabi.lib</file>
         <name>snprintf.c.obj</name>
      </input_file>
      <input_file id="fl-f6">
         <path>C:\ti\ccsv8\tools\compiler\ti-cgt-arm_18.1.2.LTS\lib\</path>
         <kind>archive</kind>
         <file>rtsv7M4_T_le_v4SPD16_eabi.lib</file>
         <name>strlen.c.obj</name>
      </input_file>
      <input_file id="fl-f7">
         <path>C:\ti\ccsv8\tools\compiler\ti-cgt-arm_18.1.2.LTS\lib\</path>
         <kind>archive</kind>
         <file>rtsv7M4_T_le_v4SPD16_eabi.lib</file>
         <name>strtod.c.obj</name>
      </input_file>
      <input_file id="fl-f8">
         <path>C:\ti\ccsv8\tools\compiler\ti-cgt-arm_18.1.2.LTS\lib\</path>
         <kind>archive</kind>
         <file>rtsv7M4_T_le_v4SPD16_eabi.lib</file>
         <name>strtof.c.obj</name>
      </input_file>
      <input_file id="fl-f9">
         <path>C:\ti\ccsv8\tools\compiler\ti-cgt-arm_18.1.2.LTS\lib\</path>
         <kind>archive</kind>
         <file>rtsv7M4_T_le_v4SPD16_eabi.lib</file>
         <name>strtol.c.obj</name>
      </input_file>
      <input_file id="fl-fa">
         <path>C:\ti\ccsv8\tools\compiler\ti-cgt-arm_18.1.2.LTS\lib\</path>
         <kind>archive</kind>
         <file>rtsv7M4_T_le_v4SPD16_eabi.lib</file>
         <name>strtoll.c.obj</name>
      </input_file>
      <input_file id="fl-fb">
         <path>C:\ti\ccsv8\tools\compiler\ti-cgt-arm_18.1.2.LTS\lib\</path>
         <kind>archive</kind>
         <file>rtsv7M4_T_le_v4SPD16_eabi.lib</file>
         <name>strtoul.c.obj</name>
      </input_file>
      <input_file id="fl-fc">
         <path>C:\ti\ccsv8\tools\compiler\ti-cgt-arm_18.1.2.LTS\lib\</path>
         <kind>archive</kind>
         <file>rtsv7M4_T_le_v4SPD16_eabi.lib</file>
         <name>strtoull.c.obj</name>
      </input_file>
      <input_file id="fl-fd">
         <path>C:\ti\ccsv8\tools\compiler\ti-cgt-arm_18.1.2.LTS\lib\</path>
         <kind>archive</kind>
         <file>rtsv7M4_T_le_v4SPD16_eabi.lib</file>
         <name>vsnprintf.c.obj</name>
      </input_file>
      <input_file id="fl-fe">
         <path>C:\ti\ccsv8\tools\compiler\ti-cgt-arm_18.1.2.LTS\lib\</path>
         <kind>archive</kind>
         <file>rtsv7M4_T_le_v4SPD16_eabi.lib</file>
         <name>wctype.c.obj</name>
      </input_file>
      <input_file id="fl-ff">
         <path>C:\ti\ccsv8\tools\compiler\ti-cgt-arm_18.1.2.LTS\lib\</path>
         <kind>archive</kind>
         <file>rtsv7M4_T_le_v4SPD16_eabi.lib</file>
         <name>write.c.obj</name>
      </input_file>
      <input_file id="fl-100">
         <path>C:\ti\ccsv8\tools\compiler\ti-cgt-arm_18.1.2.LTS\lib\</path>
         <kind>archive</kind>
         <file>rtsv7M4_T_le_v4SPD16_eabi.lib</file>
         <name>s_scalbn.c.obj</name>
      </input_file>
      <input_file id="fl-101">
         <path>C:\ti\ccsv8\tools\compiler\ti-cgt-arm_18.1.2.LTS\lib\</path>
         <kind>archive</kind>
         <file>rtsv7M4_T_le_v4SPD16_eabi.lib</file>
         <name>s_scalbnf.c.obj</name>
      </input_file>
      <input_file id="fl-102">
         <path>C:\ti\ccsv8\tools\compiler\ti-cgt-arm_18.1.2.LTS\lib\</path>
         <kind>archive</kind>
         <file>rtsv7M4_T_le_v4SPD16_eabi.lib</file>
         <name>locale_stdlib.c.obj</name>
      </input_file>
      <input_file id="fl-103">
         <path>C:\ti\ccsv8\tools\compiler\ti-cgt-arm_18.1.2.LTS\lib\</path>
         <kind>archive</kind>
         <file>rtsv7M4_T_le_v4SPD16_eabi.lib</file>
         <name>locale_wchar.c.obj</name>
      </input_file>
      <input_file id="fl-104">
         <path>C:\ti\ccsv8\tools\compiler\ti-cgt-arm_18.1.2.LTS\lib\</path>
         <kind>archive</kind>
         <file>rtsv7M4_T_le_v4SPD16_eabi.lib</file>
         <name>s_copysign.c.obj</name>
      </input_file>
      <input_file id="fl-105">
         <path>C:\ti\ccsv8\tools\compiler\ti-cgt-arm_18.1.2.LTS\lib\</path>
         <kind>archive</kind>
         <file>rtsv7M4_T_le_v4SPD16_eabi.lib</file>
         <name>s_copysignf.c.obj</name>
      </input_file>
      <input_file id="fl-106">
         <path>C:\ti\ccsv8\tools\compiler\ti-cgt-arm_18.1.2.LTS\lib\</path>
         <kind>archive</kind>
         <file>rtsv7M4_T_le_v4SPD16_eabi.lib</file>
         <name>fgetwc.c.obj</name>
      </input_file>
      <input_file id="fl-107">
         <path>C:\ti\ccsv8\tools\compiler\ti-cgt-arm_18.1.2.LTS\lib\</path>
         <kind>archive</kind>
         <file>rtsv7M4_T_le_v4SPD16_eabi.lib</file>
         <name>fputws.c.obj</name>
      </input_file>
      <input_file id="fl-108">
         <path>C:\ti\ccsv8\tools\compiler\ti-cgt-arm_18.1.2.LTS\lib\</path>
         <kind>archive</kind>
         <file>rtsv7M4_T_le_v4SPD16_eabi.lib</file>
         <name>fgetws.c.obj</name>
      </input_file>
      <input_file id="fl-109">
         <path>C:\ti\ccsv8\tools\compiler\ti-cgt-arm_18.1.2.LTS\lib\</path>
         <kind>archive</kind>
         <file>rtsv7M4_T_le_v4SPD16_eabi.lib</file>
         <name>wcscoll.c.obj</name>
      </input_file>
      <input_file id="fl-10a">
         <path>C:\ti\ccsv8\tools\compiler\ti-cgt-arm_18.1.2.LTS\lib\</path>
         <kind>archive</kind>
         <file>rtsv7M4_T_le_v4SPD16_eabi.lib</file>
         <name>wcsxfrm.c.obj</name>
      </input_file>
      <input_file id="fl-10b">
         <path>C:\ti\ccsv8\tools\compiler\ti-cgt-arm_18.1.2.LTS\lib\</path>
         <kind>archive</kind>
         <file>rtsv7M4_T_le_v4SPD16_eabi.lib</file>
         <name>vfwprintf.c.obj</name>
      </input_file>
      <input_file id="fl-10c">
         <path>C:\ti\ccsv8\tools\compiler\ti-cgt-arm_18.1.2.LTS\lib\</path>
         <kind>archive</kind>
         <file>rtsv7M4_T_le_v4SPD16_eabi.lib</file>
         <name>vfwscanf.c.obj</name>
      </input_file>
      <input_file id="fl-10d">
         <path>C:\ti\ccsv8\tools\compiler\ti-cgt-arm_18.1.2.LTS\lib\</path>
         <kind>archive</kind>
         <file>rtsv7M4_T_le_v4SPD16_eabi.lib</file>
         <name>div0.asm.obj</name>
      </input_file>
      <input_file id="fl-10e">
         <path>C:\ti\ccsv8\tools\compiler\ti-cgt-arm_18.1.2.LTS\lib\</path>
         <kind>archive</kind>
         <file>rtsv7M4_T_le_v4SPD16_eabi.lib</file>
         <name>fd_add_t2.asm.obj</name>
      </input_file>
      <input_file id="fl-10f">
         <path>C:\ti\ccsv8\tools\compiler\ti-cgt-arm_18.1.2.LTS\lib\</path>
         <kind>archive</kind>
         <file>rtsv7M4_T_le_v4SPD16_eabi.lib</file>
         <name>fd_cmp_t2.asm.obj</name>
      </input_file>
      <input_file id="fl-110">
         <path>C:\ti\ccsv8\tools\compiler\ti-cgt-arm_18.1.2.LTS\lib\</path>
         <kind>archive</kind>
         <file>rtsv7M4_T_le_v4SPD16_eabi.lib</file>
         <name>fd_div_t2.asm.obj</name>
      </input_file>
      <input_file id="fl-111">
         <path>C:\ti\ccsv8\tools\compiler\ti-cgt-arm_18.1.2.LTS\lib\</path>
         <kind>archive</kind>
         <file>rtsv7M4_T_le_v4SPD16_eabi.lib</file>
         <name>fd_mul_t2.asm.obj</name>
      </input_file>
      <input_file id="fl-112">
         <path>C:\ti\ccsv8\tools\compiler\ti-cgt-arm_18.1.2.LTS\lib\</path>
         <kind>archive</kind>
         <file>rtsv7M4_T_le_v4SPD16_eabi.lib</file>
         <name>autoinit.c.obj</name>
      </input_file>
      <input_file id="fl-113">
         <path>C:\ti\ccsv8\tools\compiler\ti-cgt-arm_18.1.2.LTS\lib\</path>
         <kind>archive</kind>
         <file>rtsv7M4_T_le_v4SPD16_eabi.lib</file>
         <name>pre_init.c.obj</name>
      </input_file>
      <input_file id="fl-114">
         <path>C:\ti\ccsv8\tools\compiler\ti-cgt-arm_18.1.2.LTS\lib\</path>
         <kind>archive</kind>
         <file>rtsv7M4_T_le_v4SPD16_eabi.lib</file>
         <name>cpy_tbl.c.obj</name>
      </input_file>
      <input_file id="fl-115">
         <path>C:\ti\ccsv8\tools\compiler\ti-cgt-arm_18.1.2.LTS\lib\</path>
         <kind>archive</kind>
         <file>rtsv7M4_T_le_v4SPD16_eabi.lib</file>
         <name>_io_perm.c.obj</name>
      </input_file>
      <input_file id="fl-116">
         <path>C:\ti\ccsv8\tools\compiler\ti-cgt-arm_18.1.2.LTS\lib\</path>
         <kind>archive</kind>
         <file>rtsv7M4_T_le_v4SPD16_eabi.lib</file>
         <name>_printfi.c.obj</name>
      </input_file>
      <input_file id="fl-117">
         <path>C:\ti\ccsv8\tools\compiler\ti-cgt-arm_18.1.2.LTS\lib\</path>
         <kind>archive</kind>
         <file>rtsv7M4_T_le_v4SPD16_eabi.lib</file>
         <name>atoi.c.obj</name>
      </input_file>
      <input_file id="fl-118">
         <path>C:\ti\ccsv8\tools\compiler\ti-cgt-arm_18.1.2.LTS\lib\</path>
         <kind>archive</kind>
         <file>rtsv7M4_T_le_v4SPD16_eabi.lib</file>
         <name>atol.c.obj</name>
      </input_file>
      <input_file id="fl-119">
         <path>C:\ti\ccsv8\tools\compiler\ti-cgt-arm_18.1.2.LTS\lib\</path>
         <kind>archive</kind>
         <file>rtsv7M4_T_le_v4SPD16_eabi.lib</file>
         <name>atoll.c.obj</name>
      </input_file>
      <input_file id="fl-11a">
         <path>C:\ti\ccsv8\tools\compiler\ti-cgt-arm_18.1.2.LTS\lib\</path>
         <kind>archive</kind>
         <file>rtsv7M4_T_le_v4SPD16_eabi.lib</file>
         <name>ctype.c.obj</name>
      </input_file>
      <input_file id="fl-11b">
         <path>C:\ti\ccsv8\tools\compiler\ti-cgt-arm_18.1.2.LTS\lib\</path>
         <kind>archive</kind>
         <file>rtsv7M4_T_le_v4SPD16_eabi.lib</file>
         <name>fflush.c.obj</name>
      </input_file>
      <input_file id="fl-11c">
         <path>C:\ti\ccsv8\tools\compiler\ti-cgt-arm_18.1.2.LTS\lib\</path>
         <kind>archive</kind>
         <file>rtsv7M4_T_le_v4SPD16_eabi.lib</file>
         <name>fgetc.c.obj</name>
      </input_file>
      <input_file id="fl-11d">
         <path>C:\ti\ccsv8\tools\compiler\ti-cgt-arm_18.1.2.LTS\lib\</path>
         <kind>archive</kind>
         <file>rtsv7M4_T_le_v4SPD16_eabi.lib</file>
         <name>fgets.c.obj</name>
      </input_file>
      <input_file id="fl-11e">
         <path>C:\ti\ccsv8\tools\compiler\ti-cgt-arm_18.1.2.LTS\lib\</path>
         <kind>archive</kind>
         <file>rtsv7M4_T_le_v4SPD16_eabi.lib</file>
         <name>fscanf.c.obj</name>
      </input_file>
      <input_file id="fl-11f">
         <path>C:\ti\ccsv8\tools\compiler\ti-cgt-arm_18.1.2.LTS\lib\</path>
         <kind>archive</kind>
         <file>rtsv7M4_T_le_v4SPD16_eabi.lib</file>
         <name>fseek.c.obj</name>
      </input_file>
      <input_file id="fl-120">
         <path>C:\ti\ccsv8\tools\compiler\ti-cgt-arm_18.1.2.LTS\lib\</path>
         <kind>archive</kind>
         <file>rtsv7M4_T_le_v4SPD16_eabi.lib</file>
         <name>lseek.c.obj</name>
      </input_file>
      <input_file id="fl-121">
         <path>C:\ti\ccsv8\tools\compiler\ti-cgt-arm_18.1.2.LTS\lib\</path>
         <kind>archive</kind>
         <file>rtsv7M4_T_le_v4SPD16_eabi.lib</file>
         <name>ltoa.c.obj</name>
      </input_file>
      <input_file id="fl-122">
         <path>C:\ti\ccsv8\tools\compiler\ti-cgt-arm_18.1.2.LTS\lib\</path>
         <kind>archive</kind>
         <file>rtsv7M4_T_le_v4SPD16_eabi.lib</file>
         <name>memccpy.c.obj</name>
      </input_file>
      <input_file id="fl-123">
         <path>C:\ti\ccsv8\tools\compiler\ti-cgt-arm_18.1.2.LTS\lib\</path>
         <kind>archive</kind>
         <file>rtsv7M4_T_le_v4SPD16_eabi.lib</file>
         <name>read.c.obj</name>
      </input_file>
      <input_file id="fl-124">
         <path>C:\ti\ccsv8\tools\compiler\ti-cgt-arm_18.1.2.LTS\lib\</path>
         <kind>archive</kind>
         <file>rtsv7M4_T_le_v4SPD16_eabi.lib</file>
         <name>setvbuf.c.obj</name>
      </input_file>
      <input_file id="fl-125">
         <path>C:\ti\ccsv8\tools\compiler\ti-cgt-arm_18.1.2.LTS\lib\</path>
         <kind>archive</kind>
         <file>rtsv7M4_T_le_v4SPD16_eabi.lib</file>
         <name>strchr.c.obj</name>
      </input_file>
      <input_file id="fl-126">
         <path>C:\ti\ccsv8\tools\compiler\ti-cgt-arm_18.1.2.LTS\lib\</path>
         <kind>archive</kind>
         <file>rtsv7M4_T_le_v4SPD16_eabi.lib</file>
         <name>strcmp.c.obj</name>
      </input_file>
      <input_file id="fl-127">
         <path>C:\ti\ccsv8\tools\compiler\ti-cgt-arm_18.1.2.LTS\lib\</path>
         <kind>archive</kind>
         <file>rtsv7M4_T_le_v4SPD16_eabi.lib</file>
         <name>hostclose.c.obj</name>
      </input_file>
      <input_file id="fl-128">
         <path>C:\ti\ccsv8\tools\compiler\ti-cgt-arm_18.1.2.LTS\lib\</path>
         <kind>archive</kind>
         <file>rtsv7M4_T_le_v4SPD16_eabi.lib</file>
         <name>hostlseek.c.obj</name>
      </input_file>
      <input_file id="fl-129">
         <path>C:\ti\ccsv8\tools\compiler\ti-cgt-arm_18.1.2.LTS\lib\</path>
         <kind>archive</kind>
         <file>rtsv7M4_T_le_v4SPD16_eabi.lib</file>
         <name>hostopen.c.obj</name>
      </input_file>
      <input_file id="fl-12a">
         <path>C:\ti\ccsv8\tools\compiler\ti-cgt-arm_18.1.2.LTS\lib\</path>
         <kind>archive</kind>
         <file>rtsv7M4_T_le_v4SPD16_eabi.lib</file>
         <name>hostread.c.obj</name>
      </input_file>
      <input_file id="fl-12b">
         <path>C:\ti\ccsv8\tools\compiler\ti-cgt-arm_18.1.2.LTS\lib\</path>
         <kind>archive</kind>
         <file>rtsv7M4_T_le_v4SPD16_eabi.lib</file>
         <name>hostrename.c.obj</name>
      </input_file>
      <input_file id="fl-12c">
         <path>C:\ti\ccsv8\tools\compiler\ti-cgt-arm_18.1.2.LTS\lib\</path>
         <kind>archive</kind>
         <file>rtsv7M4_T_le_v4SPD16_eabi.lib</file>
         <name>hostunlink.c.obj</name>
      </input_file>
      <input_file id="fl-12d">
         <path>C:\ti\ccsv8\tools\compiler\ti-cgt-arm_18.1.2.LTS\lib\</path>
         <kind>archive</kind>
         <file>rtsv7M4_T_le_v4SPD16_eabi.lib</file>
         <name>hostwrite.c.obj</name>
      </input_file>
      <input_file id="fl-12e">
         <path>C:\ti\ccsv8\tools\compiler\ti-cgt-arm_18.1.2.LTS\lib\</path>
         <kind>archive</kind>
         <file>rtsv7M4_T_le_v4SPD16_eabi.lib</file>
         <name>trgmsg.c.obj</name>
      </input_file>
      <input_file id="fl-12f">
         <path>C:\ti\ccsv8\tools\compiler\ti-cgt-arm_18.1.2.LTS\lib\</path>
         <kind>archive</kind>
         <file>rtsv7M4_T_le_v4SPD16_eabi.lib</file>
         <name>ungetc.c.obj</name>
      </input_file>
      <input_file id="fl-130">
         <path>C:\ti\ccsv8\tools\compiler\ti-cgt-arm_18.1.2.LTS\lib\</path>
         <kind>archive</kind>
         <file>rtsv7M4_T_le_v4SPD16_eabi.lib</file>
         <name>vfprintf.c.obj</name>
      </input_file>
      <input_file id="fl-131">
         <path>C:\ti\ccsv8\tools\compiler\ti-cgt-arm_18.1.2.LTS\lib\</path>
         <kind>archive</kind>
         <file>rtsv7M4_T_le_v4SPD16_eabi.lib</file>
         <name>s_frexp.c.obj</name>
      </input_file>
      <input_file id="fl-132">
         <path>C:\ti\ccsv8\tools\compiler\ti-cgt-arm_18.1.2.LTS\lib\</path>
         <kind>archive</kind>
         <file>rtsv7M4_T_le_v4SPD16_eabi.lib</file>
         <name>fd_toi_t2.asm.obj</name>
      </input_file>
      <input_file id="fl-133">
         <path>C:\ti\ccsv8\tools\compiler\ti-cgt-arm_18.1.2.LTS\lib\</path>
         <kind>archive</kind>
         <file>rtsv7M4_T_le_v4SPD16_eabi.lib</file>
         <name>i_tofd_t2.asm.obj</name>
      </input_file>
      <input_file id="fl-134">
         <path>C:\ti\ccsv8\tools\compiler\ti-cgt-arm_18.1.2.LTS\lib\</path>
         <kind>archive</kind>
         <file>rtsv7M4_T_le_v4SPD16_eabi.lib</file>
         <name>_bufread.c.obj</name>
      </input_file>
      <input_file id="fl-135">
         <path>C:\ti\ccsv8\tools\compiler\ti-cgt-arm_18.1.2.LTS\lib\</path>
         <kind>archive</kind>
         <file>rtsv7M4_T_le_v4SPD16_eabi.lib</file>
         <name>_scanfi.c.obj</name>
      </input_file>
      <input_file id="fl-136">
         <path>C:\ti\ccsv8\tools\compiler\ti-cgt-arm_18.1.2.LTS\lib\</path>
         <kind>archive</kind>
         <file>rtsv7M4_T_le_v4SPD16_eabi.lib</file>
         <name>fopen.c.obj</name>
      </input_file>
      <input_file id="fl-137">
         <path>C:\ti\ccsv8\tools\compiler\ti-cgt-arm_18.1.2.LTS\lib\</path>
         <kind>archive</kind>
         <file>rtsv7M4_T_le_v4SPD16_eabi.lib</file>
         <name>open.c.obj</name>
      </input_file>
      <input_file id="fl-138">
         <path>C:\ti\ccsv8\tools\compiler\ti-cgt-arm_18.1.2.LTS\lib\</path>
         <kind>archive</kind>
         <file>rtsv7M4_T_le_v4SPD16_eabi.lib</file>
         <name>strcpy.c.obj</name>
      </input_file>
      <input_file id="fl-139">
         <path>C:\ti\ccsv8\tools\compiler\ti-cgt-arm_18.1.2.LTS\lib\</path>
         <kind>archive</kind>
         <file>rtsv7M4_T_le_v4SPD16_eabi.lib</file>
         <name>strrchr.c.obj</name>
      </input_file>
      <input_file id="fl-13a">
         <path>C:\ti\ccsv8\tools\compiler\ti-cgt-arm_18.1.2.LTS\lib\</path>
         <kind>archive</kind>
         <file>rtsv7M4_T_le_v4SPD16_eabi.lib</file>
         <name>fd_tos_t2.asm.obj</name>
      </input_file>
      <input_file id="fl-13b">
         <path>C:\ti\ccsv8\tools\compiler\ti-cgt-arm_18.1.2.LTS\lib\</path>
         <kind>archive</kind>
         <file>rtsv7M4_T_le_v4SPD16_eabi.lib</file>
         <name>fclose.c.obj</name>
      </input_file>
      <input_file id="fl-13c">
         <path>C:\ti\ccsv8\tools\compiler\ti-cgt-arm_18.1.2.LTS\lib\</path>
         <kind>archive</kind>
         <file>rtsv7M4_T_le_v4SPD16_eabi.lib</file>
         <name>getdevice.c.obj</name>
      </input_file>
      <input_file id="fl-13d">
         <path>C:\ti\ccsv8\tools\compiler\ti-cgt-arm_18.1.2.LTS\lib\</path>
         <kind>archive</kind>
         <file>rtsv7M4_T_le_v4SPD16_eabi.lib</file>
         <name>remove.c.obj</name>
      </input_file>
      <input_file id="fl-13e">
         <path>C:\ti\ccsv8\tools\compiler\ti-cgt-arm_18.1.2.LTS\lib\</path>
         <kind>archive</kind>
         <file>rtsv7M4_T_le_v4SPD16_eabi.lib</file>
         <name>strncpy.c.obj</name>
      </input_file>
      <input_file id="fl-13f">
         <path>C:\ti\ccsv8\tools\compiler\ti-cgt-arm_18.1.2.LTS\lib\</path>
         <kind>archive</kind>
         <file>rtsv7M4_T_le_v4SPD16_eabi.lib</file>
         <name>unlink.c.obj</name>
      </input_file>
      <input_file id="fl-140">
         <path>C:\ti\ccsv8\tools\compiler\ti-cgt-arm_18.1.2.LTS\lib\</path>
         <kind>archive</kind>
         <file>rtsv7M4_T_le_v4SPD16_eabi.lib</file>
         <name>close.c.obj</name>
      </input_file>
   </input_file_list>
   <object_component_list>
      <object_component id="oc-85">
         <name>.text</name>
         <load_address>0x20004000</load_address>
         <run_address>0x20004000</run_address>
         <size>0x93a</size>
         <input_file_ref idref="fl-5"/>
      </object_component>
      <object_component id="oc-47c">
         <name>.text:_ZNSt3__220__vector_base_commonILb1EEC2Ev</name>
         <load_address>0x2000493a</load_address>
         <run_address>0x2000493a</run_address>
         <size>0x2</size>
         <input_file_ref idref="fl-cd"/>
      </object_component>
      <object_component id="oc-cb">
         <name>.text</name>
         <load_address>0x2000493c</load_address>
         <run_address>0x2000493c</run_address>
         <size>0x656</size>
         <input_file_ref idref="fl-4"/>
      </object_component>
      <object_component id="oc-37f">
         <name>.text:_nop</name>
         <load_address>0x20004f92</load_address>
         <run_address>0x20004f92</run_address>
         <size>0x2</size>
         <input_file_ref idref="fl-ec"/>
      </object_component>
      <object_component id="oc-c5">
         <name>.text</name>
         <load_address>0x20004f94</load_address>
         <run_address>0x20004f94</run_address>
         <size>0x480</size>
         <input_file_ref idref="fl-2"/>
      </object_component>
      <object_component id="oc-b3">
         <name>.text:PRCMCC3200MCUInit</name>
         <load_address>0x20005414</load_address>
         <run_address>0x20005414</run_address>
         <size>0x178</size>
         <input_file_ref idref="fl-11"/>
      </object_component>
      <object_component id="oc-555">
         <name>.text:free</name>
         <load_address>0x2000558c</load_address>
         <run_address>0x2000558c</run_address>
         <size>0xd8</size>
         <input_file_ref idref="fl-eb"/>
      </object_component>
      <object_component id="oc-2a4">
         <name>.text:SPITransfer32</name>
         <load_address>0x20005664</load_address>
         <run_address>0x20005664</run_address>
         <size>0xd0</size>
         <input_file_ref idref="fl-12"/>
      </object_component>
      <object_component id="oc-29e">
         <name>.text:SPITransfer16</name>
         <load_address>0x20005734</load_address>
         <run_address>0x20005734</run_address>
         <size>0xce</size>
         <input_file_ref idref="fl-12"/>
      </object_component>
      <object_component id="oc-298">
         <name>.text:SPITransfer8</name>
         <load_address>0x20005802</load_address>
         <run_address>0x20005802</run_address>
         <size>0xb8</size>
         <input_file_ref idref="fl-12"/>
      </object_component>
      <object_component id="oc-166">
         <name>.text:SPIConfigSetExpClk</name>
         <load_address>0x200058bc</load_address>
         <run_address>0x200058bc</run_address>
         <size>0xa0</size>
         <input_file_ref idref="fl-12"/>
      </object_component>
      <object_component id="oc-2e">
         <name>.text</name>
         <load_address>0x2000595c</load_address>
         <run_address>0x2000595c</run_address>
         <size>0x9c</size>
         <input_file_ref idref="fl-e3"/>
      </object_component>
      <object_component id="oc-160">
         <name>.text:PRCMPeripheralClockGet</name>
         <load_address>0x200059f8</load_address>
         <run_address>0x200059f8</run_address>
         <size>0x94</size>
         <input_file_ref idref="fl-11"/>
      </object_component>
      <object_component id="oc-bf">
         <name>.text</name>
         <load_address>0x20005a8c</load_address>
         <run_address>0x20005a8c</run_address>
         <size>0x94</size>
         <input_file_ref idref="fl-3"/>
      </object_component>
      <object_component id="oc-27f">
         <name>.text:PinConfigSet</name>
         <load_address>0x20005b20</load_address>
         <run_address>0x20005b20</run_address>
         <size>0x88</size>
         <input_file_ref idref="fl-10"/>
      </object_component>
      <object_component id="oc-172">
         <name>.text:SPITransfer</name>
         <load_address>0x20005ba8</load_address>
         <run_address>0x20005ba8</run_address>
         <size>0x88</size>
         <input_file_ref idref="fl-12"/>
      </object_component>
      <object_component id="oc-2c0">
         <name>.text:_ZNKSt3__212basic_stringIcNS_11char_traitsIcEENS_9allocatorIcEEE7compareEjjPKcj</name>
         <load_address>0x20005c30</load_address>
         <run_address>0x20005c30</run_address>
         <size>0x7e</size>
         <input_file_ref idref="fl-cc"/>
      </object_component>
      <object_component id="oc-2c7">
         <name>.text:malloc</name>
         <load_address>0x20005cb0</load_address>
         <run_address>0x20005cb0</run_address>
         <size>0x78</size>
         <input_file_ref idref="fl-eb"/>
      </object_component>
      <object_component id="oc-2e0">
         <name>.text:_ZN34_INTERNAL_12_vec_newdel_c_8a08d4a517array_new_generalEPvijjS0_PFYS0_S0_ES2_PFYS0_jEPFYvS0_Eii</name>
         <load_address>0x20005d28</load_address>
         <run_address>0x20005d28</run_address>
         <size>0x76</size>
         <input_file_ref idref="fl-ce"/>
      </object_component>
      <object_component id="oc-f">
         <name>.text:decompress:lzss:__TI_decompress_lzss</name>
         <load_address>0x20005d9e</load_address>
         <run_address>0x20005d9e</run_address>
         <size>0x68</size>
         <input_file_ref idref="fl-e7"/>
      </object_component>
      <object_component id="oc-b9">
         <name>.text</name>
         <load_address>0x20005e08</load_address>
         <run_address>0x20005e08</run_address>
         <size>0x60</size>
         <input_file_ref idref="fl-6"/>
      </object_component>
      <object_component id="oc-134">
         <name>.text:PRCMPeripheralReset</name>
         <load_address>0x20005e68</load_address>
         <run_address>0x20005e68</run_address>
         <size>0x58</size>
         <input_file_ref idref="fl-11"/>
      </object_component>
      <object_component id="oc-ea">
         <name>.text:__TI_auto_init_nobinit_nopinit:__TI_auto_init_nobinit_nopinit</name>
         <load_address>0x20005ec0</load_address>
         <run_address>0x20005ec0</run_address>
         <size>0x44</size>
         <input_file_ref idref="fl-112"/>
      </object_component>
      <object_component id="oc-285">
         <name>.text:PinModeSet</name>
         <load_address>0x20005f04</load_address>
         <run_address>0x20005f04</run_address>
         <size>0x40</size>
         <input_file_ref idref="fl-10"/>
      </object_component>
      <object_component id="oc-58e">
         <name>.text:_ZNSt3__213__vector_baseINS_12basic_stringIcNS_11char_traitsIcEENS_9allocatorIcEEEENS4_IS6_EEE17__destruct_at_endEPS6_</name>
         <load_address>0x20005f44</load_address>
         <run_address>0x20005f44</run_address>
         <size>0x40</size>
         <input_file_ref idref="fl-4"/>
      </object_component>
      <object_component id="oc-4cc">
         <name>.text:_ZNSt3__213__vector_baseINS_6vectorINS_12basic_stringIcNS_11char_traitsIcEENS_9allocatorIcEEEENS5_IS7_EEEENS5_IS9_EEE17__destruct_at_endEPS9_</name>
         <load_address>0x20005f84</load_address>
         <run_address>0x20005f84</run_address>
         <size>0x40</size>
         <input_file_ref idref="fl-4"/>
      </object_component>
      <object_component id="oc-184">
         <name>.text:_ZNSt3__2eqIcNS_11char_traitsIcEENS_9allocatorIcEEEEbPKT_RKNS_12basic_stringIS5_T0_T1_EE</name>
         <load_address>0x20005fc4</load_address>
         <run_address>0x20005fc4</run_address>
         <size>0x40</size>
         <input_file_ref idref="fl-4"/>
      </object_component>
      <object_component id="oc-12e">
         <name>.text:PRCMPeripheralClkEnable</name>
         <load_address>0x20006004</load_address>
         <run_address>0x20006004</run_address>
         <size>0x3c</size>
         <input_file_ref idref="fl-11"/>
      </object_component>
      <object_component id="oc-3e4">
         <name>.text:minsert</name>
         <load_address>0x20006040</load_address>
         <run_address>0x20006040</run_address>
         <size>0x3c</size>
         <input_file_ref idref="fl-eb"/>
      </object_component>
      <object_component id="oc-4c">
         <name>.text:_c_int00_noargs:_c_int00_noargs</name>
         <load_address>0x2000607c</load_address>
         <run_address>0x2000607c</run_address>
         <size>0x38</size>
         <input_file_ref idref="fl-e8"/>
      </object_component>
      <object_component id="oc-3d8">
         <name>.text:minit</name>
         <load_address>0x200060b4</load_address>
         <run_address>0x200060b4</run_address>
         <size>0x38</size>
         <input_file_ref idref="fl-eb"/>
      </object_component>
      <object_component id="oc-147">
         <name>.text:GPIODirModeSet</name>
         <load_address>0x200060ec</load_address>
         <run_address>0x200060ec</run_address>
         <size>0x36</size>
         <input_file_ref idref="fl-e"/>
      </object_component>
      <object_component id="oc-141">
         <name>.text:PinTypeGPIO</name>
         <load_address>0x20006122</load_address>
         <run_address>0x20006122</run_address>
         <size>0x30</size>
         <input_file_ref idref="fl-10"/>
      </object_component>
      <object_component id="oc-56b">
         <name>.text:_ZNSt3__213__vector_baseINS_12basic_stringIcNS_11char_traitsIcEENS_9allocatorIcEEEENS4_IS6_EEED1Ev</name>
         <load_address>0x20006152</load_address>
         <run_address>0x20006152</run_address>
         <size>0x2e</size>
         <input_file_ref idref="fl-4"/>
      </object_component>
      <object_component id="oc-413">
         <name>.text:_ZNSt3__213__vector_baseINS_6vectorINS_12basic_stringIcNS_11char_traitsIcEENS_9allocatorIcEEEENS5_IS7_EEEENS5_IS9_EEED1Ev</name>
         <load_address>0x20006180</load_address>
         <run_address>0x20006180</run_address>
         <size>0x2e</size>
         <input_file_ref idref="fl-4"/>
      </object_component>
      <object_component id="oc-11c">
         <name>.text:PRCMSysResetCauseGet</name>
         <load_address>0x200061b0</load_address>
         <run_address>0x200061b0</run_address>
         <size>0x2c</size>
         <input_file_ref idref="fl-11"/>
      </object_component>
      <object_component id="oc-13a">
         <name>.text:PRCMPeripheralClkDisable</name>
         <load_address>0x200061dc</load_address>
         <run_address>0x200061dc</run_address>
         <size>0x28</size>
         <input_file_ref idref="fl-11"/>
      </object_component>
      <object_component id="oc-40c">
         <name>.text:_ZNSt3__213__vector_baseINS_6vectorINS_12basic_stringIcNS_11char_traitsIcEENS_9allocatorIcEEEENS5_IS7_EEEENS5_IS9_EEEC1Ev</name>
         <load_address>0x20006204</load_address>
         <run_address>0x20006204</run_address>
         <size>0x28</size>
         <input_file_ref idref="fl-4"/>
      </object_component>
      <object_component id="oc-3de">
         <name>.text:mremove</name>
         <load_address>0x2000622c</load_address>
         <run_address>0x2000622c</run_address>
         <size>0x28</size>
         <input_file_ref idref="fl-eb"/>
      </object_component>
      <object_component id="oc-197">
         <name>.text:_ZN7ElementC1Ev</name>
         <load_address>0x20006254</load_address>
         <run_address>0x20006254</run_address>
         <size>0x26</size>
         <input_file_ref idref="fl-4"/>
      </object_component>
      <object_component id="oc-191">
         <name>.text:__cxa_vec_ctor</name>
         <load_address>0x2000627a</load_address>
         <run_address>0x2000627a</run_address>
         <size>0x24</size>
         <input_file_ref idref="fl-ce"/>
      </object_component>
      <object_component id="oc-46e">
         <name>.text:memcmp</name>
         <load_address>0x2000629e</load_address>
         <run_address>0x2000629e</run_address>
         <size>0x24</size>
         <input_file_ref idref="fl-f3"/>
      </object_component>
      <object_component id="oc-15a">
         <name>.text:SPIReset</name>
         <load_address>0x200062c2</load_address>
         <run_address>0x200062c2</run_address>
         <size>0x22</size>
         <input_file_ref idref="fl-12"/>
      </object_component>
      <object_component id="oc-18b">
         <name>.text:_Znwj</name>
         <load_address>0x200062e4</load_address>
         <run_address>0x200062e4</run_address>
         <size>0x22</size>
         <input_file_ref idref="fl-cb"/>
      </object_component>
      <object_component id="oc-153">
         <name>.text:GPIOPinWrite</name>
         <load_address>0x20006306</load_address>
         <run_address>0x20006306</run_address>
         <size>0x20</size>
         <input_file_ref idref="fl-e"/>
      </object_component>
      <object_component id="oc-5db">
         <name>.text:_ZNSt3__212basic_stringIcNS_11char_traitsIcEENS_9allocatorIcEEED1Ev</name>
         <load_address>0x20006326</load_address>
         <run_address>0x20006326</run_address>
         <size>0x20</size>
         <input_file_ref idref="fl-cc"/>
      </object_component>
      <object_component id="oc-483">
         <name>.text:_ZNSt3__217__compressed_pairIPNS_6vectorINS_12basic_stringIcNS_11char_traitsIcEENS_9allocatorIcEEEENS5_IS7_EEEENS5_IS9_EEEC1IDnLb1EEEOT_</name>
         <load_address>0x20006346</load_address>
         <run_address>0x20006346</run_address>
         <size>0x1e</size>
         <input_file_ref idref="fl-4"/>
      </object_component>
      <object_component id="oc-14d">
         <name>.text:PinTypeSPI</name>
         <load_address>0x20006364</load_address>
         <run_address>0x20006364</run_address>
         <size>0x1a</size>
         <input_file_ref idref="fl-10"/>
      </object_component>
      <object_component id="oc-580">
         <name>.text:_ZNKSt3__213__vector_baseINS_12basic_stringIcNS_11char_traitsIcEENS_9allocatorIcEEEENS4_IS6_EEE8capacityEv</name>
         <load_address>0x2000637e</load_address>
         <run_address>0x2000637e</run_address>
         <size>0x1a</size>
         <input_file_ref idref="fl-4"/>
      </object_component>
      <object_component id="oc-498">
         <name>.text:_ZNKSt3__213__vector_baseINS_6vectorINS_12basic_stringIcNS_11char_traitsIcEENS_9allocatorIcEEEENS5_IS7_EEEENS5_IS9_EEE8capacityEv</name>
         <load_address>0x20006398</load_address>
         <run_address>0x20006398</run_address>
         <size>0x1a</size>
         <input_file_ref idref="fl-4"/>
      </object_component>
      <object_component id="oc-16c">
         <name>.text:SPIEnable</name>
         <load_address>0x200063b2</load_address>
         <run_address>0x200063b2</run_address>
         <size>0x18</size>
         <input_file_ref idref="fl-12"/>
      </object_component>
      <object_component id="oc-122">
         <name>.text:PRCMHIBRegRead</name>
         <load_address>0x200063ca</load_address>
         <run_address>0x200063ca</run_address>
         <size>0x16</size>
         <input_file_ref idref="fl-11"/>
      </object_component>
      <object_component id="oc-128">
         <name>.text:PRCMHIBRegWrite</name>
         <load_address>0x200063e0</load_address>
         <run_address>0x200063e0</run_address>
         <size>0x16</size>
         <input_file_ref idref="fl-11"/>
      </object_component>
      <object_component id="oc-2b9">
         <name>.text:_ZNKSt3__212basic_stringIcNS_11char_traitsIcEENS_9allocatorIcEEE4sizeEv</name>
         <load_address>0x200063f6</load_address>
         <run_address>0x200063f6</run_address>
         <size>0x16</size>
         <input_file_ref idref="fl-cc"/>
      </object_component>
      <object_component id="oc-4fb">
         <name>.text:_ZNSt3__222__compressed_pair_elemIPNS_6vectorINS_12basic_stringIcNS_11char_traitsIcEENS_9allocatorIcEEEENS5_IS7_EEEELi0ELb0EEC1IDnvEEOT_</name>
         <load_address>0x2000640c</load_address>
         <run_address>0x2000640c</run_address>
         <size>0x16</size>
         <input_file_ref idref="fl-4"/>
      </object_component>
      <object_component id="oc-587">
         <name>.text:_ZNSt3__216allocator_traitsINS_9allocatorINS_12basic_stringIcNS_11char_traitsIcEENS1_IcEEEEEEE10deallocateERS7_PS6_j</name>
         <load_address>0x20006422</load_address>
         <run_address>0x20006422</run_address>
         <size>0x14</size>
         <input_file_ref idref="fl-4"/>
      </object_component>
      <object_component id="oc-5b1">
         <name>.text:_ZNSt3__216allocator_traitsINS_9allocatorINS_12basic_stringIcNS_11char_traitsIcEENS1_IcEEEEEEE7destroyIS6_EEvRS7_PT_</name>
         <load_address>0x20006436</load_address>
         <run_address>0x20006436</run_address>
         <size>0x14</size>
         <input_file_ref idref="fl-4"/>
      </object_component>
      <object_component id="oc-5c6">
         <name>.text:_ZNSt3__216allocator_traitsINS_9allocatorINS_12basic_stringIcNS_11char_traitsIcEENS1_IcEEEEEEE9__destroyIS6_EEvNS_17integral_constantIbLb1EEERS7_PT_</name>
         <load_address>0x2000644a</load_address>
         <run_address>0x2000644a</run_address>
         <size>0x14</size>
         <input_file_ref idref="fl-4"/>
      </object_component>
      <object_component id="oc-49f">
         <name>.text:_ZNSt3__216allocator_traitsINS_9allocatorINS_6vectorINS_12basic_stringIcNS_11char_traitsIcEENS1_IcEEEENS1_IS7_EEEEEEE10deallocateERSA_PS9_j</name>
         <load_address>0x2000645e</load_address>
         <run_address>0x2000645e</run_address>
         <size>0x14</size>
         <input_file_ref idref="fl-4"/>
      </object_component>
      <object_component id="oc-510">
         <name>.text:_ZNSt3__216allocator_traitsINS_9allocatorINS_6vectorINS_12basic_stringIcNS_11char_traitsIcEENS1_IcEEEENS1_IS7_EEEEEEE7destroyIS9_EEvRSA_PT_</name>
         <load_address>0x20006472</load_address>
         <run_address>0x20006472</run_address>
         <size>0x14</size>
         <input_file_ref idref="fl-4"/>
      </object_component>
      <object_component id="oc-533">
         <name>.text:_ZNSt3__216allocator_traitsINS_9allocatorINS_6vectorINS_12basic_stringIcNS_11char_traitsIcEENS1_IcEEEENS1_IS7_EEEEEEE9__destroyIS9_EEvNS_17integral_constantIbLb1EEERSA_PT_</name>
         <load_address>0x20006486</load_address>
         <run_address>0x20006486</run_address>
         <size>0x14</size>
         <input_file_ref idref="fl-4"/>
      </object_component>
      <object_component id="oc-3b1">
         <name>.text:strlen</name>
         <load_address>0x2000649a</load_address>
         <run_address>0x2000649a</run_address>
         <size>0x14</size>
         <input_file_ref idref="fl-f6"/>
      </object_component>
      <object_component id="oc-3a">
         <name>.text:decompress:ZI:__TI_zero_init_nomemset:__TI_zero_init_nomemset</name>
         <load_address>0x200064ae</load_address>
         <run_address>0x200064ae</run_address>
         <size>0x12</size>
         <input_file_ref idref="fl-e5"/>
      </object_component>
      <object_component id="oc-572">
         <name>.text:_ZNSt3__213__vector_baseINS_12basic_stringIcNS_11char_traitsIcEENS_9allocatorIcEEEENS4_IS6_EEE5clearEv</name>
         <load_address>0x200064c0</load_address>
         <run_address>0x200064c0</run_address>
         <size>0x10</size>
         <input_file_ref idref="fl-4"/>
      </object_component>
      <object_component id="oc-48a">
         <name>.text:_ZNSt3__213__vector_baseINS_6vectorINS_12basic_stringIcNS_11char_traitsIcEENS_9allocatorIcEEEENS5_IS7_EEEENS5_IS9_EEE5clearEv</name>
         <load_address>0x200064d0</load_address>
         <run_address>0x200064d0</run_address>
         <size>0x10</size>
         <input_file_ref idref="fl-4"/>
      </object_component>
      <object_component id="oc-4be">
         <name>.text:_ZNSt3__222__compressed_pair_elemIPNS_6vectorINS_12basic_stringIcNS_11char_traitsIcEENS_9allocatorIcEEEENS5_IS7_EEEELi0ELb0EEC2IDnvEEOT_</name>
         <load_address>0x200064e0</load_address>
         <run_address>0x200064e0</run_address>
         <size>0x10</size>
         <input_file_ref idref="fl-4"/>
      </object_component>
      <object_component id="oc-5a3">
         <name>.text:_ZNSt3__29allocatorINS_12basic_stringIcNS_11char_traitsIcEENS0_IcEEEEE10deallocateEPS5_j</name>
         <load_address>0x200064f0</load_address>
         <run_address>0x200064f0</run_address>
         <size>0x10</size>
         <input_file_ref idref="fl-4"/>
      </object_component>
      <object_component id="oc-4e1">
         <name>.text:_ZNSt3__29allocatorINS_6vectorINS_12basic_stringIcNS_11char_traitsIcEENS0_IcEEEENS0_IS6_EEEEE10deallocateEPS8_j</name>
         <load_address>0x20006500</load_address>
         <run_address>0x20006500</run_address>
         <size>0x10</size>
         <input_file_ref idref="fl-4"/>
      </object_component>
      <object_component id="oc-59c">
         <name>.text:_ZNKSt3__213__vector_baseINS_12basic_stringIcNS_11char_traitsIcEENS_9allocatorIcEEEENS4_IS6_EEE9__end_capEv</name>
         <load_address>0x20006510</load_address>
         <run_address>0x20006510</run_address>
         <size>0xe</size>
         <input_file_ref idref="fl-4"/>
      </object_component>
      <object_component id="oc-4da">
         <name>.text:_ZNKSt3__213__vector_baseINS_6vectorINS_12basic_stringIcNS_11char_traitsIcEENS_9allocatorIcEEEENS5_IS7_EEEENS5_IS9_EEE9__end_capEv</name>
         <load_address>0x2000651e</load_address>
         <run_address>0x2000651e</run_address>
         <size>0xe</size>
         <input_file_ref idref="fl-4"/>
      </object_component>
      <object_component id="oc-579">
         <name>.text:_ZNSt3__213__vector_baseINS_12basic_stringIcNS_11char_traitsIcEENS_9allocatorIcEEEENS4_IS6_EEE7__allocEv</name>
         <load_address>0x2000652c</load_address>
         <run_address>0x2000652c</run_address>
         <size>0xe</size>
         <input_file_ref idref="fl-4"/>
      </object_component>
      <object_component id="oc-491">
         <name>.text:_ZNSt3__213__vector_baseINS_6vectorINS_12basic_stringIcNS_11char_traitsIcEENS_9allocatorIcEEEENS5_IS7_EEEENS5_IS9_EEE7__allocEv</name>
         <load_address>0x2000653a</load_address>
         <run_address>0x2000653a</run_address>
         <size>0xe</size>
         <input_file_ref idref="fl-4"/>
      </object_component>
      <object_component id="oc-502">
         <name>.text:_ZNSt3__222__compressed_pair_elemINS_9allocatorINS_6vectorINS_12basic_stringIcNS_11char_traitsIcEENS1_IcEEEENS1_IS7_EEEEEELi1ELb1EEC1Ev</name>
         <load_address>0x20006548</load_address>
         <run_address>0x20006548</run_address>
         <size>0xe</size>
         <input_file_ref idref="fl-4"/>
      </object_component>
      <object_component id="oc-19e">
         <name>.text:_ZNSt3__26vectorINS0_INS_12basic_stringIcNS_11char_traitsIcEENS_9allocatorIcEEEENS4_IS6_EEEENS4_IS8_EEEC1Ev</name>
         <load_address>0x20006556</load_address>
         <run_address>0x20006556</run_address>
         <size>0xe</size>
         <input_file_ref idref="fl-4"/>
      </object_component>
      <object_component id="oc-1a5">
         <name>.text:_ZNSt3__26vectorINS0_INS_12basic_stringIcNS_11char_traitsIcEENS_9allocatorIcEEEENS4_IS6_EEEENS4_IS8_EEED1Ev</name>
         <load_address>0x20006564</load_address>
         <run_address>0x20006564</run_address>
         <size>0xe</size>
         <input_file_ref idref="fl-4"/>
      </object_component>
      <object_component id="oc-55c">
         <name>.text:_ZNSt3__26vectorINS_12basic_stringIcNS_11char_traitsIcEENS_9allocatorIcEEEENS4_IS6_EEED1Ev</name>
         <load_address>0x20006572</load_address>
         <run_address>0x20006572</run_address>
         <size>0xe</size>
         <input_file_ref idref="fl-4"/>
      </object_component>
      <object_component id="oc-5d4">
         <name>.text:_ZNSt3__29allocatorINS_12basic_stringIcNS_11char_traitsIcEENS0_IcEEEEE7destroyEPS5_</name>
         <load_address>0x20006580</load_address>
         <run_address>0x20006580</run_address>
         <size>0xe</size>
         <input_file_ref idref="fl-4"/>
      </object_component>
      <object_component id="oc-54e">
         <name>.text:_ZNSt3__29allocatorINS_6vectorINS_12basic_stringIcNS_11char_traitsIcEENS0_IcEEEENS0_IS6_EEEEE7destroyEPS8_</name>
         <load_address>0x2000658e</load_address>
         <run_address>0x2000658e</run_address>
         <size>0xe</size>
         <input_file_ref idref="fl-4"/>
      </object_component>
      <object_component id="oc-15">
         <name>.text:decompress:none:__TI_decompress_none</name>
         <load_address>0x2000659c</load_address>
         <run_address>0x2000659c</run_address>
         <size>0xe</size>
         <input_file_ref idref="fl-e6"/>
      </object_component>
      <object_component id="oc-5bf">
         <name>.text:_ZNKSt3__217__compressed_pairIPNS_12basic_stringIcNS_11char_traitsIcEENS_9allocatorIcEEEENS4_IS6_EEE5firstEv</name>
         <load_address>0x200065aa</load_address>
         <run_address>0x200065aa</run_address>
         <size>0xc</size>
         <input_file_ref idref="fl-4"/>
      </object_component>
      <object_component id="oc-51e">
         <name>.text:_ZNKSt3__217__compressed_pairIPNS_6vectorINS_12basic_stringIcNS_11char_traitsIcEENS_9allocatorIcEEEENS5_IS7_EEEENS5_IS9_EEE5firstEv</name>
         <load_address>0x200065b6</load_address>
         <run_address>0x200065b6</run_address>
         <size>0xc</size>
         <input_file_ref idref="fl-4"/>
      </object_component>
      <object_component id="oc-3c5">
         <name>.text:_ZNKSt3__221__basic_string_commonILb1EE20__throw_out_of_rangeEv</name>
         <load_address>0x200065c4</load_address>
         <run_address>0x200065c4</run_address>
         <size>0xc</size>
         <input_file_ref idref="fl-cc"/>
      </object_component>
      <object_component id="oc-3b7">
         <name>.text:_ZNKSt3__222__compressed_pair_elemINS_12basic_stringIcNS_11char_traitsIcEENS_9allocatorIcEEE5__repELi0ELb0EE5__getEv</name>
         <load_address>0x200065d0</load_address>
         <run_address>0x200065d0</run_address>
         <size>0xc</size>
         <input_file_ref idref="fl-4"/>
      </object_component>
      <object_component id="oc-5cd">
         <name>.text:_ZNKSt3__222__compressed_pair_elemIPNS_12basic_stringIcNS_11char_traitsIcEENS_9allocatorIcEEEELi0ELb0EE5__getEv</name>
         <load_address>0x200065dc</load_address>
         <run_address>0x200065dc</run_address>
         <size>0xc</size>
         <input_file_ref idref="fl-4"/>
      </object_component>
      <object_component id="oc-53a">
         <name>.text:_ZNKSt3__222__compressed_pair_elemIPNS_6vectorINS_12basic_stringIcNS_11char_traitsIcEENS_9allocatorIcEEEENS5_IS7_EEEELi0ELb0EE5__getEv</name>
         <load_address>0x200065e8</load_address>
         <run_address>0x200065e8</run_address>
         <size>0xc</size>
         <input_file_ref idref="fl-4"/>
      </object_component>
      <object_component id="oc-2b2">
         <name>.text:_ZNSt3__211char_traitsIcE6lengthEPKc</name>
         <load_address>0x200065f4</load_address>
         <run_address>0x200065f4</run_address>
         <size>0xc</size>
         <input_file_ref idref="fl-4"/>
      </object_component>
      <object_component id="oc-564">
         <name>.text:_ZNSt3__213__vector_baseINS_12basic_stringIcNS_11char_traitsIcEENS_9allocatorIcEEEENS4_IS6_EEED2Ev</name>
         <load_address>0x20006600</load_address>
         <run_address>0x20006600</run_address>
         <size>0xc</size>
         <input_file_ref idref="fl-4"/>
      </object_component>
      <object_component id="oc-2ed">
         <name>.text:_ZNSt3__213__vector_baseINS_6vectorINS_12basic_stringIcNS_11char_traitsIcEENS_9allocatorIcEEEENS5_IS7_EEEENS5_IS9_EEEC2Ev</name>
         <load_address>0x2000660c</load_address>
         <run_address>0x2000660c</run_address>
         <size>0xc</size>
         <input_file_ref idref="fl-4"/>
      </object_component>
      <object_component id="oc-2f4">
         <name>.text:_ZNSt3__213__vector_baseINS_6vectorINS_12basic_stringIcNS_11char_traitsIcEENS_9allocatorIcEEEENS5_IS7_EEEENS5_IS9_EEED2Ev</name>
         <load_address>0x20006618</load_address>
         <run_address>0x20006618</run_address>
         <size>0xc</size>
         <input_file_ref idref="fl-4"/>
      </object_component>
      <object_component id="oc-5aa">
         <name>.text:_ZNSt3__216__to_raw_pointerINS_12basic_stringIcNS_11char_traitsIcEENS_9allocatorIcEEEEEEPT_S8_</name>
         <load_address>0x20006624</load_address>
         <run_address>0x20006624</run_address>
         <size>0xc</size>
         <input_file_ref idref="fl-4"/>
      </object_component>
      <object_component id="oc-509">
         <name>.text:_ZNSt3__216__to_raw_pointerINS_6vectorINS_12basic_stringIcNS_11char_traitsIcEENS_9allocatorIcEEEENS5_IS7_EEEEEEPT_SB_</name>
         <load_address>0x20006630</load_address>
         <run_address>0x20006630</run_address>
         <size>0xc</size>
         <input_file_ref idref="fl-4"/>
      </object_component>
      <object_component id="oc-595">
         <name>.text:_ZNSt3__217__compressed_pairIPNS_12basic_stringIcNS_11char_traitsIcEENS_9allocatorIcEEEENS4_IS6_EEE6secondEv</name>
         <load_address>0x2000663c</load_address>
         <run_address>0x2000663c</run_address>
         <size>0xc</size>
         <input_file_ref idref="fl-4"/>
      </object_component>
      <object_component id="oc-4d3">
         <name>.text:_ZNSt3__217__compressed_pairIPNS_6vectorINS_12basic_stringIcNS_11char_traitsIcEENS_9allocatorIcEEEENS5_IS7_EEEENS5_IS9_EEE6secondEv</name>
         <load_address>0x20006648</load_address>
         <run_address>0x20006648</run_address>
         <size>0xc</size>
         <input_file_ref idref="fl-4"/>
      </object_component>
      <object_component id="oc-525">
         <name>.text:_ZNSt3__219__libcpp_deallocateEPv</name>
         <load_address>0x20006654</load_address>
         <run_address>0x20006654</run_address>
         <size>0xc</size>
         <input_file_ref idref="fl-4"/>
      </object_component>
      <object_component id="oc-5e2">
         <name>.text:_ZNSt3__222__compressed_pair_elemINS_12basic_stringIcNS_11char_traitsIcEENS_9allocatorIcEEE5__repELi0ELb0EE5__getEv</name>
         <load_address>0x20006660</load_address>
         <run_address>0x20006660</run_address>
         <size>0xc</size>
         <input_file_ref idref="fl-4"/>
      </object_component>
      <object_component id="oc-5b8">
         <name>.text:_ZNSt3__222__compressed_pair_elemINS_9allocatorINS_12basic_stringIcNS_11char_traitsIcEENS1_IcEEEEEELi1ELb1EE5__getEv</name>
         <load_address>0x2000666c</load_address>
         <run_address>0x2000666c</run_address>
         <size>0xc</size>
         <input_file_ref idref="fl-4"/>
      </object_component>
      <object_component id="oc-517">
         <name>.text:_ZNSt3__222__compressed_pair_elemINS_9allocatorINS_6vectorINS_12basic_stringIcNS_11char_traitsIcEENS1_IcEEEENS1_IS7_EEEEEELi1ELb1EE5__getEv</name>
         <load_address>0x20006678</load_address>
         <run_address>0x20006678</run_address>
         <size>0xc</size>
         <input_file_ref idref="fl-4"/>
      </object_component>
      <object_component id="oc-4c5">
         <name>.text:_ZNSt3__222__compressed_pair_elemINS_9allocatorINS_6vectorINS_12basic_stringIcNS_11char_traitsIcEENS1_IcEEEENS1_IS7_EEEEEELi1ELb1EEC2Ev</name>
         <load_address>0x20006684</load_address>
         <run_address>0x20006684</run_address>
         <size>0xc</size>
         <input_file_ref idref="fl-4"/>
      </object_component>
      <object_component id="oc-4b7">
         <name>.text:_ZNSt3__27forwardIDnEEOT_RNS_16remove_referenceIS1_E4typeE</name>
         <load_address>0x20006690</load_address>
         <run_address>0x20006690</run_address>
         <size>0xc</size>
         <input_file_ref idref="fl-4"/>
      </object_component>
      <object_component id="oc-547">
         <name>.text:_ZNSt3__29allocatorINS_6vectorINS_12basic_stringIcNS_11char_traitsIcEENS0_IcEEEENS0_IS6_EEEEEC1Ev</name>
         <load_address>0x2000669c</load_address>
         <run_address>0x2000669c</run_address>
         <size>0xc</size>
         <input_file_ref idref="fl-4"/>
      </object_component>
      <object_component id="oc-52c">
         <name>.text:_ZNSt3__29allocatorINS_6vectorINS_12basic_stringIcNS_11char_traitsIcEENS0_IcEEEENS0_IS6_EEEEEC2Ev</name>
         <load_address>0x200066a8</load_address>
         <run_address>0x200066a8</run_address>
         <size>0xc</size>
         <input_file_ref idref="fl-4"/>
      </object_component>
      <object_component id="oc-2cd">
         <name>.text:_ZSt15get_new_handlerv</name>
         <load_address>0x200066b4</load_address>
         <run_address>0x200066b4</run_address>
         <size>0xc</size>
         <input_file_ref idref="fl-cb"/>
      </object_component>
      <object_component id="oc-3cc">
         <name>.text:_ZNSt3__211char_traitsIcE7compareEPKcS3_j</name>
         <load_address>0x200066c0</load_address>
         <run_address>0x200066c0</run_address>
         <size>0xa</size>
         <input_file_ref idref="fl-cc"/>
      </object_component>
      <object_component id="oc-541">
         <name>.text:_ZdlPv</name>
         <load_address>0x200066ca</load_address>
         <run_address>0x200066ca</run_address>
         <size>0x8</size>
         <input_file_ref idref="fl-cb"/>
      </object_component>
      <object_component id="oc-275">
         <name>.text:UtilsDelay</name>
         <load_address>0x200066d2</load_address>
         <run_address>0x200066d2</run_address>
         <size>0x6</size>
         <input_file_ref idref="fl-13"/>
      </object_component>
      <object_component id="oc-462">
         <name>.text:_ZNSt3__220__throw_out_of_rangeEPKc</name>
         <load_address>0x200066d8</load_address>
         <run_address>0x200066d8</run_address>
         <size>0x4</size>
         <input_file_ref idref="fl-cc"/>
      </object_component>
      <object_component id="oc-3f4">
         <name>.text:_Znaj</name>
         <load_address>0x200066dc</load_address>
         <run_address>0x200066dc</run_address>
         <size>0x4</size>
         <input_file_ref idref="fl-cb"/>
      </object_component>
      <object_component id="oc-7f">
         <name>.text:_system_pre_init</name>
         <load_address>0x200066e0</load_address>
         <run_address>0x200066e0</run_address>
         <size>0x4</size>
         <input_file_ref idref="fl-113"/>
      </object_component>
      <object_component id="oc-de">
         <name>.text:abort:abort</name>
         <load_address>0x200066e4</load_address>
         <run_address>0x200066e4</run_address>
         <size>0x4</size>
         <input_file_ref idref="fl-ea"/>
      </object_component>
      <object_component id="oc-17e">
         <name>.const:Font</name>
         <load_address>0x200066e8</load_address>
         <run_address>0x200066e8</run_address>
         <size>0x9f6</size>
         <input_file_ref idref="fl-2"/>
      </object_component>
      <object_component id="oc-3a7">
         <name>.const:g_ulPinToPadMap</name>
         <load_address>0x200070e0</load_address>
         <run_address>0x200070e0</run_address>
         <size>0x100</size>
         <input_file_ref idref="fl-10"/>
      </object_component>
      <object_component id="oc-278">
         <name>.const:PRCM_PeriphRegsList</name>
         <load_address>0x200071e0</load_address>
         <run_address>0x200071e0</run_address>
         <size>0xa8</size>
         <input_file_ref idref="fl-11"/>
      </object_component>
      <object_component id="oc-469">
         <name>.const:.string:_ZZNKSt3__221__basic_string_commonILb1EE20__throw_out_of_rangeEvEs</name>
         <load_address>0x20007288</load_address>
         <run_address>0x20007288</run_address>
         <size>0xd</size>
         <input_file_ref idref="fl-cc"/>
      </object_component>
      <object_component id="oc-1ac">
         <name>.const:$P$T25$1</name>
         <load_address>0x20007298</load_address>
         <run_address>0x20007298</run_address>
         <size>0xc</size>
         <input_file_ref idref="fl-4"/>
      </object_component>
      <object_component id="oc-2fb">
         <name>.const:.string</name>
         <load_address>0x200072a4</load_address>
         <run_address>0x200072a4</run_address>
         <size>0x6</size>
         <input_file_ref idref="fl-4"/>
      </object_component>
      <object_component id="oc-612">
         <name>.cinit..data.load</name>
         <load_address>0x200072b0</load_address>
         <run_address>0x200072b0</run_address>
         <size>0x16</size>
      </object_component>
      <object_component id="oc-610">
         <name>__TI_handler_table</name>
         <load_address>0x200072c8</load_address>
         <run_address>0x200072c8</run_address>
         <size>0xc</size>
      </object_component>
      <object_component id="oc-613">
         <name>.cinit..bss.load</name>
         <load_address>0x200072d8</load_address>
         <run_address>0x200072d8</run_address>
         <size>0x8</size>
      </object_component>
      <object_component id="oc-611">
         <name>__TI_cinit_table</name>
         <load_address>0x200072e0</load_address>
         <run_address>0x200072e0</run_address>
         <size>0x10</size>
      </object_component>
      <object_component id="oc-3ea">
         <name>.data:$O1$$</name>
         <load_address>0x20017000</load_address>
         <run_address>0x20017000</run_address>
         <size>0xc</size>
         <input_file_ref idref="fl-eb"/>
      </object_component>
      <object_component id="oc-258">
         <name>.data:$O1$$</name>
         <load_address>0x2001700c</load_address>
         <run_address>0x2001700c</run_address>
         <size>0x8</size>
         <input_file_ref idref="fl-ec"/>
      </object_component>
      <object_component id="oc-3ee">
         <name>.bss</name>
         <uninitialized>true</uninitialized>
         <run_address>0x20017020</run_address>
         <size>0x4</size>
         <input_file_ref idref="fl-cb"/>
      </object_component>
      <object_component id="oc-178">
         <name>.common:g_ucTxBuff</name>
         <uninitialized>true</uninitialized>
         <run_address>0x20017025</run_address>
         <size>0x1</size>
      </object_component>
      <object_component id="oc-17c">
         <name>.common:g_ucRxBuff</name>
         <uninitialized>true</uninitialized>
         <run_address>0x20017024</run_address>
         <size>0x1</size>
      </object_component>
      <object_component id="oc-20">
         <name>.sysmem</name>
         <uninitialized>true</uninitialized>
         <run_address>0x20017018</run_address>
         <size>0x8</size>
         <input_file_ref idref="fl-eb"/>
      </object_component>
      <object_component id="oc-615">
         <name>.sysmem</name>
         <uninitialized>true</uninitialized>
         <run_address>0x20017018</run_address>
         <size>0x0</size>
      </object_component>
      <object_component id="oc-1d">
         <name>.stack</name>
         <uninitialized>true</uninitialized>
         <run_address>0x2002fae8</run_address>
         <size>0x4</size>
         <input_file_ref idref="fl-e8"/>
      </object_component>
      <object_component id="oc-614">
         <name>.stack</name>
         <uninitialized>true</uninitialized>
         <run_address>0x2002fae8</run_address>
         <size>0x0</size>
      </object_component>
      <object_component id="oc-182">
         <name>.debug_info</name>
         <load_address>0x0</load_address>
         <run_address>0x0</run_address>
         <size>0x326</size>
         <input_file_ref idref="fl-2"/>
      </object_component>
      <object_component id="oc-17f">
         <name>.debug_info</name>
         <load_address>0x326</load_address>
         <run_address>0x326</run_address>
         <size>0xc7</size>
         <input_file_ref idref="fl-2"/>
      </object_component>
      <object_component id="oc-c6">
         <name>.debug_info</name>
         <load_address>0x3ed</load_address>
         <run_address>0x3ed</run_address>
         <size>0xd91</size>
         <input_file_ref idref="fl-2"/>
      </object_component>
      <object_component id="oc-1c3">
         <name>.debug_info</name>
         <load_address>0x117e</load_address>
         <run_address>0x117e</run_address>
         <size>0x94</size>
         <input_file_ref idref="fl-2"/>
      </object_component>
      <object_component id="oc-29">
         <name>.debug_info</name>
         <load_address>0x1212</load_address>
         <run_address>0x1212</run_address>
         <size>0x84</size>
         <input_file_ref idref="fl-2"/>
      </object_component>
      <object_component id="oc-179">
         <name>.debug_info</name>
         <load_address>0x1296</load_address>
         <run_address>0x1296</run_address>
         <size>0x4c7</size>
         <input_file_ref idref="fl-3"/>
      </object_component>
      <object_component id="oc-c0">
         <name>.debug_info</name>
         <load_address>0x175d</load_address>
         <run_address>0x175d</run_address>
         <size>0x3ef</size>
         <input_file_ref idref="fl-3"/>
      </object_component>
      <object_component id="oc-1b0">
         <name>.debug_info</name>
         <load_address>0x1b4c</load_address>
         <run_address>0x1b4c</run_address>
         <size>0x16a8f</size>
         <input_file_ref idref="fl-4"/>
      </object_component>
      <object_component id="oc-1ad">
         <name>.debug_info</name>
         <load_address>0x185db</load_address>
         <run_address>0x185db</run_address>
         <size>0xdb</size>
         <input_file_ref idref="fl-4"/>
      </object_component>
      <object_component id="oc-198">
         <name>.debug_info</name>
         <load_address>0x186b6</load_address>
         <run_address>0x186b6</run_address>
         <size>0x117</size>
         <input_file_ref idref="fl-4"/>
      </object_component>
      <object_component id="oc-2b3">
         <name>.debug_info</name>
         <load_address>0x187cd</load_address>
         <run_address>0x187cd</run_address>
         <size>0x1cd</size>
         <input_file_ref idref="fl-4"/>
      </object_component>
      <object_component id="oc-5e3">
         <name>.debug_info</name>
         <load_address>0x1899a</load_address>
         <run_address>0x1899a</run_address>
         <size>0x211</size>
         <input_file_ref idref="fl-4"/>
      </object_component>
      <object_component id="oc-3b8">
         <name>.debug_info</name>
         <load_address>0x18bab</load_address>
         <run_address>0x18bab</run_address>
         <size>0x212</size>
         <input_file_ref idref="fl-4"/>
      </object_component>
      <object_component id="oc-548">
         <name>.debug_info</name>
         <load_address>0x18dbd</load_address>
         <run_address>0x18dbd</run_address>
         <size>0x203</size>
         <input_file_ref idref="fl-4"/>
      </object_component>
      <object_component id="oc-52d">
         <name>.debug_info</name>
         <load_address>0x18fc0</load_address>
         <run_address>0x18fc0</run_address>
         <size>0x1d4</size>
         <input_file_ref idref="fl-4"/>
      </object_component>
      <object_component id="oc-4e2">
         <name>.debug_info</name>
         <load_address>0x19194</load_address>
         <run_address>0x19194</run_address>
         <size>0x280</size>
         <input_file_ref idref="fl-4"/>
      </object_component>
      <object_component id="oc-54f">
         <name>.debug_info</name>
         <load_address>0x19414</load_address>
         <run_address>0x19414</run_address>
         <size>0x28a</size>
         <input_file_ref idref="fl-4"/>
      </object_component>
      <object_component id="oc-4a0">
         <name>.debug_info</name>
         <load_address>0x1969e</load_address>
         <run_address>0x1969e</run_address>
         <size>0x2de</size>
         <input_file_ref idref="fl-4"/>
      </object_component>
      <object_component id="oc-511">
         <name>.debug_info</name>
         <load_address>0x1997c</load_address>
         <run_address>0x1997c</run_address>
         <size>0x30c</size>
         <input_file_ref idref="fl-4"/>
      </object_component>
      <object_component id="oc-534">
         <name>.debug_info</name>
         <load_address>0x19c88</load_address>
         <run_address>0x19c88</run_address>
         <size>0x300</size>
         <input_file_ref idref="fl-4"/>
      </object_component>
      <object_component id="oc-53b">
         <name>.debug_info</name>
         <load_address>0x19f88</load_address>
         <run_address>0x19f88</run_address>
         <size>0x224</size>
         <input_file_ref idref="fl-4"/>
      </object_component>
      <object_component id="oc-4fc">
         <name>.debug_info</name>
         <load_address>0x1a1ac</load_address>
         <run_address>0x1a1ac</run_address>
         <size>0x297</size>
         <input_file_ref idref="fl-4"/>
      </object_component>
      <object_component id="oc-4bf">
         <name>.debug_info</name>
         <load_address>0x1a443</load_address>
         <run_address>0x1a443</run_address>
         <size>0x256</size>
         <input_file_ref idref="fl-4"/>
      </object_component>
      <object_component id="oc-503">
         <name>.debug_info</name>
         <load_address>0x1a699</load_address>
         <run_address>0x1a699</run_address>
         <size>0x254</size>
         <input_file_ref idref="fl-4"/>
      </object_component>
      <object_component id="oc-4c6">
         <name>.debug_info</name>
         <load_address>0x1a8ed</load_address>
         <run_address>0x1a8ed</run_address>
         <size>0x22d</size>
         <input_file_ref idref="fl-4"/>
      </object_component>
      <object_component id="oc-518">
         <name>.debug_info</name>
         <load_address>0x1ab1a</load_address>
         <run_address>0x1ab1a</run_address>
         <size>0x229</size>
         <input_file_ref idref="fl-4"/>
      </object_component>
      <object_component id="oc-51f">
         <name>.debug_info</name>
         <load_address>0x1ad43</load_address>
         <run_address>0x1ad43</run_address>
         <size>0x2ae</size>
         <input_file_ref idref="fl-4"/>
      </object_component>
      <object_component id="oc-4d4">
         <name>.debug_info</name>
         <load_address>0x1aff1</load_address>
         <run_address>0x1aff1</run_address>
         <size>0x2b4</size>
         <input_file_ref idref="fl-4"/>
      </object_component>
      <object_component id="oc-484">
         <name>.debug_info</name>
         <load_address>0x1b2a5</load_address>
         <run_address>0x1b2a5</run_address>
         <size>0x3af</size>
         <input_file_ref idref="fl-4"/>
      </object_component>
      <object_component id="oc-492">
         <name>.debug_info</name>
         <load_address>0x1b654</load_address>
         <run_address>0x1b654</run_address>
         <size>0x2a9</size>
         <input_file_ref idref="fl-4"/>
      </object_component>
      <object_component id="oc-4db">
         <name>.debug_info</name>
         <load_address>0x1b8fd</load_address>
         <run_address>0x1b8fd</run_address>
         <size>0x2ae</size>
         <input_file_ref idref="fl-4"/>
      </object_component>
      <object_component id="oc-40d">
         <name>.debug_info</name>
         <load_address>0x1bbab</load_address>
         <run_address>0x1bbab</run_address>
         <size>0x2f4</size>
         <input_file_ref idref="fl-4"/>
      </object_component>
      <object_component id="oc-2ee">
         <name>.debug_info</name>
[...]
         <value>0x20006573</value>
         <object_component_ref idref="oc-55c"/>
      </symbol>
      <symbol id="sm-3b6">
         <name>_ZNKSt3__222__compressed_pair_elemIPNS_6vectorINS_12basic_stringIcNS_11char_traitsIcEENS_9allocatorIcEEEENS5_IS7_EEEELi0ELb0EE5__getEv</name>
         <value>0x200065e9</value>
         <object_component_ref idref="oc-53a"/>
      </symbol>
      <symbol id="sm-3b7">
         <name>_ZNSt3__216allocator_traitsINS_9allocatorINS_12basic_stringIcNS_11char_traitsIcEENS1_IcEEEEEEE7destroyIS6_EEvRS7_PT_</name>
         <value>0x20006437</value>
         <object_component_ref idref="oc-5b1"/>
      </symbol>
      <symbol id="sm-3b8">
         <name>_ZN7PVectorC2Eii</name>
         <value>0x2000493d</value>
         <object_component_ref idref="oc-cb"/>
      </symbol>
      <symbol id="sm-3b9">
         <name>_ZNKSt3__213__vector_baseINS_12basic_stringIcNS_11char_traitsIcEENS_9allocatorIcEEEENS4_IS6_EEE8capacityEv</name>
         <value>0x2000637f</value>
         <object_component_ref idref="oc-580"/>
      </symbol>
      <symbol id="sm-3ba">
         <name>_ZNSt3__222__compressed_pair_elemIPNS_6vectorINS_12basic_stringIcNS_11char_traitsIcEENS_9allocatorIcEEEENS5_IS7_EEEELi0ELb0EEC2IDnvEEOT_</name>
         <value>0x200064e1</value>
         <object_component_ref idref="oc-4be"/>
      </symbol>
      <symbol id="sm-3bb">
         <name>_ZNSt3__216allocator_traitsINS_9allocatorINS_6vectorINS_12basic_stringIcNS_11char_traitsIcEENS1_IcEEEENS1_IS7_EEEEEEE10deallocateERSA_PS9_j</name>
         <value>0x2000645f</value>
         <object_component_ref idref="oc-49f"/>
      </symbol>
      <symbol id="sm-3bc">
         <name>_ZNSt3__26vectorINS0_INS_12basic_stringIcNS_11char_traitsIcEENS_9allocatorIcEEEENS4_IS6_EEEENS4_IS8_EEED1Ev</name>
         <value>0x20006565</value>
         <object_component_ref idref="oc-1a5"/>
      </symbol>
      <symbol id="sm-3bd">
         <name>_ZNSt3__29allocatorINS_6vectorINS_12basic_stringIcNS_11char_traitsIcEENS0_IcEEEENS0_IS6_EEEEE10deallocateEPS8_j</name>
         <value>0x20006501</value>
         <object_component_ref idref="oc-4e1"/>
      </symbol>
      <symbol id="sm-3be">
         <name>_ZN6Button4drawEv</name>
         <value>0x2000499b</value>
         <object_component_ref idref="oc-cb"/>
      </symbol>
      <symbol id="sm-3bf">
         <name>_ZNSt3__217__compressed_pairIPNS_6vectorINS_12basic_stringIcNS_11char_traitsIcEENS_9allocatorIcEEEENS5_IS7_EEEENS5_IS9_EEE6secondEv</name>
         <value>0x20006649</value>
         <object_component_ref idref="oc-4d3"/>
      </symbol>
      <symbol id="sm-3c0">
         <name>_ZNSt3__29allocatorINS_12basic_stringIcNS_11char_traitsIcEENS0_IcEEEEE10deallocateEPS5_j</name>
         <value>0x200064f1</value>
         <object_component_ref idref="oc-5a3"/>
      </symbol>
      <symbol id="sm-3c1">
         <name>_ZNSt3__216allocator_traitsINS_9allocatorINS_6vectorINS_12basic_stringIcNS_11char_traitsIcEENS1_IcEEEENS1_IS7_EEEEEEE9__destroyIS9_EEvNS_17integral_constantIbLb1EEERSA_PT_</name>
         <value>0x20006487</value>
         <object_component_ref idref="oc-533"/>
      </symbol>
      <symbol id="sm-3c2">
         <name>_ZNSt3__217__compressed_pairIPNS_6vectorINS_12basic_stringIcNS_11char_traitsIcEENS_9allocatorIcEEEENS5_IS7_EEEENS5_IS9_EEEC1IDnLb1EEEOT_</name>
         <value>0x20006347</value>
         <object_component_ref idref="oc-483"/>
      </symbol>
      <symbol id="sm-3c3">
         <name>_ZN6Button14checkWithTitleE7PVectorNSt3__212basic_stringIcNS1_11char_traitsIcEENS1_9allocatorIcEEEE</name>
         <value>0x20004a25</value>
         <object_component_ref idref="oc-cb"/>
      </symbol>
      <symbol id="sm-3c4">
         <name>_ZN6Button5checkE7PVector</name>
         <value>0x200049e1</value>
         <object_component_ref idref="oc-cb"/>
      </symbol>
      <symbol id="sm-3c5">
         <name>_ZN7ElementC1Ev</name>
         <value>0x20006255</value>
         <object_component_ref idref="oc-197"/>
      </symbol>
      <symbol id="sm-3c6">
         <name>_ZNKSt3__213__vector_baseINS_12basic_stringIcNS_11char_traitsIcEENS_9allocatorIcEEEENS4_IS6_EEE9__end_capEv</name>
         <value>0x20006511</value>
         <object_component_ref idref="oc-59c"/>
      </symbol>
      <symbol id="sm-3c7">
         <name>_ZN7PVectorC1Eii</name>
         <value>0x2000493d</value>
         <object_component_ref idref="oc-cb"/>
      </symbol>
      <symbol id="sm-3c8">
         <name>_ZNSt3__216__to_raw_pointerINS_6vectorINS_12basic_stringIcNS_11char_traitsIcEENS_9allocatorIcEEEENS5_IS7_EEEEEEPT_SB_</name>
         <value>0x20006631</value>
         <object_component_ref idref="oc-509"/>
      </symbol>
      <symbol id="sm-3c9">
         <name>_ZNSt3__213__vector_baseINS_12basic_stringIcNS_11char_traitsIcEENS_9allocatorIcEEEENS4_IS6_EEED1Ev</name>
         <value>0x20006153</value>
         <object_component_ref idref="oc-56b"/>
      </symbol>
      <symbol id="sm-3ca">
         <name>_ZNKSt3__222__compressed_pair_elemIPNS_12basic_stringIcNS_11char_traitsIcEENS_9allocatorIcEEEELi0ELb0EE5__getEv</name>
         <value>0x200065dd</value>
         <object_component_ref idref="oc-5cd"/>
      </symbol>
      <symbol id="sm-3cb">
         <name>_ZNSt3__222__compressed_pair_elemINS_9allocatorINS_6vectorINS_12basic_stringIcNS_11char_traitsIcEENS1_IcEEEENS1_IS7_EEEEEELi1ELb1EEC2Ev</name>
         <value>0x20006685</value>
         <object_component_ref idref="oc-4c5"/>
      </symbol>
      <symbol id="sm-3cc">
         <name>_ZNSt3__211char_traitsIcE6lengthEPKc</name>
         <value>0x200065f5</value>
         <object_component_ref idref="oc-2b2"/>
      </symbol>
      <symbol id="sm-3cd">
         <name>_ZNSt3__213__vector_baseINS_6vectorINS_12basic_stringIcNS_11char_traitsIcEENS_9allocatorIcEEEENS5_IS7_EEEENS5_IS9_EEEC1Ev</name>
         <value>0x20006205</value>
         <object_component_ref idref="oc-40c"/>
      </symbol>
      <symbol id="sm-3ce">
         <name>_ZNSt3__216allocator_traitsINS_9allocatorINS_12basic_stringIcNS_11char_traitsIcEENS1_IcEEEEEEE10deallocateERS7_PS6_j</name>
         <value>0x20006423</value>
         <object_component_ref idref="oc-587"/>
      </symbol>
      <symbol id="sm-3cf">
         <name>_ZNKSt3__213__vector_baseINS_6vectorINS_12basic_stringIcNS_11char_traitsIcEENS_9allocatorIcEEEENS5_IS7_EEEENS5_IS9_EEE8capacityEv</name>
         <value>0x20006399</value>
         <object_component_ref idref="oc-498"/>
      </symbol>
      <symbol id="sm-3d0">
         <name>_ZNSt3__216allocator_traitsINS_9allocatorINS_6vectorINS_12basic_stringIcNS_11char_traitsIcEENS1_IcEEEENS1_IS7_EEEEEEE7destroyIS9_EEvRSA_PT_</name>
         <value>0x20006473</value>
         <object_component_ref idref="oc-510"/>
      </symbol>
      <symbol id="sm-3d1">
         <name>_ZNSt3__213__vector_baseINS_12basic_stringIcNS_11char_traitsIcEENS_9allocatorIcEEEENS4_IS6_EEED2Ev</name>
         <value>0x20006601</value>
         <object_component_ref idref="oc-564"/>
      </symbol>
      <symbol id="sm-3d2">
         <name>_ZNSt3__222__compressed_pair_elemINS_9allocatorINS_12basic_stringIcNS_11char_traitsIcEENS1_IcEEEEEELi1ELb1EE5__getEv</name>
         <value>0x2000666d</value>
         <object_component_ref idref="oc-5b8"/>
      </symbol>
      <symbol id="sm-3d3">
         <name>_ZN13Clock_displayC2Eii</name>
         <value>0x20004f5d</value>
         <object_component_ref idref="oc-cb"/>
      </symbol>
      <symbol id="sm-3d4">
         <name>_ZNSt3__213__vector_baseINS_6vectorINS_12basic_stringIcNS_11char_traitsIcEENS_9allocatorIcEEEENS5_IS7_EEEENS5_IS9_EEE5clearEv</name>
         <value>0x200064d1</value>
         <object_component_ref idref="oc-48a"/>
      </symbol>
      <symbol id="sm-3d5">
         <name>_ZNSt3__213__vector_baseINS_6vectorINS_12basic_stringIcNS_11char_traitsIcEENS_9allocatorIcEEEENS5_IS7_EEEENS5_IS9_EEEC2Ev</name>
         <value>0x2000660d</value>
         <object_component_ref idref="oc-2ed"/>
      </symbol>
      <symbol id="sm-3d6">
         <name>_ZNSt3__216__to_raw_pointerINS_12basic_stringIcNS_11char_traitsIcEENS_9allocatorIcEEEEEEPT_S8_</name>
         <value>0x20006625</value>
         <object_component_ref idref="oc-5aa"/>
      </symbol>
      <symbol id="sm-3d7">
         <name>_ZN6ButtonC2EiiiimmPc</name>
         <value>0x20004959</value>
         <object_component_ref idref="oc-cb"/>
      </symbol>
      <symbol id="sm-441">
         <name>_Z11adminScreenv</name>
         <value>0x20004211</value>
         <object_component_ref idref="oc-85"/>
      </symbol>
      <symbol id="sm-442">
         <name>_Z8setUpPinv</name>
         <value>0x2000412f</value>
         <object_component_ref idref="oc-85"/>
      </symbol>
      <symbol id="sm-443">
         <name>_Z5delayv</name>
         <value>0x20004009</value>
         <object_component_ref idref="oc-85"/>
      </symbol>
      <symbol id="sm-444">
         <name>main</name>
         <value>0x2000402b</value>
         <object_component_ref idref="oc-85"/>
      </symbol>
      <symbol id="sm-445">
         <name>_Z8homePagev</name>
         <value>0x20004613</value>
         <object_component_ref idref="oc-85"/>
      </symbol>
      <symbol id="sm-446">
         <name>_Z13welcomeScreenv</name>
         <value>0x20004055</value>
         <object_component_ref idref="oc-85"/>
      </symbol>
      <symbol id="sm-447">
         <name>_Z11setUpAlarmsPc</name>
         <value>0x20004421</value>
         <object_component_ref idref="oc-85"/>
      </symbol>
      <symbol id="sm-448">
         <name>_Z8enterPinv</name>
         <value>0x200042e9</value>
         <object_component_ref idref="oc-85"/>
      </symbol>
      <symbol id="sm-449">
         <name>_Z12alarmRingingv</name>
         <value>0x200047e1</value>
         <object_component_ref idref="oc-85"/>
      </symbol>
      <symbol id="sm-457">
         <name>_Z5SetDCv</name>
         <value>0x20005e49</value>
         <object_component_ref idref="oc-b9"/>
      </symbol>
      <symbol id="sm-458">
         <name>_Z7ResetDCv</name>
         <value>0x20005e57</value>
         <object_component_ref idref="oc-b9"/>
      </symbol>
      <symbol id="sm-459">
         <name>_Z15SPIPinMuxConfigv</name>
         <value>0x20005e09</value>
         <object_component_ref idref="oc-b9"/>
      </symbol>
      <symbol id="sm-472">
         <name>GPIODirModeSet</name>
         <value>0x200060ed</value>
         <object_component_ref idref="oc-147"/>
      </symbol>
      <symbol id="sm-473">
         <name>GPIOPinWrite</name>
         <value>0x20006307</value>
         <object_component_ref idref="oc-153"/>
      </symbol>
      <symbol id="sm-4ab">
         <name>PinTypeGPIO</name>
         <value>0x20006123</value>
         <object_component_ref idref="oc-141"/>
      </symbol>
      <symbol id="sm-4ac">
         <name>PinConfigSet</name>
         <value>0x20005b21</value>
         <object_component_ref idref="oc-27f"/>
      </symbol>
      <symbol id="sm-4ad">
         <name>PinTypeSPI</name>
         <value>0x20006365</value>
         <object_component_ref idref="oc-14d"/>
      </symbol>
      <symbol id="sm-4ae">
         <name>PinModeSet</name>
         <value>0x20005f05</value>
         <object_component_ref idref="oc-285"/>
      </symbol>
      <symbol id="sm-539">
         <name>PRCMPeripheralReset</name>
         <value>0x20005e69</value>
         <object_component_ref idref="oc-134"/>
      </symbol>
      <symbol id="sm-53a">
         <name>PRCMPeripheralClkEnable</name>
         <value>0x20006005</value>
         <object_component_ref idref="oc-12e"/>
      </symbol>
      <symbol id="sm-53b">
         <name>PRCMPeripheralClockGet</name>
         <value>0x200059f9</value>
         <object_component_ref idref="oc-160"/>
      </symbol>
      <symbol id="sm-53c">
         <name>PRCMCC3200MCUInit</name>
         <value>0x20005415</value>
         <object_component_ref idref="oc-b3"/>
      </symbol>
      <symbol id="sm-53d">
         <name>PRCMHIBRegWrite</name>
         <value>0x200063e1</value>
         <object_component_ref idref="oc-128"/>
      </symbol>
      <symbol id="sm-53e">
         <name>PRCMSysResetCauseGet</name>
         <value>0x200061b1</value>
         <object_component_ref idref="oc-11c"/>
      </symbol>
      <symbol id="sm-53f">
         <name>PRCMPeripheralClkDisable</name>
         <value>0x200061dd</value>
         <object_component_ref idref="oc-13a"/>
      </symbol>
      <symbol id="sm-540">
         <name>PRCMHIBRegRead</name>
         <value>0x200063cb</value>
         <object_component_ref idref="oc-122"/>
      </symbol>
      <symbol id="sm-5a4">
         <name>SPITransfer</name>
         <value>0x20005ba9</value>
         <object_component_ref idref="oc-172"/>
      </symbol>
      <symbol id="sm-5a5">
         <name>SPIEnable</name>
         <value>0x200063b3</value>
         <object_component_ref idref="oc-16c"/>
      </symbol>
      <symbol id="sm-5a6">
         <name>SPIConfigSetExpClk</name>
         <value>0x200058bd</value>
         <object_component_ref idref="oc-166"/>
      </symbol>
      <symbol id="sm-5a7">
         <name>SPIReset</name>
         <value>0x200062c3</value>
         <object_component_ref idref="oc-15a"/>
      </symbol>
      <symbol id="sm-5ab">
         <name>UtilsDelay</name>
         <value>0x200066d3</value>
         <object_component_ref idref="oc-275"/>
      </symbol>
      <symbol id="sm-5e9">
         <name>_Znaj</name>
         <value>0x200066dd</value>
         <object_component_ref idref="oc-3f4"/>
      </symbol>
      <symbol id="sm-5ea">
         <name>_ZSt15get_new_handlerv</name>
         <value>0x200066b5</value>
         <object_component_ref idref="oc-2cd"/>
      </symbol>
      <symbol id="sm-5eb">
         <name>_Znwj</name>
         <value>0x200062e5</value>
         <object_component_ref idref="oc-18b"/>
      </symbol>
      <symbol id="sm-5ec">
         <name>_ZdlPv</name>
         <value>0x200066cb</value>
         <object_component_ref idref="oc-541"/>
      </symbol>
      <symbol id="sm-680">
         <name>_ZNSt3__211char_traitsIcE7compareEPKcS3_j</name>
         <value>0x200066c1</value>
         <object_component_ref idref="oc-3cc"/>
      </symbol>
      <symbol id="sm-681">
         <name>_ZNKSt3__221__basic_string_commonILb1EE20__throw_out_of_rangeEv</name>
         <value>0x200065c5</value>
         <object_component_ref idref="oc-3c5"/>
      </symbol>
      <symbol id="sm-682">
         <name>_ZZNKSt3__221__basic_string_commonILb1EE20__throw_out_of_rangeEvEs</name>
         <value>0x20007288</value>
         <object_component_ref idref="oc-469"/>
      </symbol>
      <symbol id="sm-683">
         <name>_ZNSt3__220__throw_out_of_rangeEPKc</name>
         <value>0x200066d9</value>
         <object_component_ref idref="oc-462"/>
      </symbol>
      <symbol id="sm-684">
         <name>_ZNKSt3__212basic_stringIcNS_11char_traitsIcEENS_9allocatorIcEEE7compareEjjPKcj</name>
         <value>0x20005c31</value>
         <object_component_ref idref="oc-2c0"/>
      </symbol>
      <symbol id="sm-685">
         <name>_ZNKSt3__212basic_stringIcNS_11char_traitsIcEENS_9allocatorIcEEE4sizeEv</name>
         <value>0x200063f7</value>
         <object_component_ref idref="oc-2b9"/>
      </symbol>
      <symbol id="sm-686">
         <name>_ZNSt3__212basic_stringIcNS_11char_traitsIcEENS_9allocatorIcEEED1Ev</name>
         <value>0x20006327</value>
         <object_component_ref idref="oc-5db"/>
      </symbol>
      <symbol id="sm-698">
         <name>_ZNSt3__220__vector_base_commonILb1EEC2Ev</name>
         <value>0x2000493b</value>
         <object_component_ref idref="oc-47c"/>
      </symbol>
      <symbol id="sm-6ce">
         <name>__cxa_vec_ctor</name>
         <value>0x2000627b</value>
         <object_component_ref idref="oc-191"/>
      </symbol>
      <symbol id="sm-702">
         <name>memcpy</name>
         <value>0x2000595d</value>
         <object_component_ref idref="oc-2e"/>
      </symbol>
      <symbol id="sm-703">
         <name>__aeabi_memcpy</name>
         <value>0x2000595d</value>
         <object_component_ref idref="oc-2e"/>
      </symbol>
      <symbol id="sm-704">
         <name>__aeabi_memcpy8</name>
         <value>0x2000595d</value>
         <object_component_ref idref="oc-2e"/>
      </symbol>
      <symbol id="sm-705">
         <name>__aeabi_memcpy4</name>
         <value>0x2000595d</value>
         <object_component_ref idref="oc-2e"/>
      </symbol>
      <symbol id="sm-71a">
         <name>__TI_zero_init_nomemset</name>
         <value>0x200064af</value>
         <object_component_ref idref="oc-3a"/>
      </symbol>
      <symbol id="sm-731">
         <name>__TI_decompress_none</name>
         <value>0x2000659d</value>
         <object_component_ref idref="oc-15"/>
      </symbol>
      <symbol id="sm-754">
         <name>__TI_decompress_lzss</name>
         <value>0x20005d9f</value>
         <object_component_ref idref="oc-f"/>
      </symbol>
      <symbol id="sm-767">
         <name>__stack</name>
         <value>0x2002fae8</value>
         <object_component_ref idref="oc-1d"/>
      </symbol>
      <symbol id="sm-768">
         <name>_c_int00_noargs</name>
         <value>0x2000607d</value>
         <object_component_ref idref="oc-4c"/>
      </symbol>
      <symbol id="sm-774">
         <name>C$$EXIT</name>
         <value>0x200066e5</value>
         <object_component_ref idref="oc-de"/>
      </symbol>
      <symbol id="sm-775">
         <name>abort</name>
         <value>0x200066e5</value>
         <object_component_ref idref="oc-de"/>
      </symbol>
      <symbol id="sm-7f0">
         <name>_sys_memory</name>
         <value>0x20017018</value>
         <object_component_ref idref="oc-20"/>
      </symbol>
      <symbol id="sm-7f1">
         <name>free</name>
         <value>0x2000558d</value>
         <object_component_ref idref="oc-555"/>
      </symbol>
      <symbol id="sm-7f2">
         <name>malloc</name>
         <value>0x20005cb1</value>
         <object_component_ref idref="oc-2c7"/>
      </symbol>
      <symbol id="sm-7f3">
         <name>minit</name>
         <value>0x200060b5</value>
         <object_component_ref idref="oc-3d8"/>
      </symbol>
      <symbol id="sm-808">
         <name>_nop</name>
         <value>0x20004f93</value>
         <object_component_ref idref="oc-37f"/>
      </symbol>
      <symbol id="sm-809">
         <name>_lock</name>
         <value>0x2001700c</value>
         <object_component_ref idref="oc-258"/>
      </symbol>
      <symbol id="sm-80a">
         <name>_unlock</name>
         <value>0x20017010</value>
         <object_component_ref idref="oc-258"/>
      </symbol>
      <symbol id="sm-820">
         <name>memcmp</name>
         <value>0x2000629f</value>
         <object_component_ref idref="oc-46e"/>
      </symbol>
      <symbol id="sm-830">
         <name>strlen</name>
         <value>0x2000649b</value>
         <object_component_ref idref="oc-3b1"/>
      </symbol>
      <symbol id="sm-873">
         <name>__TI_auto_init_nobinit_nopinit</name>
         <value>0x20005ec1</value>
         <object_component_ref idref="oc-ea"/>
      </symbol>
      <symbol id="sm-87d">
         <name>_system_pre_init</name>
         <value>0x200066e1</value>
         <object_component_ref idref="oc-7f"/>
      </symbol>
      <symbol id="sm-8ab">
         <name>__TI_static_base__</name>
         <value>0x200072b0</value>
      </symbol>
      <symbol id="sm-8ae">
         <name>__mpu_init</name>
         <value>0x0</value>
      </symbol>
      <symbol id="sm-8af">
         <name>_system_post_cinit</name>
         <value>0x0</value>
      </symbol>
      <symbol id="sm-8b0">
         <name>_ZSt17__throw_bad_allocv</name>
         <value>0x200066e5</value>
      </symbol>
   </symbol_table>
   <title>Link successful</title>
</link_info>
