<?xml version="1.0" encoding="ISO-8859-1" ?>
<link_info>
   <banner>TI ARM Linker PC v18.1.3.LTS</banner>
   <copyright>Copyright (c) 1996-2017 Texas Instruments Incorporated</copyright>
   <link_time>0x5c0b6d71</link_time>
   <link_errors>0x0</link_errors>
   <output_file>motor_example.out</output_file>
   <entry_point>
      <name>_c_int00_noargs</name>
      <address>0x20007a61</address>
   </entry_point>
   <input_file_list>
      <input_file id="fl-2">
         <path>.\</path>
         <kind>object</kind>
         <file>LCD.obj</file>
         <name>LCD.obj</name>
      </input_file>
      <input_file id="fl-3">
         <path>.\</path>
         <kind>object</kind>
         <file>gfxfont.obj</file>
         <name>gfxfont.obj</name>
      </input_file>
      <input_file id="fl-4">
         <path>.\</path>
         <kind>object</kind>
         <file>glcdfont.obj</file>
         <name>glcdfont.obj</name>
      </input_file>
      <input_file id="fl-5">
         <path>.\</path>
         <kind>object</kind>
         <file>gpio_if.obj</file>
         <name>gpio_if.obj</name>
      </input_file>
      <input_file id="fl-6">
         <path>.\</path>
         <kind>object</kind>
         <file>graphicsClasses.obj</file>
         <name>graphicsClasses.obj</name>
      </input_file>
      <input_file id="fl-7">
         <path>.\</path>
         <kind>object</kind>
         <file>hw_functions.obj</file>
         <name>hw_functions.obj</name>
      </input_file>
      <input_file id="fl-8">
         <path>.\</path>
         <kind>object</kind>
         <file>main.obj</file>
         <name>main.obj</name>
      </input_file>
      <input_file id="fl-9">
         <path>.\</path>
         <kind>object</kind>
         <file>motor.obj</file>
         <name>motor.obj</name>
      </input_file>
      <input_file id="fl-a">
         <path>.\</path>
         <kind>object</kind>
         <file>myi2c.obj</file>
         <name>myi2c.obj</name>
      </input_file>
      <input_file id="fl-b">
         <path>.\</path>
         <kind>object</kind>
         <file>pwmTimer.obj</file>
         <name>pwmTimer.obj</name>
      </input_file>
      <input_file id="fl-c">
         <path>.\</path>
         <kind>object</kind>
         <file>rtc.obj</file>
         <name>rtc.obj</name>
      </input_file>
      <input_file id="fl-d">
         <path>.\</path>
         <kind>object</kind>
         <file>startup_ccs.obj</file>
         <name>startup_ccs.obj</name>
      </input_file>
      <input_file id="fl-e">
         <path>.\</path>
         <kind>object</kind>
         <file>timer_if.obj</file>
         <name>timer_if.obj</name>
      </input_file>
      <input_file id="fl-f">
         <path>.\</path>
         <kind>object</kind>
         <file>touch.obj</file>
         <name>touch.obj</name>
      </input_file>
      <input_file id="fl-10">
         <path>.\</path>
         <kind>object</kind>
         <file>uart_if.obj</file>
         <name>uart_if.obj</name>
      </input_file>
      <input_file id="fl-15">
         <kind>object</kind>
         <file>&lt;internal&gt;</file>
         <name>&lt;internal&gt;</name>
      </input_file>
      <input_file id="fl-cb">
         <path>C:\ti\ccsv8\tools\compiler\ti-cgt-arm_18.1.3.LTS\lib\</path>
         <kind>archive</kind>
         <file>rtsv7M4_T_le_v4SPD16_eabi.lib</file>
         <name>new.cpp.obj</name>
      </input_file>
      <input_file id="fl-cc">
         <path>C:\ti\ccsv8\tools\compiler\ti-cgt-arm_18.1.3.LTS\lib\</path>
         <kind>archive</kind>
         <file>rtsv7M4_T_le_v4SPD16_eabi.lib</file>
         <name>string.cpp.obj</name>
      </input_file>
      <input_file id="fl-cd">
         <path>C:\ti\ccsv8\tools\compiler\ti-cgt-arm_18.1.3.LTS\lib\</path>
         <kind>archive</kind>
         <file>rtsv7M4_T_le_v4SPD16_eabi.lib</file>
         <name>vector.cpp.obj</name>
      </input_file>
      <input_file id="fl-ce">
         <path>C:\ti\ccsv8\tools\compiler\ti-cgt-arm_18.1.3.LTS\lib\</path>
         <kind>archive</kind>
         <file>rtsv7M4_T_le_v4SPD16_eabi.lib</file>
         <name>wcslen.c.obj</name>
      </input_file>
      <input_file id="fl-cf">
         <path>C:\ti\ccsv8\tools\compiler\ti-cgt-arm_18.1.3.LTS\lib\</path>
         <kind>archive</kind>
         <file>rtsv7M4_T_le_v4SPD16_eabi.lib</file>
         <name>wmemchr.c.obj</name>
      </input_file>
      <input_file id="fl-d0">
         <path>C:\ti\ccsv8\tools\compiler\ti-cgt-arm_18.1.3.LTS\lib\</path>
         <kind>archive</kind>
         <file>rtsv7M4_T_le_v4SPD16_eabi.lib</file>
         <name>wmemcmp.c.obj</name>
      </input_file>
      <input_file id="fl-d1">
         <path>C:\ti\ccsv8\tools\compiler\ti-cgt-arm_18.1.3.LTS\lib\</path>
         <kind>archive</kind>
         <file>rtsv7M4_T_le_v4SPD16_eabi.lib</file>
         <name>wmemmove.c.obj</name>
      </input_file>
      <input_file id="fl-d2">
         <path>C:\ti\ccsv8\tools\compiler\ti-cgt-arm_18.1.3.LTS\lib\</path>
         <kind>archive</kind>
         <file>rtsv7M4_T_le_v4SPD16_eabi.lib</file>
         <name>wmemset.c.obj</name>
      </input_file>
      <input_file id="fl-d3">
         <path>C:\ti\ccsv8\tools\compiler\ti-cgt-arm_18.1.3.LTS\lib\</path>
         <kind>archive</kind>
         <file>rtsv7M4_T_le_v4SPD16_eabi.lib</file>
         <name>wcstof.c.obj</name>
      </input_file>
      <input_file id="fl-d4">
         <path>C:\ti\ccsv8\tools\compiler\ti-cgt-arm_18.1.3.LTS\lib\</path>
         <kind>archive</kind>
         <file>rtsv7M4_T_le_v4SPD16_eabi.lib</file>
         <name>wcstod.c.obj</name>
      </input_file>
      <input_file id="fl-d5">
         <path>C:\ti\ccsv8\tools\compiler\ti-cgt-arm_18.1.3.LTS\lib\</path>
         <kind>archive</kind>
         <file>rtsv7M4_T_le_v4SPD16_eabi.lib</file>
         <name>wcstold.c.obj</name>
      </input_file>
      <input_file id="fl-d6">
         <path>C:\ti\ccsv8\tools\compiler\ti-cgt-arm_18.1.3.LTS\lib\</path>
         <kind>archive</kind>
         <file>rtsv7M4_T_le_v4SPD16_eabi.lib</file>
         <name>wcstol.c.obj</name>
      </input_file>
      <input_file id="fl-d7">
         <path>C:\ti\ccsv8\tools\compiler\ti-cgt-arm_18.1.3.LTS\lib\</path>
         <kind>archive</kind>
         <file>rtsv7M4_T_le_v4SPD16_eabi.lib</file>
         <name>wcstoul.c.obj</name>
      </input_file>
      <input_file id="fl-d8">
         <path>C:\ti\ccsv8\tools\compiler\ti-cgt-arm_18.1.3.LTS\lib\</path>
         <kind>archive</kind>
         <file>rtsv7M4_T_le_v4SPD16_eabi.lib</file>
         <name>wcstoll.c.obj</name>
      </input_file>
      <input_file id="fl-d9">
         <path>C:\ti\ccsv8\tools\compiler\ti-cgt-arm_18.1.3.LTS\lib\</path>
         <kind>archive</kind>
         <file>rtsv7M4_T_le_v4SPD16_eabi.lib</file>
         <name>wcstoull.c.obj</name>
      </input_file>
      <input_file id="fl-da">
         <path>C:\ti\ccsv8\tools\compiler\ti-cgt-arm_18.1.3.LTS\lib\</path>
         <kind>archive</kind>
         <file>rtsv7M4_T_le_v4SPD16_eabi.lib</file>
         <name>swprintf.c.obj</name>
      </input_file>
      <input_file id="fl-db">
         <path>C:\ti\ccsv8\tools\compiler\ti-cgt-arm_18.1.3.LTS\lib\</path>
         <kind>archive</kind>
         <file>rtsv7M4_T_le_v4SPD16_eabi.lib</file>
         <name>wmemcpy.c.obj</name>
      </input_file>
      <input_file id="fl-dc">
         <path>C:\ti\ccsv8\tools\compiler\ti-cgt-arm_18.1.3.LTS\lib\</path>
         <kind>archive</kind>
         <file>rtsv7M4_T_le_v4SPD16_eabi.lib</file>
         <name>none_mb.c.obj</name>
      </input_file>
      <input_file id="fl-dd">
         <path>C:\ti\ccsv8\tools\compiler\ti-cgt-arm_18.1.3.LTS\lib\</path>
         <kind>archive</kind>
         <file>rtsv7M4_T_le_v4SPD16_eabi.lib</file>
         <name>vswprintf.c.obj</name>
      </input_file>
      <input_file id="fl-de">
         <path>C:\ti\ccsv8\tools\compiler\ti-cgt-arm_18.1.3.LTS\lib\</path>
         <kind>archive</kind>
         <file>rtsv7M4_T_le_v4SPD16_eabi.lib</file>
         <name>vec_newdel.c.obj</name>
      </input_file>
      <input_file id="fl-df">
         <path>C:\ti\ccsv8\tools\compiler\ti-cgt-arm_18.1.3.LTS\lib\</path>
         <kind>archive</kind>
         <file>rtsv7M4_T_le_v4SPD16_eabi.lib</file>
         <name>memset_t2.asm.obj</name>
      </input_file>
      <input_file id="fl-e0">
         <path>C:\ti\ccsv8\tools\compiler\ti-cgt-arm_18.1.3.LTS\lib\</path>
         <kind>archive</kind>
         <file>rtsv7M4_T_le_v4SPD16_eabi.lib</file>
         <name>ull_div_t2.asm.obj</name>
      </input_file>
      <input_file id="fl-e1">
         <path>C:\ti\ccsv8\tools\compiler\ti-cgt-arm_18.1.3.LTS\lib\</path>
         <kind>archive</kind>
         <file>rtsv7M4_T_le_v4SPD16_eabi.lib</file>
         <name>u_divt2.asm.obj</name>
      </input_file>
      <input_file id="fl-e2">
         <path>C:\ti\ccsv8\tools\compiler\ti-cgt-arm_18.1.3.LTS\lib\</path>
         <kind>archive</kind>
         <file>rtsv7M4_T_le_v4SPD16_eabi.lib</file>
         <name>fs_tod_t2.asm.obj</name>
      </input_file>
      <input_file id="fl-e3">
         <path>C:\ti\ccsv8\tools\compiler\ti-cgt-arm_18.1.3.LTS\lib\</path>
         <kind>archive</kind>
         <file>rtsv7M4_T_le_v4SPD16_eabi.lib</file>
         <name>ll_mul_t2.asm.obj</name>
      </input_file>
      <input_file id="fl-e4">
         <path>C:\ti\ccsv8\tools\compiler\ti-cgt-arm_18.1.3.LTS\lib\</path>
         <kind>archive</kind>
         <file>rtsv7M4_T_le_v4SPD16_eabi.lib</file>
         <name>memcpy_t2.asm.obj</name>
      </input_file>
      <input_file id="fl-e5">
         <path>C:\ti\ccsv8\tools\compiler\ti-cgt-arm_18.1.3.LTS\lib\</path>
         <kind>archive</kind>
         <file>rtsv7M4_T_le_v4SPD16_eabi.lib</file>
         <name>copy_zero_init.c.obj</name>
      </input_file>
      <input_file id="fl-e6">
         <path>C:\ti\ccsv8\tools\compiler\ti-cgt-arm_18.1.3.LTS\lib\</path>
         <kind>archive</kind>
         <file>rtsv7M4_T_le_v4SPD16_eabi.lib</file>
         <name>copy_decompress_none.c.obj</name>
      </input_file>
      <input_file id="fl-e7">
         <path>C:\ti\ccsv8\tools\compiler\ti-cgt-arm_18.1.3.LTS\lib\</path>
         <kind>archive</kind>
         <file>rtsv7M4_T_le_v4SPD16_eabi.lib</file>
         <name>copy_decompress_lzss.c.obj</name>
      </input_file>
      <input_file id="fl-e8">
         <path>C:\ti\ccsv8\tools\compiler\ti-cgt-arm_18.1.3.LTS\lib\</path>
         <kind>archive</kind>
         <file>rtsv7M4_T_le_v4SPD16_eabi.lib</file>
         <name>exit.c.obj</name>
      </input_file>
      <input_file id="fl-e9">
         <path>C:\ti\ccsv8\tools\compiler\ti-cgt-arm_18.1.3.LTS\lib\</path>
         <kind>archive</kind>
         <file>rtsv7M4_T_le_v4SPD16_eabi.lib</file>
         <name>memory.c.obj</name>
      </input_file>
      <input_file id="fl-ea">
         <path>C:\ti\ccsv8\tools\compiler\ti-cgt-arm_18.1.3.LTS\lib\</path>
         <kind>archive</kind>
         <file>rtsv7M4_T_le_v4SPD16_eabi.lib</file>
         <name>_lock.c.obj</name>
      </input_file>
      <input_file id="fl-eb">
         <path>C:\ti\ccsv8\tools\compiler\ti-cgt-arm_18.1.3.LTS\lib\</path>
         <kind>archive</kind>
         <file>rtsv7M4_T_le_v4SPD16_eabi.lib</file>
         <name>defs.c.obj</name>
      </input_file>
      <input_file id="fl-ec">
         <path>C:\ti\ccsv8\tools\compiler\ti-cgt-arm_18.1.3.LTS\lib\</path>
         <kind>archive</kind>
         <file>rtsv7M4_T_le_v4SPD16_eabi.lib</file>
         <name>fprintf.c.obj</name>
      </input_file>
      <input_file id="fl-ed">
         <path>C:\ti\ccsv8\tools\compiler\ti-cgt-arm_18.1.3.LTS\lib\</path>
         <kind>archive</kind>
         <file>rtsv7M4_T_le_v4SPD16_eabi.lib</file>
         <name>fputc.c.obj</name>
      </input_file>
      <input_file id="fl-ee">
         <path>C:\ti\ccsv8\tools\compiler\ti-cgt-arm_18.1.3.LTS\lib\</path>
         <kind>archive</kind>
         <file>rtsv7M4_T_le_v4SPD16_eabi.lib</file>
         <name>fputs.c.obj</name>
      </input_file>
      <input_file id="fl-ef">
         <path>C:\ti\ccsv8\tools\compiler\ti-cgt-arm_18.1.3.LTS\lib\</path>
         <kind>archive</kind>
         <file>rtsv7M4_T_le_v4SPD16_eabi.lib</file>
         <name>memchr.c.obj</name>
      </input_file>
      <input_file id="fl-f0">
         <path>C:\ti\ccsv8\tools\compiler\ti-cgt-arm_18.1.3.LTS\lib\</path>
         <kind>archive</kind>
         <file>rtsv7M4_T_le_v4SPD16_eabi.lib</file>
         <name>memcmp.c.obj</name>
      </input_file>
      <input_file id="fl-f1">
         <path>C:\ti\ccsv8\tools\compiler\ti-cgt-arm_18.1.3.LTS\lib\</path>
         <kind>archive</kind>
         <file>rtsv7M4_T_le_v4SPD16_eabi.lib</file>
         <name>memmov.c.obj</name>
      </input_file>
      <input_file id="fl-f2">
         <path>C:\ti\ccsv8\tools\compiler\ti-cgt-arm_18.1.3.LTS\lib\</path>
         <kind>archive</kind>
         <file>rtsv7M4_T_le_v4SPD16_eabi.lib</file>
         <name>snprintf.c.obj</name>
      </input_file>
      <input_file id="fl-f3">
         <path>C:\ti\ccsv8\tools\compiler\ti-cgt-arm_18.1.3.LTS\lib\</path>
         <kind>archive</kind>
         <file>rtsv7M4_T_le_v4SPD16_eabi.lib</file>
         <name>strlen.c.obj</name>
      </input_file>
      <input_file id="fl-f4">
         <path>C:\ti\ccsv8\tools\compiler\ti-cgt-arm_18.1.3.LTS\lib\</path>
         <kind>archive</kind>
         <file>rtsv7M4_T_le_v4SPD16_eabi.lib</file>
         <name>strtod.c.obj</name>
      </input_file>
      <input_file id="fl-f5">
         <path>C:\ti\ccsv8\tools\compiler\ti-cgt-arm_18.1.3.LTS\lib\</path>
         <kind>archive</kind>
         <file>rtsv7M4_T_le_v4SPD16_eabi.lib</file>
         <name>strtof.c.obj</name>
      </input_file>
      <input_file id="fl-f6">
         <path>C:\ti\ccsv8\tools\compiler\ti-cgt-arm_18.1.3.LTS\lib\</path>
         <kind>archive</kind>
         <file>rtsv7M4_T_le_v4SPD16_eabi.lib</file>
         <name>strtol.c.obj</name>
      </input_file>
      <input_file id="fl-f7">
         <path>C:\ti\ccsv8\tools\compiler\ti-cgt-arm_18.1.3.LTS\lib\</path>
         <kind>archive</kind>
         <file>rtsv7M4_T_le_v4SPD16_eabi.lib</file>
         <name>strtoll.c.obj</name>
      </input_file>
      <input_file id="fl-f8">
         <path>C:\ti\ccsv8\tools\compiler\ti-cgt-arm_18.1.3.LTS\lib\</path>
         <kind>archive</kind>
         <file>rtsv7M4_T_le_v4SPD16_eabi.lib</file>
         <name>strtoul.c.obj</name>
      </input_file>
      <input_file id="fl-f9">
         <path>C:\ti\ccsv8\tools\compiler\ti-cgt-arm_18.1.3.LTS\lib\</path>
         <kind>archive</kind>
         <file>rtsv7M4_T_le_v4SPD16_eabi.lib</file>
         <name>strtoull.c.obj</name>
      </input_file>
      <input_file id="fl-fa">
         <path>C:\ti\ccsv8\tools\compiler\ti-cgt-arm_18.1.3.LTS\lib\</path>
         <kind>archive</kind>
         <file>rtsv7M4_T_le_v4SPD16_eabi.lib</file>
         <name>vsnprintf.c.obj</name>
      </input_file>
      <input_file id="fl-fb">
         <path>C:\ti\ccsv8\tools\compiler\ti-cgt-arm_18.1.3.LTS\lib\</path>
         <kind>archive</kind>
         <file>rtsv7M4_T_le_v4SPD16_eabi.lib</file>
         <name>wctype.c.obj</name>
      </input_file>
      <input_file id="fl-fc">
         <path>C:\ti\ccsv8\tools\compiler\ti-cgt-arm_18.1.3.LTS\lib\</path>
         <kind>archive</kind>
         <file>rtsv7M4_T_le_v4SPD16_eabi.lib</file>
         <name>write.c.obj</name>
      </input_file>
      <input_file id="fl-fd">
         <path>C:\ti\ccsv8\tools\compiler\ti-cgt-arm_18.1.3.LTS\lib\</path>
         <kind>archive</kind>
         <file>rtsv7M4_T_le_v4SPD16_eabi.lib</file>
         <name>errno.c.obj</name>
      </input_file>
      <input_file id="fl-fe">
         <path>C:\ti\ccsv8\tools\compiler\ti-cgt-arm_18.1.3.LTS\lib\</path>
         <kind>archive</kind>
         <file>rtsv7M4_T_le_v4SPD16_eabi.lib</file>
         <name>boot_cortex_m.c.obj</name>
      </input_file>
      <input_file id="fl-ff">
         <path>C:\ti\ccsv8\tools\compiler\ti-cgt-arm_18.1.3.LTS\lib\</path>
         <kind>archive</kind>
         <file>rtsv7M4_T_le_v4SPD16_eabi.lib</file>
         <name>locale_stdlib.c.obj</name>
      </input_file>
      <input_file id="fl-100">
         <path>C:\ti\ccsv8\tools\compiler\ti-cgt-arm_18.1.3.LTS\lib\</path>
         <kind>archive</kind>
         <file>rtsv7M4_T_le_v4SPD16_eabi.lib</file>
         <name>locale_wchar.c.obj</name>
      </input_file>
      <input_file id="fl-101">
         <path>C:\ti\ccsv8\tools\compiler\ti-cgt-arm_18.1.3.LTS\lib\</path>
         <kind>archive</kind>
         <file>rtsv7M4_T_le_v4SPD16_eabi.lib</file>
         <name>s_scalbn.c.obj</name>
      </input_file>
      <input_file id="fl-102">
         <path>C:\ti\ccsv8\tools\compiler\ti-cgt-arm_18.1.3.LTS\lib\</path>
         <kind>archive</kind>
         <file>rtsv7M4_T_le_v4SPD16_eabi.lib</file>
         <name>fgetwc.c.obj</name>
      </input_file>
      <input_file id="fl-103">
         <path>C:\ti\ccsv8\tools\compiler\ti-cgt-arm_18.1.3.LTS\lib\</path>
         <kind>archive</kind>
         <file>rtsv7M4_T_le_v4SPD16_eabi.lib</file>
         <name>fputws.c.obj</name>
      </input_file>
      <input_file id="fl-104">
         <path>C:\ti\ccsv8\tools\compiler\ti-cgt-arm_18.1.3.LTS\lib\</path>
         <kind>archive</kind>
         <file>rtsv7M4_T_le_v4SPD16_eabi.lib</file>
         <name>fgetws.c.obj</name>
      </input_file>
      <input_file id="fl-105">
         <path>C:\ti\ccsv8\tools\compiler\ti-cgt-arm_18.1.3.LTS\lib\</path>
         <kind>archive</kind>
         <file>rtsv7M4_T_le_v4SPD16_eabi.lib</file>
         <name>wcscoll.c.obj</name>
      </input_file>
      <input_file id="fl-106">
         <path>C:\ti\ccsv8\tools\compiler\ti-cgt-arm_18.1.3.LTS\lib\</path>
         <kind>archive</kind>
         <file>rtsv7M4_T_le_v4SPD16_eabi.lib</file>
         <name>wcsxfrm.c.obj</name>
      </input_file>
      <input_file id="fl-107">
         <path>C:\ti\ccsv8\tools\compiler\ti-cgt-arm_18.1.3.LTS\lib\</path>
         <kind>archive</kind>
         <file>rtsv7M4_T_le_v4SPD16_eabi.lib</file>
         <name>vfwprintf.c.obj</name>
      </input_file>
      <input_file id="fl-108">
         <path>C:\ti\ccsv8\tools\compiler\ti-cgt-arm_18.1.3.LTS\lib\</path>
         <kind>archive</kind>
         <file>rtsv7M4_T_le_v4SPD16_eabi.lib</file>
         <name>vfwscanf.c.obj</name>
      </input_file>
      <input_file id="fl-109">
         <path>C:\ti\ccsv8\tools\compiler\ti-cgt-arm_18.1.3.LTS\lib\</path>
         <kind>archive</kind>
         <file>rtsv7M4_T_le_v4SPD16_eabi.lib</file>
         <name>s_scalbnf.c.obj</name>
      </input_file>
      <input_file id="fl-10a">
         <path>C:\ti\ccsv8\tools\compiler\ti-cgt-arm_18.1.3.LTS\lib\</path>
         <kind>archive</kind>
         <file>rtsv7M4_T_le_v4SPD16_eabi.lib</file>
         <name>s_copysign.c.obj</name>
      </input_file>
      <input_file id="fl-10b">
         <path>C:\ti\ccsv8\tools\compiler\ti-cgt-arm_18.1.3.LTS\lib\</path>
         <kind>archive</kind>
         <file>rtsv7M4_T_le_v4SPD16_eabi.lib</file>
         <name>div0.asm.obj</name>
      </input_file>
      <input_file id="fl-10c">
         <path>C:\ti\ccsv8\tools\compiler\ti-cgt-arm_18.1.3.LTS\lib\</path>
         <kind>archive</kind>
         <file>rtsv7M4_T_le_v4SPD16_eabi.lib</file>
         <name>fd_add_t2.asm.obj</name>
      </input_file>
      <input_file id="fl-10d">
         <path>C:\ti\ccsv8\tools\compiler\ti-cgt-arm_18.1.3.LTS\lib\</path>
         <kind>archive</kind>
         <file>rtsv7M4_T_le_v4SPD16_eabi.lib</file>
         <name>fd_cmp_t2.asm.obj</name>
      </input_file>
      <input_file id="fl-10e">
         <path>C:\ti\ccsv8\tools\compiler\ti-cgt-arm_18.1.3.LTS\lib\</path>
         <kind>archive</kind>
         <file>rtsv7M4_T_le_v4SPD16_eabi.lib</file>
         <name>fd_div_t2.asm.obj</name>
      </input_file>
      <input_file id="fl-10f">
         <path>C:\ti\ccsv8\tools\compiler\ti-cgt-arm_18.1.3.LTS\lib\</path>
         <kind>archive</kind>
         <file>rtsv7M4_T_le_v4SPD16_eabi.lib</file>
         <name>fd_mul_t2.asm.obj</name>
      </input_file>
      <input_file id="fl-110">
         <path>C:\ti\ccsv8\tools\compiler\ti-cgt-arm_18.1.3.LTS\lib\</path>
         <kind>archive</kind>
         <file>rtsv7M4_T_le_v4SPD16_eabi.lib</file>
         <name>autoinit.c.obj</name>
      </input_file>
      <input_file id="fl-111">
         <path>C:\ti\ccsv8\tools\compiler\ti-cgt-arm_18.1.3.LTS\lib\</path>
         <kind>archive</kind>
         <file>rtsv7M4_T_le_v4SPD16_eabi.lib</file>
         <name>pre_init.c.obj</name>
      </input_file>
      <input_file id="fl-112">
         <path>C:\ti\ccsv8\tools\compiler\ti-cgt-arm_18.1.3.LTS\lib\</path>
         <kind>archive</kind>
         <file>rtsv7M4_T_le_v4SPD16_eabi.lib</file>
         <name>cpy_tbl.c.obj</name>
      </input_file>
      <input_file id="fl-113">
         <path>C:\ti\ccsv8\tools\compiler\ti-cgt-arm_18.1.3.LTS\lib\</path>
         <kind>archive</kind>
         <file>rtsv7M4_T_le_v4SPD16_eabi.lib</file>
         <name>_io_perm.c.obj</name>
      </input_file>
      <input_file id="fl-114">
         <path>C:\ti\ccsv8\tools\compiler\ti-cgt-arm_18.1.3.LTS\lib\</path>
         <kind>archive</kind>
         <file>rtsv7M4_T_le_v4SPD16_eabi.lib</file>
         <name>_printfi.c.obj</name>
      </input_file>
      <input_file id="fl-115">
         <path>C:\ti\ccsv8\tools\compiler\ti-cgt-arm_18.1.3.LTS\lib\</path>
         <kind>archive</kind>
         <file>rtsv7M4_T_le_v4SPD16_eabi.lib</file>
         <name>args_main.c.obj</name>
      </input_file>
      <input_file id="fl-116">
         <path>C:\ti\ccsv8\tools\compiler\ti-cgt-arm_18.1.3.LTS\lib\</path>
         <kind>archive</kind>
         <file>rtsv7M4_T_le_v4SPD16_eabi.lib</file>
         <name>atoi.c.obj</name>
      </input_file>
      <input_file id="fl-117">
         <path>C:\ti\ccsv8\tools\compiler\ti-cgt-arm_18.1.3.LTS\lib\</path>
         <kind>archive</kind>
         <file>rtsv7M4_T_le_v4SPD16_eabi.lib</file>
         <name>atol.c.obj</name>
      </input_file>
      <input_file id="fl-118">
         <path>C:\ti\ccsv8\tools\compiler\ti-cgt-arm_18.1.3.LTS\lib\</path>
         <kind>archive</kind>
         <file>rtsv7M4_T_le_v4SPD16_eabi.lib</file>
         <name>atoll.c.obj</name>
      </input_file>
      <input_file id="fl-119">
         <path>C:\ti\ccsv8\tools\compiler\ti-cgt-arm_18.1.3.LTS\lib\</path>
         <kind>archive</kind>
         <file>rtsv7M4_T_le_v4SPD16_eabi.lib</file>
         <name>ctype.c.obj</name>
      </input_file>
      <input_file id="fl-11a">
         <path>C:\ti\ccsv8\tools\compiler\ti-cgt-arm_18.1.3.LTS\lib\</path>
         <kind>archive</kind>
         <file>rtsv7M4_T_le_v4SPD16_eabi.lib</file>
         <name>fflush.c.obj</name>
      </input_file>
      <input_file id="fl-11b">
         <path>C:\ti\ccsv8\tools\compiler\ti-cgt-arm_18.1.3.LTS\lib\</path>
         <kind>archive</kind>
         <file>rtsv7M4_T_le_v4SPD16_eabi.lib</file>
         <name>fgetc.c.obj</name>
      </input_file>
      <input_file id="fl-11c">
         <path>C:\ti\ccsv8\tools\compiler\ti-cgt-arm_18.1.3.LTS\lib\</path>
         <kind>archive</kind>
         <file>rtsv7M4_T_le_v4SPD16_eabi.lib</file>
         <name>fgets.c.obj</name>
      </input_file>
      <input_file id="fl-11d">
         <path>C:\ti\ccsv8\tools\compiler\ti-cgt-arm_18.1.3.LTS\lib\</path>
         <kind>archive</kind>
         <file>rtsv7M4_T_le_v4SPD16_eabi.lib</file>
         <name>fscanf.c.obj</name>
      </input_file>
      <input_file id="fl-11e">
         <path>C:\ti\ccsv8\tools\compiler\ti-cgt-arm_18.1.3.LTS\lib\</path>
         <kind>archive</kind>
         <file>rtsv7M4_T_le_v4SPD16_eabi.lib</file>
         <name>fseek.c.obj</name>
      </input_file>
      <input_file id="fl-11f">
         <path>C:\ti\ccsv8\tools\compiler\ti-cgt-arm_18.1.3.LTS\lib\</path>
         <kind>archive</kind>
         <file>rtsv7M4_T_le_v4SPD16_eabi.lib</file>
         <name>lseek.c.obj</name>
      </input_file>
      <input_file id="fl-120">
         <path>C:\ti\ccsv8\tools\compiler\ti-cgt-arm_18.1.3.LTS\lib\</path>
         <kind>archive</kind>
         <file>rtsv7M4_T_le_v4SPD16_eabi.lib</file>
         <name>ltoa.c.obj</name>
      </input_file>
      <input_file id="fl-121">
         <path>C:\ti\ccsv8\tools\compiler\ti-cgt-arm_18.1.3.LTS\lib\</path>
         <kind>archive</kind>
         <file>rtsv7M4_T_le_v4SPD16_eabi.lib</file>
         <name>memccpy.c.obj</name>
      </input_file>
      <input_file id="fl-122">
         <path>C:\ti\ccsv8\tools\compiler\ti-cgt-arm_18.1.3.LTS\lib\</path>
         <kind>archive</kind>
         <file>rtsv7M4_T_le_v4SPD16_eabi.lib</file>
         <name>read.c.obj</name>
      </input_file>
      <input_file id="fl-123">
         <path>C:\ti\ccsv8\tools\compiler\ti-cgt-arm_18.1.3.LTS\lib\</path>
         <kind>archive</kind>
         <file>rtsv7M4_T_le_v4SPD16_eabi.lib</file>
         <name>setvbuf.c.obj</name>
      </input_file>
      <input_file id="fl-124">
         <path>C:\ti\ccsv8\tools\compiler\ti-cgt-arm_18.1.3.LTS\lib\</path>
         <kind>archive</kind>
         <file>rtsv7M4_T_le_v4SPD16_eabi.lib</file>
         <name>strchr.c.obj</name>
      </input_file>
      <input_file id="fl-125">
         <path>C:\ti\ccsv8\tools\compiler\ti-cgt-arm_18.1.3.LTS\lib\</path>
         <kind>archive</kind>
         <file>rtsv7M4_T_le_v4SPD16_eabi.lib</file>
         <name>strcmp.c.obj</name>
      </input_file>
      <input_file id="fl-126">
         <path>C:\ti\ccsv8\tools\compiler\ti-cgt-arm_18.1.3.LTS\lib\</path>
         <kind>archive</kind>
         <file>rtsv7M4_T_le_v4SPD16_eabi.lib</file>
         <name>hostclose.c.obj</name>
      </input_file>
      <input_file id="fl-127">
         <path>C:\ti\ccsv8\tools\compiler\ti-cgt-arm_18.1.3.LTS\lib\</path>
         <kind>archive</kind>
         <file>rtsv7M4_T_le_v4SPD16_eabi.lib</file>
         <name>hostlseek.c.obj</name>
      </input_file>
      <input_file id="fl-128">
         <path>C:\ti\ccsv8\tools\compiler\ti-cgt-arm_18.1.3.LTS\lib\</path>
         <kind>archive</kind>
         <file>rtsv7M4_T_le_v4SPD16_eabi.lib</file>
         <name>hostopen.c.obj</name>
      </input_file>
      <input_file id="fl-129">
         <path>C:\ti\ccsv8\tools\compiler\ti-cgt-arm_18.1.3.LTS\lib\</path>
         <kind>archive</kind>
         <file>rtsv7M4_T_le_v4SPD16_eabi.lib</file>
         <name>hostread.c.obj</name>
      </input_file>
      <input_file id="fl-12a">
         <path>C:\ti\ccsv8\tools\compiler\ti-cgt-arm_18.1.3.LTS\lib\</path>
         <kind>archive</kind>
         <file>rtsv7M4_T_le_v4SPD16_eabi.lib</file>
         <name>hostrename.c.obj</name>
      </input_file>
      <input_file id="fl-12b">
         <path>C:\ti\ccsv8\tools\compiler\ti-cgt-arm_18.1.3.LTS\lib\</path>
         <kind>archive</kind>
         <file>rtsv7M4_T_le_v4SPD16_eabi.lib</file>
         <name>hostunlink.c.obj</name>
      </input_file>
      <input_file id="fl-12c">
         <path>C:\ti\ccsv8\tools\compiler\ti-cgt-arm_18.1.3.LTS\lib\</path>
         <kind>archive</kind>
         <file>rtsv7M4_T_le_v4SPD16_eabi.lib</file>
         <name>hostwrite.c.obj</name>
      </input_file>
      <input_file id="fl-12d">
         <path>C:\ti\ccsv8\tools\compiler\ti-cgt-arm_18.1.3.LTS\lib\</path>
         <kind>archive</kind>
         <file>rtsv7M4_T_le_v4SPD16_eabi.lib</file>
         <name>trgmsg.c.obj</name>
      </input_file>
      <input_file id="fl-12e">
         <path>C:\ti\ccsv8\tools\compiler\ti-cgt-arm_18.1.3.LTS\lib\</path>
         <kind>archive</kind>
         <file>rtsv7M4_T_le_v4SPD16_eabi.lib</file>
         <name>ungetc.c.obj</name>
      </input_file>
      <input_file id="fl-12f">
         <path>C:\ti\ccsv8\tools\compiler\ti-cgt-arm_18.1.3.LTS\lib\</path>
         <kind>archive</kind>
         <file>rtsv7M4_T_le_v4SPD16_eabi.lib</file>
         <name>vfprintf.c.obj</name>
      </input_file>
      <input_file id="fl-130">
         <path>C:\ti\ccsv8\tools\compiler\ti-cgt-arm_18.1.3.LTS\lib\</path>
         <kind>archive</kind>
         <file>rtsv7M4_T_le_v4SPD16_eabi.lib</file>
         <name>s_copysignf.c.obj</name>
      </input_file>
      <input_file id="fl-131">
         <path>C:\ti\ccsv8\tools\compiler\ti-cgt-arm_18.1.3.LTS\lib\</path>
         <kind>archive</kind>
         <file>rtsv7M4_T_le_v4SPD16_eabi.lib</file>
         <name>s_frexp.c.obj</name>
      </input_file>
      <input_file id="fl-132">
         <path>C:\ti\ccsv8\tools\compiler\ti-cgt-arm_18.1.3.LTS\lib\</path>
         <kind>archive</kind>
         <file>rtsv7M4_T_le_v4SPD16_eabi.lib</file>
         <name>fd_toi_t2.asm.obj</name>
      </input_file>
      <input_file id="fl-133">
         <path>C:\ti\ccsv8\tools\compiler\ti-cgt-arm_18.1.3.LTS\lib\</path>
         <kind>archive</kind>
         <file>rtsv7M4_T_le_v4SPD16_eabi.lib</file>
         <name>i_tofd_t2.asm.obj</name>
      </input_file>
      <input_file id="fl-134">
         <path>C:\ti\ccsv8\tools\compiler\ti-cgt-arm_18.1.3.LTS\lib\</path>
         <kind>archive</kind>
         <file>rtsv7M4_T_le_v4SPD16_eabi.lib</file>
         <name>_bufread.c.obj</name>
      </input_file>
      <input_file id="fl-135">
         <path>C:\ti\ccsv8\tools\compiler\ti-cgt-arm_18.1.3.LTS\lib\</path>
         <kind>archive</kind>
         <file>rtsv7M4_T_le_v4SPD16_eabi.lib</file>
         <name>_scanfi.c.obj</name>
      </input_file>
      <input_file id="fl-136">
         <path>C:\ti\ccsv8\tools\compiler\ti-cgt-arm_18.1.3.LTS\lib\</path>
         <kind>archive</kind>
         <file>rtsv7M4_T_le_v4SPD16_eabi.lib</file>
         <name>fopen.c.obj</name>
      </input_file>
      <input_file id="fl-137">
         <path>C:\ti\ccsv8\tools\compiler\ti-cgt-arm_18.1.3.LTS\lib\</path>
         <kind>archive</kind>
         <file>rtsv7M4_T_le_v4SPD16_eabi.lib</file>
         <name>open.c.obj</name>
      </input_file>
      <input_file id="fl-138">
         <path>C:\ti\ccsv8\tools\compiler\ti-cgt-arm_18.1.3.LTS\lib\</path>
         <kind>archive</kind>
         <file>rtsv7M4_T_le_v4SPD16_eabi.lib</file>
         <name>strcpy.c.obj</name>
      </input_file>
      <input_file id="fl-139">
         <path>C:\ti\ccsv8\tools\compiler\ti-cgt-arm_18.1.3.LTS\lib\</path>
         <kind>archive</kind>
         <file>rtsv7M4_T_le_v4SPD16_eabi.lib</file>
         <name>strrchr.c.obj</name>
      </input_file>
      <input_file id="fl-13a">
         <path>C:\ti\ccsv8\tools\compiler\ti-cgt-arm_18.1.3.LTS\lib\</path>
         <kind>archive</kind>
         <file>rtsv7M4_T_le_v4SPD16_eabi.lib</file>
         <name>fd_tos_t2.asm.obj</name>
      </input_file>
      <input_file id="fl-13b">
         <path>C:\ti\ccsv8\tools\compiler\ti-cgt-arm_18.1.3.LTS\lib\</path>
         <kind>archive</kind>
         <file>rtsv7M4_T_le_v4SPD16_eabi.lib</file>
         <name>fclose.c.obj</name>
      </input_file>
      <input_file id="fl-13c">
         <path>C:\ti\ccsv8\tools\compiler\ti-cgt-arm_18.1.3.LTS\lib\</path>
         <kind>archive</kind>
         <file>rtsv7M4_T_le_v4SPD16_eabi.lib</file>
         <name>getdevice.c.obj</name>
      </input_file>
      <input_file id="fl-13d">
         <path>C:\ti\ccsv8\tools\compiler\ti-cgt-arm_18.1.3.LTS\lib\</path>
         <kind>archive</kind>
         <file>rtsv7M4_T_le_v4SPD16_eabi.lib</file>
         <name>remove.c.obj</name>
      </input_file>
      <input_file id="fl-13e">
         <path>C:\ti\ccsv8\tools\compiler\ti-cgt-arm_18.1.3.LTS\lib\</path>
         <kind>archive</kind>
         <file>rtsv7M4_T_le_v4SPD16_eabi.lib</file>
         <name>strncpy.c.obj</name>
      </input_file>
      <input_file id="fl-13f">
         <path>C:\ti\ccsv8\tools\compiler\ti-cgt-arm_18.1.3.LTS\lib\</path>
         <kind>archive</kind>
         <file>rtsv7M4_T_le_v4SPD16_eabi.lib</file>
         <name>unlink.c.obj</name>
      </input_file>
      <input_file id="fl-140">
         <path>C:\ti\ccsv8\tools\compiler\ti-cgt-arm_18.1.3.LTS\lib\</path>
         <kind>archive</kind>
         <file>rtsv7M4_T_le_v4SPD16_eabi.lib</file>
         <name>close.c.obj</name>
      </input_file>
      <input_file id="fl-141">
         <path>C:\ti\CC3200SDK_1.3.0\cc3200-sdk\driverlib\ccs\Release\</path>
         <kind>archive</kind>
         <file>driverlib.a</file>
         <name>adc.obj</name>
      </input_file>
      <input_file id="fl-142">
         <path>C:\ti\CC3200SDK_1.3.0\cc3200-sdk\driverlib\ccs\Release\</path>
         <kind>archive</kind>
         <file>driverlib.a</file>
         <name>gpio.obj</name>
      </input_file>
      <input_file id="fl-143">
         <path>C:\ti\CC3200SDK_1.3.0\cc3200-sdk\driverlib\ccs\Release\</path>
         <kind>archive</kind>
         <file>driverlib.a</file>
         <name>i2c.obj</name>
      </input_file>
      <input_file id="fl-144">
         <path>C:\ti\CC3200SDK_1.3.0\cc3200-sdk\driverlib\ccs\Release\</path>
         <kind>archive</kind>
         <file>driverlib.a</file>
         <name>interrupt.obj</name>
      </input_file>
      <input_file id="fl-145">
         <path>C:\ti\CC3200SDK_1.3.0\cc3200-sdk\driverlib\ccs\Release\</path>
         <kind>archive</kind>
         <file>driverlib.a</file>
         <name>pin.obj</name>
      </input_file>
      <input_file id="fl-146">
         <path>C:\ti\CC3200SDK_1.3.0\cc3200-sdk\driverlib\ccs\Release\</path>
         <kind>archive</kind>
         <file>driverlib.a</file>
         <name>prcm.obj</name>
      </input_file>
      <input_file id="fl-147">
         <path>C:\ti\CC3200SDK_1.3.0\cc3200-sdk\driverlib\ccs\Release\</path>
         <kind>archive</kind>
         <file>driverlib.a</file>
         <name>spi.obj</name>
      </input_file>
      <input_file id="fl-148">
         <path>C:\ti\CC3200SDK_1.3.0\cc3200-sdk\driverlib\ccs\Release\</path>
         <kind>archive</kind>
         <file>driverlib.a</file>
         <name>timer.obj</name>
      </input_file>
      <input_file id="fl-149">
         <path>C:\ti\CC3200SDK_1.3.0\cc3200-sdk\driverlib\ccs\Release\</path>
         <kind>archive</kind>
         <file>driverlib.a</file>
         <name>uart.obj</name>
      </input_file>
      <input_file id="fl-14a">
         <path>C:\ti\CC3200SDK_1.3.0\cc3200-sdk\driverlib\ccs\Release\</path>
         <kind>archive</kind>
         <file>driverlib.a</file>
         <name>utils.obj</name>
      </input_file>
      <input_file id="fl-14b">
         <path>C:\ti\CC3200SDK_1.3.0\cc3200-sdk\driverlib\ccs\Release\</path>
         <kind>archive</kind>
         <file>driverlib.a</file>
         <name>cpu.obj</name>
      </input_file>
      <input_file id="fl-14c">
         <path>C:\ti\CC3200SDK_1.3.0\cc3200-sdk\driverlib\ccs\Release\</path>
         <kind>archive</kind>
         <file>driverlib.a</file>
         <name>flash.obj</name>
      </input_file>
   </input_file_list>
   <object_component_list>
      <object_component id="oc-f">
         <name>.intvecs</name>
         <load_address>0x20004000</load_address>
         <run_address>0x20004000</run_address>
         <size>0x400</size>
         <input_file_ref idref="fl-d"/>
      </object_component>
      <object_component id="oc-3e6">
         <name>.text:__TI_printfi</name>
         <load_address>0x20004400</load_address>
         <run_address>0x20004400</run_address>
         <size>0xa5e</size>
         <input_file_ref idref="fl-114"/>
      </object_component>
      <object_component id="oc-509">
         <name>.text:IntDefaultHandler</name>
         <load_address>0x20004e5e</load_address>
         <run_address>0x20004e5e</run_address>
         <size>0x2</size>
         <input_file_ref idref="fl-144"/>
      </object_component>
      <object_component id="oc-94">
         <name>.text</name>
         <load_address>0x20004e60</load_address>
         <run_address>0x20004e60</run_address>
         <size>0x418</size>
         <input_file_ref idref="fl-8"/>
      </object_component>
      <object_component id="oc-da">
         <name>.text</name>
         <load_address>0x20005278</load_address>
         <run_address>0x20005278</run_address>
         <size>0x390</size>
         <input_file_ref idref="fl-7"/>
      </object_component>
      <object_component id="oc-e0">
         <name>.text</name>
         <load_address>0x20005608</load_address>
         <run_address>0x20005608</run_address>
         <size>0x280</size>
         <input_file_ref idref="fl-10"/>
      </object_component>
      <object_component id="oc-4cc">
         <name>.text:_pconv_a</name>
         <load_address>0x20005888</load_address>
         <run_address>0x20005888</run_address>
         <size>0x270</size>
         <input_file_ref idref="fl-114"/>
      </object_component>
      <object_component id="oc-e7">
         <name>.text</name>
         <load_address>0x20005af8</load_address>
         <run_address>0x20005af8</run_address>
         <size>0x1e0</size>
         <input_file_ref idref="fl-f"/>
      </object_component>
      <object_component id="oc-4ba">
         <name>.text:_pconv_g</name>
         <load_address>0x20005cd8</load_address>
         <run_address>0x20005cd8</run_address>
         <size>0x1d0</size>
         <input_file_ref idref="fl-114"/>
      </object_component>
      <object_component id="oc-5ec">
         <name>.text</name>
         <load_address>0x20005ea8</load_address>
         <run_address>0x20005ea8</run_address>
         <size>0x1b6</size>
         <input_file_ref idref="fl-10c"/>
      </object_component>
      <object_component id="oc-474">
         <name>.text:_nop</name>
         <load_address>0x2000605e</load_address>
         <run_address>0x2000605e</run_address>
         <size>0x2</size>
         <input_file_ref idref="fl-ea"/>
      </object_component>
      <object_component id="oc-fc">
         <name>.text</name>
         <load_address>0x20006060</load_address>
         <run_address>0x20006060</run_address>
         <size>0x198</size>
         <input_file_ref idref="fl-e"/>
      </object_component>
      <object_component id="oc-d4">
         <name>.text:PRCMCC3200MCUInit</name>
         <load_address>0x200061f8</load_address>
         <run_address>0x200061f8</run_address>
         <size>0x178</size>
         <input_file_ref idref="fl-146"/>
      </object_component>
      <object_component id="oc-4c6">
         <name>.text:_pconv_e</name>
         <load_address>0x20006370</load_address>
         <run_address>0x20006370</run_address>
         <size>0x13c</size>
         <input_file_ref idref="fl-114"/>
      </object_component>
      <object_component id="oc-5d2">
         <name>.text</name>
         <load_address>0x200064ac</load_address>
         <run_address>0x200064ac</run_address>
         <size>0x136</size>
         <input_file_ref idref="fl-10e"/>
      </object_component>
      <object_component id="oc-64a">
         <name>.text</name>
         <load_address>0x200065e2</load_address>
         <run_address>0x200065e2</run_address>
         <size>0x2</size>
         <input_file_ref idref="fl-10b"/>
      </object_component>
      <object_component id="oc-5fe">
         <name>.text:fcvt</name>
         <load_address>0x200065e4</load_address>
         <run_address>0x200065e4</run_address>
         <size>0x120</size>
         <input_file_ref idref="fl-114"/>
      </object_component>
      <object_component id="oc-233">
         <name>.text:realloc</name>
         <load_address>0x20006704</load_address>
         <run_address>0x20006704</run_address>
         <size>0x114</size>
         <input_file_ref idref="fl-e9"/>
      </object_component>
      <object_component id="oc-612">
         <name>.text:scalbn</name>
         <load_address>0x20006818</load_address>
         <run_address>0x20006818</run_address>
         <size>0x110</size>
         <input_file_ref idref="fl-101"/>
      </object_component>
      <object_component id="oc-5cd">
         <name>.text</name>
         <load_address>0x20006928</load_address>
         <run_address>0x20006928</run_address>
         <size>0xfc</size>
         <input_file_ref idref="fl-10f"/>
      </object_component>
      <object_component id="oc-239">
         <name>.text:free</name>
         <load_address>0x20006a24</load_address>
         <run_address>0x20006a24</run_address>
         <size>0xd8</size>
         <input_file_ref idref="fl-e9"/>
      </object_component>
      <object_component id="oc-4af">
         <name>.text:_ltostr</name>
         <load_address>0x20006afc</load_address>
         <run_address>0x20006afc</run_address>
         <size>0xb1</size>
         <input_file_ref idref="fl-114"/>
      </object_component>
      <object_component id="oc-102">
         <name>.text</name>
         <load_address>0x20006bb0</load_address>
         <run_address>0x20006bb0</run_address>
         <size>0xac</size>
         <input_file_ref idref="fl-9"/>
      </object_component>
      <object_component id="oc-44d">
         <name>.text:IntDisable</name>
         <load_address>0x20006c5c</load_address>
         <run_address>0x20006c5c</run_address>
         <size>0xa8</size>
         <input_file_ref idref="fl-144"/>
      </object_component>
      <object_component id="oc-ce">
         <name>.text:IntEnable</name>
         <load_address>0x20006d04</load_address>
         <run_address>0x20006d04</run_address>
         <size>0xa8</size>
         <input_file_ref idref="fl-144"/>
      </object_component>
      <object_component id="oc-1ba">
         <name>.text:SPIConfigSetExpClk</name>
         <load_address>0x20006dac</load_address>
         <run_address>0x20006dac</run_address>
         <size>0xa0</size>
         <input_file_ref idref="fl-147"/>
      </object_component>
      <object_component id="oc-3a">
         <name>.text</name>
         <load_address>0x20006e4c</load_address>
         <run_address>0x20006e4c</run_address>
         <size>0x9c</size>
         <input_file_ref idref="fl-e4"/>
      </object_component>
      <object_component id="oc-5c6">
         <name>.text</name>
         <load_address>0x20006ee8</load_address>
         <run_address>0x20006ee8</run_address>
         <size>0x96</size>
         <input_file_ref idref="fl-e0"/>
      </object_component>
      <object_component id="oc-1b4">
         <name>.text:PRCMPeripheralClockGet</name>
         <load_address>0x20006f80</load_address>
         <run_address>0x20006f80</run_address>
         <size>0x94</size>
         <input_file_ref idref="fl-146"/>
      </object_component>
      <object_component id="oc-3ab">
         <name>.text:PinConfigSet</name>
         <load_address>0x20007014</load_address>
         <run_address>0x20007014</run_address>
         <size>0x88</size>
         <input_file_ref idref="fl-145"/>
      </object_component>
      <object_component id="oc-4b5">
         <name>.text:__aeabi_cdcmple</name>
         <load_address>0x2000709c</load_address>
         <run_address>0x2000709c</run_address>
         <size>0x86</size>
         <input_file_ref idref="fl-10d"/>
      </object_component>
      <object_component id="oc-5d7">
         <name>.text:__aeabi_cdrcmple</name>
         <load_address>0x20007122</load_address>
         <run_address>0x20007122</run_address>
         <size>0x86</size>
         <input_file_ref idref="fl-10d"/>
      </object_component>
      <object_component id="oc-196">
         <name>.text:GPIOIntTypeSet</name>
         <load_address>0x200071a8</load_address>
         <run_address>0x200071a8</run_address>
         <size>0x82</size>
         <input_file_ref idref="fl-142"/>
      </object_component>
      <object_component id="oc-88">
         <name>.text</name>
         <load_address>0x2000722a</load_address>
         <run_address>0x2000722a</run_address>
         <size>0x7a</size>
         <input_file_ref idref="fl-df"/>
      </object_component>
      <object_component id="oc-22d">
         <name>.text:malloc</name>
         <load_address>0x200072a4</load_address>
         <run_address>0x200072a4</run_address>
         <size>0x78</size>
         <input_file_ref idref="fl-e9"/>
      </object_component>
      <object_component id="oc-203">
         <name>.text:UARTConfigSetExpClk</name>
         <load_address>0x2000731c</load_address>
         <run_address>0x2000731c</run_address>
         <size>0x76</size>
         <input_file_ref idref="fl-149"/>
      </object_component>
      <object_component id="oc-2a7">
         <name>.text:TimerIntRegister</name>
         <load_address>0x20007394</load_address>
         <run_address>0x20007394</run_address>
         <size>0x70</size>
         <input_file_ref idref="fl-148"/>
      </object_component>
      <object_component id="oc-5f7">
         <name>.text:_mcpy</name>
         <load_address>0x20007404</load_address>
         <run_address>0x20007404</run_address>
         <size>0x6e</size>
         <input_file_ref idref="fl-114"/>
      </object_component>
      <object_component id="oc-2c5">
         <name>.text:TimerIntUnregister</name>
         <load_address>0x20007474</load_address>
         <run_address>0x20007474</run_address>
         <size>0x68</size>
         <input_file_ref idref="fl-148"/>
      </object_component>
      <object_component id="oc-12">
         <name>.text:decompress:lzss:__TI_decompress_lzss</name>
         <load_address>0x200074dc</load_address>
         <run_address>0x200074dc</run_address>
         <size>0x68</size>
         <input_file_ref idref="fl-e7"/>
      </object_component>
      <object_component id="oc-60c">
         <name>.text:frexp</name>
         <load_address>0x20007544</load_address>
         <run_address>0x20007544</run_address>
         <size>0x64</size>
         <input_file_ref idref="fl-131"/>
      </object_component>
      <object_component id="oc-17d">
         <name>.text:PRCMPeripheralReset</name>
         <load_address>0x200075a8</load_address>
         <run_address>0x200075a8</run_address>
         <size>0x58</size>
         <input_file_ref idref="fl-146"/>
      </object_component>
      <object_component id="oc-4c0">
         <name>.text:_pconv_f</name>
         <load_address>0x20007600</load_address>
         <run_address>0x20007600</run_address>
         <size>0x56</size>
         <input_file_ref idref="fl-114"/>
      </object_component>
      <object_component id="oc-2a1">
         <name>.text:IntPrioritySet</name>
         <load_address>0x20007658</load_address>
         <run_address>0x20007658</run_address>
         <size>0x54</size>
         <input_file_ref idref="fl-144"/>
      </object_component>
      <object_component id="oc-5e1">
         <name>.text:ltoa</name>
         <load_address>0x200076ac</load_address>
         <run_address>0x200076ac</run_address>
         <size>0x54</size>
         <input_file_ref idref="fl-120"/>
      </object_component>
      <object_component id="oc-5f1">
         <name>.text:_ecpy</name>
         <load_address>0x20007700</load_address>
         <run_address>0x20007700</run_address>
         <size>0x52</size>
         <input_file_ref idref="fl-114"/>
      </object_component>
      <object_component id="oc-4a9">
         <name>.text:atoi</name>
         <load_address>0x20007754</load_address>
         <run_address>0x20007754</run_address>
         <size>0x4c</size>
         <input_file_ref idref="fl-116"/>
      </object_component>
      <object_component id="oc-3ba">
         <name>.text:GPIOGetIntNumber</name>
         <load_address>0x200077a0</load_address>
         <run_address>0x200077a0</run_address>
         <size>0x48</size>
         <input_file_ref idref="fl-142"/>
      </object_component>
      <object_component id="oc-5dc">
         <name>.text</name>
         <load_address>0x200077e8</load_address>
         <run_address>0x200077e8</run_address>
         <size>0x48</size>
         <input_file_ref idref="fl-132"/>
      </object_component>
      <object_component id="oc-1d2">
         <name>.text:TimerConfigure</name>
         <load_address>0x20007830</load_address>
         <run_address>0x20007830</run_address>
         <size>0x44</size>
         <input_file_ref idref="fl-148"/>
      </object_component>
      <object_component id="oc-122">
         <name>.text:__TI_auto_init_nobinit_nopinit:__TI_auto_init_nobinit_nopinit</name>
         <load_address>0x20007874</load_address>
         <run_address>0x20007874</run_address>
         <size>0x44</size>
         <input_file_ref idref="fl-110"/>
      </object_component>
      <object_component id="oc-3b1">
         <name>.text:PinModeSet</name>
         <load_address>0x200078b8</load_address>
         <run_address>0x200078b8</run_address>
         <size>0x40</size>
         <input_file_ref idref="fl-145"/>
      </object_component>
      <object_component id="oc-20f">
         <name>.text:vsnprintf</name>
         <load_address>0x200078f8</load_address>
         <run_address>0x200078f8</run_address>
         <size>0x40</size>
         <input_file_ref idref="fl-fa"/>
      </object_component>
      <object_component id="oc-604">
         <name>.text:_fcpy</name>
         <load_address>0x20007938</load_address>
         <run_address>0x20007938</run_address>
         <size>0x3e</size>
         <input_file_ref idref="fl-114"/>
      </object_component>
      <object_component id="oc-177">
         <name>.text:PRCMPeripheralClkEnable</name>
         <load_address>0x20007978</load_address>
         <run_address>0x20007978</run_address>
         <size>0x3c</size>
         <input_file_ref idref="fl-146"/>
      </object_component>
      <object_component id="oc-416">
         <name>.text:minsert</name>
         <load_address>0x200079b4</load_address>
         <run_address>0x200079b4</run_address>
         <size>0x3c</size>
         <input_file_ref idref="fl-e9"/>
      </object_component>
      <object_component id="oc-27e">
         <name>.text:ADCChannelDisable</name>
         <load_address>0x200079f0</load_address>
         <run_address>0x200079f0</run_address>
         <size>0x38</size>
         <input_file_ref idref="fl-141"/>
      </object_component>
      <object_component id="oc-26c">
         <name>.text:ADCChannelEnable</name>
         <load_address>0x20007a28</load_address>
         <run_address>0x20007a28</run_address>
         <size>0x38</size>
         <input_file_ref idref="fl-141"/>
      </object_component>
      <object_component id="oc-58">
         <name>.text:_c_int00_noargs:_c_int00_noargs</name>
         <load_address>0x20007a60</load_address>
         <run_address>0x20007a60</run_address>
         <size>0x38</size>
         <input_file_ref idref="fl-fe"/>
      </object_component>
      <object_component id="oc-40a">
         <name>.text:minit</name>
         <load_address>0x20007a98</load_address>
         <run_address>0x20007a98</run_address>
         <size>0x38</size>
         <input_file_ref idref="fl-e9"/>
      </object_component>
      <object_component id="oc-190">
         <name>.text:GPIODirModeSet</name>
         <load_address>0x20007ad0</load_address>
         <run_address>0x20007ad0</run_address>
         <size>0x36</size>
         <input_file_ref idref="fl-142"/>
      </object_component>
      <object_component id="oc-1de">
         <name>.text:TimerControlLevel</name>
         <load_address>0x20007b06</load_address>
         <run_address>0x20007b06</run_address>
         <size>0x36</size>
         <input_file_ref idref="fl-148"/>
      </object_component>
      <object_component id="oc-18a">
         <name>.text:PinTypeGPIO</name>
         <load_address>0x20007b3c</load_address>
         <run_address>0x20007b3c</run_address>
         <size>0x30</size>
         <input_file_ref idref="fl-145"/>
      </object_component>
      <object_component id="oc-3d8">
         <name>.text:UARTDisable</name>
         <load_address>0x20007b6c</load_address>
         <run_address>0x20007b6c</run_address>
         <size>0x30</size>
         <input_file_ref idref="fl-149"/>
      </object_component>
      <object_component id="oc-3ec">
         <name>.text:_outs</name>
         <load_address>0x20007b9c</load_address>
         <run_address>0x20007b9c</run_address>
         <size>0x30</size>
         <input_file_ref idref="fl-fa"/>
      </object_component>
      <object_component id="oc-5e7">
         <name>.text</name>
         <load_address>0x20007bcc</load_address>
         <run_address>0x20007bcc</run_address>
         <size>0x2e</size>
         <input_file_ref idref="fl-133"/>
      </object_component>
      <object_component id="oc-165">
         <name>.text:PRCMSysResetCauseGet</name>
         <load_address>0x20007bfc</load_address>
         <run_address>0x20007bfc</run_address>
         <size>0x2c</size>
         <input_file_ref idref="fl-146"/>
      </object_component>
      <object_component id="oc-1e4">
         <name>.text:TimerLoadSet</name>
         <load_address>0x20007c28</load_address>
         <run_address>0x20007c28</run_address>
         <size>0x2a</size>
         <input_file_ref idref="fl-148"/>
      </object_component>
      <object_component id="oc-1ea">
         <name>.text:TimerMatchSet</name>
         <load_address>0x20007c52</load_address>
         <run_address>0x20007c52</run_address>
         <size>0x2a</size>
         <input_file_ref idref="fl-148"/>
      </object_component>
      <object_component id="oc-1f0">
         <name>.text:TimerPrescaleMatchSet</name>
         <load_address>0x20007c7c</load_address>
         <run_address>0x20007c7c</run_address>
         <size>0x2a</size>
         <input_file_ref idref="fl-148"/>
      </object_component>
      <object_component id="oc-1d8">
         <name>.text:TimerPrescaleSet</name>
         <load_address>0x20007ca6</load_address>
         <run_address>0x20007ca6</run_address>
         <size>0x2a</size>
         <input_file_ref idref="fl-148"/>
      </object_component>
      <object_component id="oc-183">
         <name>.text:PRCMPeripheralClkDisable</name>
         <load_address>0x20007cd0</load_address>
         <run_address>0x20007cd0</run_address>
         <size>0x28</size>
         <input_file_ref idref="fl-146"/>
      </object_component>
      <object_component id="oc-410">
         <name>.text:mremove</name>
         <load_address>0x20007cf8</load_address>
         <run_address>0x20007cf8</run_address>
         <size>0x28</size>
         <input_file_ref idref="fl-e9"/>
      </object_component>
      <object_component id="oc-453">
         <name>.text:IntUnregister</name>
         <load_address>0x20007d20</load_address>
         <run_address>0x20007d20</run_address>
         <size>0x24</size>
         <input_file_ref idref="fl-144"/>
      </object_component>
      <object_component id="oc-3de">
         <name>.text:UARTEnable</name>
         <load_address>0x20007d44</load_address>
         <run_address>0x20007d44</run_address>
         <size>0x24</size>
         <input_file_ref idref="fl-149"/>
      </object_component>
      <object_component id="oc-227">
         <name>.text:memmove</name>
         <load_address>0x20007d68</load_address>
         <run_address>0x20007d68</run_address>
         <size>0x24</size>
         <input_file_ref idref="fl-f1"/>
      </object_component>
      <object_component id="oc-25a">
         <name>.text:ADCTimerConfig</name>
         <load_address>0x20007d8c</load_address>
         <run_address>0x20007d8c</run_address>
         <size>0x22</size>
         <input_file_ref idref="fl-141"/>
      </object_component>
      <object_component id="oc-1ae">
         <name>.text:SPIReset</name>
         <load_address>0x20007dae</load_address>
         <run_address>0x20007dae</run_address>
         <size>0x22</size>
         <input_file_ref idref="fl-147"/>
      </object_component>
      <object_component id="oc-24e">
         <name>.text:GPIOPinWrite</name>
         <load_address>0x20007dd0</load_address>
         <run_address>0x20007dd0</run_address>
         <size>0x20</size>
         <input_file_ref idref="fl-142"/>
      </object_component>
      <object_component id="oc-3c0">
         <name>.text:IntRegister</name>
         <load_address>0x20007df0</load_address>
         <run_address>0x20007df0</run_address>
         <size>0x20</size>
         <input_file_ref idref="fl-144"/>
      </object_component>
      <object_component id="oc-19c">
         <name>.text:GPIOIntRegister</name>
         <load_address>0x20007e10</load_address>
         <run_address>0x20007e10</run_address>
         <size>0x1e</size>
         <input_file_ref idref="fl-142"/>
      </object_component>
      <object_component id="oc-1fc">
         <name>.text:TimerDisable</name>
         <load_address>0x20007e2e</load_address>
         <run_address>0x20007e2e</run_address>
         <size>0x1e</size>
         <input_file_ref idref="fl-148"/>
      </object_component>
      <object_component id="oc-1f6">
         <name>.text:TimerEnable</name>
         <load_address>0x20007e4c</load_address>
         <run_address>0x20007e4c</run_address>
         <size>0x1e</size>
         <input_file_ref idref="fl-148"/>
      </object_component>
      <object_component id="oc-2b3">
         <name>.text:TimerIntStatus</name>
         <load_address>0x20007e6a</load_address>
         <run_address>0x20007e6a</run_address>
         <size>0x1e</size>
         <input_file_ref idref="fl-148"/>
      </object_component>
      <object_component id="oc-209">
         <name>.text:UARTCharPut</name>
         <load_address>0x20007e88</load_address>
         <run_address>0x20007e88</run_address>
         <size>0x1e</size>
         <input_file_ref idref="fl-149"/>
      </object_component>
      <object_component id="oc-272">
         <name>.text:ADCFIFOLvlGet</name>
         <load_address>0x20007ea6</load_address>
         <run_address>0x20007ea6</run_address>
         <size>0x1c</size>
         <input_file_ref idref="fl-141"/>
      </object_component>
      <object_component id="oc-2cb">
         <name>.text:TimerValueGet</name>
         <load_address>0x20007ec2</load_address>
         <run_address>0x20007ec2</run_address>
         <size>0x1c</size>
         <input_file_ref idref="fl-148"/>
      </object_component>
      <object_component id="oc-21b">
         <name>.text:UARTCharGetNonBlocking</name>
         <load_address>0x20007ede</load_address>
         <run_address>0x20007ede</run_address>
         <size>0x1c</size>
         <input_file_ref idref="fl-149"/>
      </object_component>
      <object_component id="oc-4d2">
         <name>.text:memccpy</name>
         <load_address>0x20007efa</load_address>
         <run_address>0x20007efa</run_address>
         <size>0x1c</size>
         <input_file_ref idref="fl-121"/>
      </object_component>
      <object_component id="oc-1a2">
         <name>.text:GPIOIntEnable</name>
         <load_address>0x20007f16</load_address>
         <run_address>0x20007f16</run_address>
         <size>0x1a</size>
         <input_file_ref idref="fl-142"/>
      </object_component>
      <object_component id="oc-1a8">
         <name>.text:PinTypeSPI</name>
         <load_address>0x20007f30</load_address>
         <run_address>0x20007f30</run_address>
         <size>0x1a</size>
         <input_file_ref idref="fl-145"/>
      </object_component>
      <object_component id="oc-1cc">
         <name>.text:PinTypeTimer</name>
         <load_address>0x20007f4a</load_address>
         <run_address>0x20007f4a</run_address>
         <size>0x1a</size>
         <input_file_ref idref="fl-145"/>
      </object_component>
      <object_component id="oc-1c6">
         <name>.text:PinTypeUART</name>
         <load_address>0x20007f64</load_address>
         <run_address>0x20007f64</run_address>
         <size>0x1a</size>
         <input_file_ref idref="fl-145"/>
      </object_component>
      <object_component id="oc-278">
         <name>.text:ADCFIFORead</name>
         <load_address>0x20007f7e</load_address>
         <run_address>0x20007f7e</run_address>
         <size>0x18</size>
         <input_file_ref idref="fl-141"/>
      </object_component>
      <object_component id="oc-f3">
         <name>.text:GPIOPinRead</name>
         <load_address>0x20007f96</load_address>
         <run_address>0x20007f96</run_address>
         <size>0x18</size>
         <input_file_ref idref="fl-142"/>
      </object_component>
      <object_component id="oc-1c0">
         <name>.text:SPIEnable</name>
         <load_address>0x20007fae</load_address>
         <run_address>0x20007fae</run_address>
         <size>0x18</size>
         <input_file_ref idref="fl-147"/>
      </object_component>
      <object_component id="oc-2bf">
         <name>.text:TimerIntDisable</name>
         <load_address>0x20007fc6</load_address>
         <run_address>0x20007fc6</run_address>
         <size>0x18</size>
         <input_file_ref idref="fl-148"/>
      </object_component>
      <object_component id="oc-2ad">
         <name>.text:TimerIntEnable</name>
         <load_address>0x20007fde</load_address>
         <run_address>0x20007fde</run_address>
         <size>0x18</size>
         <input_file_ref idref="fl-148"/>
      </object_component>
      <object_component id="oc-215">
         <name>.text:UARTCharsAvail</name>
         <load_address>0x20007ff6</load_address>
         <run_address>0x20007ff6</run_address>
         <size>0x18</size>
         <input_file_ref idref="fl-149"/>
      </object_component>
      <object_component id="oc-3f2">
         <name>.text:_outc</name>
         <load_address>0x2000800e</load_address>
         <run_address>0x2000800e</run_address>
         <size>0x18</size>
         <input_file_ref idref="fl-fa"/>
      </object_component>
      <object_component id="oc-28a">
         <name>.text:ADCTimerDisable</name>
         <load_address>0x20008026</load_address>
         <run_address>0x20008026</run_address>
         <size>0x16</size>
         <input_file_ref idref="fl-141"/>
      </object_component>
      <object_component id="oc-260">
         <name>.text:ADCTimerEnable</name>
         <load_address>0x2000803c</load_address>
         <run_address>0x2000803c</run_address>
         <size>0x16</size>
         <input_file_ref idref="fl-141"/>
      </object_component>
      <object_component id="oc-16b">
         <name>.text:PRCMHIBRegRead</name>
         <load_address>0x20008052</load_address>
         <run_address>0x20008052</run_address>
         <size>0x16</size>
         <input_file_ref idref="fl-146"/>
      </object_component>
      <object_component id="oc-171">
         <name>.text:PRCMHIBRegWrite</name>
         <load_address>0x20008068</load_address>
         <run_address>0x20008068</run_address>
         <size>0x16</size>
         <input_file_ref idref="fl-146"/>
      </object_component>
      <object_component id="oc-618">
         <name>.text:strchr</name>
         <load_address>0x2000807e</load_address>
         <run_address>0x2000807e</run_address>
         <size>0x16</size>
         <input_file_ref idref="fl-124"/>
      </object_component>
      <object_component id="oc-284">
         <name>.text:ADCDisable</name>
         <load_address>0x20008094</load_address>
         <run_address>0x20008094</run_address>
         <size>0x14</size>
         <input_file_ref idref="fl-141"/>
      </object_component>
      <object_component id="oc-266">
         <name>.text:ADCEnable</name>
         <load_address>0x200080a8</load_address>
         <run_address>0x200080a8</run_address>
         <size>0x14</size>
         <input_file_ref idref="fl-141"/>
      </object_component>
      <object_component id="oc-155">
         <name>.text:CPUcpsie</name>
         <load_address>0x200080bc</load_address>
         <run_address>0x200080bc</run_address>
         <size>0x14</size>
         <input_file_ref idref="fl-14b"/>
      </object_component>
      <object_component id="oc-ed">
         <name>.text:GPIOIntClear</name>
         <load_address>0x200080d0</load_address>
         <run_address>0x200080d0</run_address>
         <size>0x14</size>
         <input_file_ref idref="fl-142"/>
      </object_component>
      <object_component id="oc-c2">
         <name>.text:IntVTableBaseSet</name>
         <load_address>0x200080e4</load_address>
         <run_address>0x200080e4</run_address>
         <size>0x14</size>
         <input_file_ref idref="fl-144"/>
      </object_component>
      <object_component id="oc-254">
         <name>.text:PinTypeADC</name>
         <load_address>0x200080f8</load_address>
         <run_address>0x200080f8</run_address>
         <size>0x14</size>
         <input_file_ref idref="fl-145"/>
      </object_component>
      <object_component id="oc-663">
         <name>.text:copysign</name>
         <load_address>0x2000810c</load_address>
         <run_address>0x2000810c</run_address>
         <size>0x14</size>
         <input_file_ref idref="fl-10a"/>
      </object_component>
      <object_component id="oc-221">
         <name>.text:strlen</name>
         <load_address>0x20008120</load_address>
         <run_address>0x20008120</run_address>
         <size>0x14</size>
         <input_file_ref idref="fl-f3"/>
      </object_component>
      <object_component id="oc-2b9">
         <name>.text:TimerIntClear</name>
         <load_address>0x20008134</load_address>
         <run_address>0x20008134</run_address>
         <size>0x12</size>
         <input_file_ref idref="fl-148"/>
      </object_component>
      <object_component id="oc-46">
         <name>.text:decompress:ZI:__TI_zero_init_nomemset:__TI_zero_init_nomemset</name>
         <load_address>0x20008146</load_address>
         <run_address>0x20008146</run_address>
         <size>0x12</size>
         <input_file_ref idref="fl-e5"/>
      </object_component>
      <object_component id="oc-4d8">
         <name>.text:wcslen</name>
         <load_address>0x20008158</load_address>
         <run_address>0x20008158</run_address>
         <size>0x12</size>
         <input_file_ref idref="fl-ce"/>
      </object_component>
      <object_component id="oc-18">
         <name>.text:decompress:none:__TI_decompress_none</name>
         <load_address>0x2000816a</load_address>
         <run_address>0x2000816a</run_address>
         <size>0xe</size>
         <input_file_ref idref="fl-e6"/>
      </object_component>
      <object_component id="oc-26">
         <name>.text</name>
         <load_address>0x20008178</load_address>
         <run_address>0x20008178</run_address>
         <size>0xe</size>
         <input_file_ref idref="fl-d"/>
      </object_component>
      <object_component id="oc-c8">
         <name>.text:IntMasterEnable</name>
         <load_address>0x20008186</load_address>
         <run_address>0x20008186</run_address>
         <size>0xa</size>
         <input_file_ref idref="fl-144"/>
      </object_component>
      <object_component id="oc-4de">
         <name>.text:__aeabi_errno_addr</name>
         <load_address>0x20008190</load_address>
         <run_address>0x20008190</run_address>
         <size>0x8</size>
         <input_file_ref idref="fl-fd"/>
      </object_component>
      <object_component id="oc-e6">
         <name>.text:UtilsDelay</name>
         <load_address>0x20008198</load_address>
         <run_address>0x20008198</run_address>
         <size>0x6</size>
         <input_file_ref idref="fl-14a"/>
      </object_component>
      <object_component id="oc-8e">
         <name>.text:_system_pre_init</name>
         <load_address>0x2000819e</load_address>
         <run_address>0x2000819e</run_address>
         <size>0x4</size>
         <input_file_ref idref="fl-111"/>
      </object_component>
      <object_component id="oc-116">
         <name>.text:abort:abort</name>
         <load_address>0x200081a2</load_address>
         <run_address>0x200081a2</run_address>
         <size>0x4</size>
         <input_file_ref idref="fl-e8"/>
      </object_component>
      <object_component id="oc-5c1">
         <name>.const:.string:_ctypes_</name>
         <load_address>0x200081a8</load_address>
         <run_address>0x200081a8</run_address>
         <size>0x101</size>
         <input_file_ref idref="fl-119"/>
      </object_component>
      <object_component id="oc-49e">
         <name>.const:g_ulPinToPadMap</name>
         <load_address>0x200082ac</load_address>
         <run_address>0x200082ac</run_address>
         <size>0x100</size>
         <input_file_ref idref="fl-145"/>
      </object_component>
      <object_component id="oc-443">
         <name>.const:g_pulRegs</name>
         <load_address>0x200083ac</load_address>
         <run_address>0x200083ac</run_address>
         <size>0xd4</size>
         <input_file_ref idref="fl-144"/>
      </object_component>
      <object_component id="oc-3a4">
         <name>.const:PRCM_PeriphRegsList</name>
         <load_address>0x20008480</load_address>
         <run_address>0x20008480</run_address>
         <size>0xa8</size>
         <input_file_ref idref="fl-146"/>
      </object_component>
      <object_component id="oc-505">
         <name>.const:g_pulDisRegs</name>
         <load_address>0x20008528</load_address>
         <run_address>0x20008528</run_address>
         <size>0x18</size>
         <input_file_ref idref="fl-144"/>
      </object_component>
      <object_component id="oc-161">
         <name>.const:g_pulEnRegs</name>
         <load_address>0x20008540</load_address>
         <run_address>0x20008540</run_address>
         <size>0x18</size>
         <input_file_ref idref="fl-144"/>
      </object_component>
      <object_component id="oc-6b9">
         <name>.cinit..data.load</name>
         <load_address>0x20008558</load_address>
         <run_address>0x20008558</run_address>
         <size>0x21</size>
      </object_component>
      <object_component id="oc-6b7">
         <name>__TI_handler_table</name>
         <load_address>0x2000857c</load_address>
         <run_address>0x2000857c</run_address>
         <size>0xc</size>
      </object_component>
      <object_component id="oc-6ba">
         <name>.cinit..bss.load</name>
         <load_address>0x20008588</load_address>
         <run_address>0x20008588</run_address>
         <size>0x8</size>
      </object_component>
      <object_component id="oc-6b8">
         <name>__TI_cinit_table</name>
         <load_address>0x20008590</load_address>
         <run_address>0x20008590</run_address>
         <size>0x10</size>
      </object_component>
      <object_component id="oc-10d">
         <name>.data</name>
         <load_address>0x2001d82c</load_address>
         <run_address>0x2001d82c</run_address>
         <size>0x4</size>
         <input_file_ref idref="fl-8"/>
      </object_component>
      <object_component id="oc-f9">
         <name>.data</name>
         <load_address>0x2001d800</load_address>
         <run_address>0x2001d800</run_address>
         <size>0x18</size>
         <input_file_ref idref="fl-9"/>
      </object_component>
      <object_component id="oc-41c">
         <name>.data:$O1$$</name>
         <load_address>0x2001d818</load_address>
         <run_address>0x2001d818</run_address>
         <size>0xc</size>
         <input_file_ref idref="fl-e9"/>
      </object_component>
      <object_component id="oc-381">
         <name>.data:$O1$$</name>
         <load_address>0x2001d824</load_address>
         <run_address>0x2001d824</run_address>
         <size>0x8</size>
         <input_file_ref idref="fl-ea"/>
      </object_component>
      <object_component id="oc-628">
         <name>.data</name>
         <load_address>0x2001d830</load_address>
         <run_address>0x2001d830</run_address>
         <size>0x4</size>
         <input_file_ref idref="fl-fd"/>
      </object_component>
      <object_component id="oc-23f">
         <name>.bss</name>
         <uninitialized>true</uninitialized>
         <run_address>0x2001d834</run_address>
         <size>0x4</size>
         <input_file_ref idref="fl-10"/>
      </object_component>
      <object_component id="oc-108">
         <name>.common:I</name>
         <uninitialized>true</uninitialized>
         <run_address>0x2001d838</run_address>
         <size>0x1</size>
      </object_component>
      <object_component id="oc-10c">
         <name>.common:Q</name>
         <uninitialized>true</uninitialized>
         <run_address>0x2001d839</run_address>
         <size>0x1</size>
      </object_component>
      <object_component id="oc-20">
         <name>.sysmem</name>
         <uninitialized>true</uninitialized>
         <run_address>0x2001d000</run_address>
         <size>0x8</size>
         <input_file_ref idref="fl-e9"/>
      </object_component>
      <object_component id="oc-6bc">
         <name>.sysmem</name>
         <uninitialized>true</uninitialized>
         <run_address>0x2001d000</run_address>
         <size>0x0</size>
      </object_component>
      <object_component id="oc-23">
         <name>.stack</name>
         <uninitialized>true</uninitialized>
         <run_address>0x2003f800</run_address>
         <size>0x4</size>
         <input_file_ref idref="fl-fe"/>
      </object_component>
      <object_component id="oc-6bb">
         <name>.stack</name>
         <uninitialized>true</uninitialized>
         <run_address>0x2003f800</run_address>
         <size>0x0</size>
      </object_component>
      <object_component id="oc-45d">
         <name>.debug_info</name>
         <load_address>0x0</load_address>
         <run_address>0x0</run_address>
         <size>0x494</size>
         <input_file_ref idref="fl-2"/>
      </object_component>
      <object_component id="oc-2e0">
         <name>.debug_info</name>
         <load_address>0x494</load_address>
         <run_address>0x494</run_address>
         <size>0x87</size>
         <input_file_ref idref="fl-2"/>
      </object_component>
      <object_component id="oc-2e5">
         <name>.debug_info</name>
         <load_address>0x51b</load_address>
         <run_address>0x51b</run_address>
         <size>0x94</size>
         <input_file_ref idref="fl-2"/>
      </object_component>
      <object_component id="oc-35">
         <name>.debug_info</name>
         <load_address>0x5af</load_address>
         <run_address>0x5af</run_address>
         <size>0x84</size>
         <input_file_ref idref="fl-2"/>
      </object_component>
      <object_component id="oc-34e">
         <name>.debug_info</name>
         <load_address>0x633</load_address>
         <run_address>0x633</run_address>
         <size>0x2c9</size>
         <input_file_ref idref="fl-2"/>
      </object_component>
      <object_component id="oc-46d">
         <name>.debug_info</name>
         <load_address>0x8fc</load_address>
         <run_address>0x8fc</run_address>
         <size>0xef</size>
         <input_file_ref idref="fl-2"/>
      </object_component>
      <object_component id="oc-111">
         <name>.debug_info</name>
         <load_address>0x9eb</load_address>
         <run_address>0x9eb</run_address>
         <size>0xbb</size>
         <input_file_ref idref="fl-2"/>
      </object_component>
      <object_component id="oc-33f">
         <name>.debug_info</name>
         <load_address>0xaa6</load_address>
         <run_address>0xaa6</run_address>
         <size>0x2a1</size>
         <input_file_ref idref="fl-2"/>
      </object_component>
      <object_component id="oc-376">
         <name>.debug_info</name>
         <load_address>0xd47</load_address>
         <run_address>0xd47</run_address>
         <size>0x2c</size>
         <input_file_ref idref="fl-2"/>
      </object_component>
      <object_component id="oc-2f9">
         <name>.debug_info</name>
         <load_address>0xd73</load_address>
         <run_address>0xd73</run_address>
         <size>0xfe</size>
         <input_file_ref idref="fl-2"/>
      </object_component>
      <object_component id="oc-371">
         <name>.debug_info</name>
         <load_address>0xe71</load_address>
         <run_address>0xe71</run_address>
         <size>0x94</size>
         <input_file_ref idref="fl-2"/>
      </object_component>
      <object_component id="oc-4fd">
         <name>.debug_info</name>
         <load_address>0xf05</load_address>
         <run_address>0xf05</run_address>
         <size>0x489</size>
         <input_file_ref idref="fl-5"/>
      </object_component>
      <object_component id="oc-426">
         <name>.debug_info</name>
         <load_address>0x138e</load_address>
         <run_address>0x138e</run_address>
         <size>0x26b</size>
         <input_file_ref idref="fl-5"/>
      </object_component>
      <object_component id="oc-499">
         <name>.debug_info</name>
         <load_address>0x15f9</load_address>
         <run_address>0x15f9</run_address>
         <size>0x62</size>
         <input_file_ref idref="fl-5"/>
      </object_component>
      <object_component id="oc-42b">
         <name>.debug_info</name>
         <load_address>0x165b</load_address>
         <run_address>0x165b</run_address>
         <size>0x297</size>
         <input_file_ref idref="fl-5"/>
      </object_component>
      <object_component id="oc-15c">
         <name>.debug_info</name>
         <load_address>0x18f2</load_address>
         <run_address>0x18f2</run_address>
         <size>0x2c</size>
         <input_file_ref idref="fl-5"/>
      </object_component>
      <object_component id="oc-244">
         <name>.debug_info</name>
         <load_address>0x191e</load_address>
         <run_address>0x191e</run_address>
         <size>0x2c</size>
         <input_file_ref idref="fl-5"/>
      </object_component>
      <object_component id="oc-460">
         <name>.debug_info</name>
         <load_address>0x194a</load_address>
         <run_address>0x194a</run_address>
         <size>0x16adc</size>
         <input_file_ref idref="fl-6"/>
      </object_component>
      <object_component id="oc-514">
         <name>.debug_info</name>
         <load_address>0x18426</load_address>
         <run_address>0x18426</run_address>
         <size>0x3755</size>
         <input_file_ref idref="fl-6"/>
      </object_component>
[...]
      <symbol id="sm-36a">
         <name>__aeabi_memclr</name>
         <value>0x2000722b</value>
         <object_component_ref idref="oc-88"/>
      </symbol>
      <symbol id="sm-377">
         <name>__aeabi_uldivmod</name>
         <value>0x20006ee9</value>
         <object_component_ref idref="oc-5c6"/>
      </symbol>
      <symbol id="sm-395">
         <name>memcpy</name>
         <value>0x20006e4d</value>
         <object_component_ref idref="oc-3a"/>
      </symbol>
      <symbol id="sm-396">
         <name>__aeabi_memcpy</name>
         <value>0x20006e4d</value>
         <object_component_ref idref="oc-3a"/>
      </symbol>
      <symbol id="sm-397">
         <name>__aeabi_memcpy8</name>
         <value>0x20006e4d</value>
         <object_component_ref idref="oc-3a"/>
      </symbol>
      <symbol id="sm-398">
         <name>__aeabi_memcpy4</name>
         <value>0x20006e4d</value>
         <object_component_ref idref="oc-3a"/>
      </symbol>
      <symbol id="sm-3ac">
         <name>__TI_zero_init_nomemset</name>
         <value>0x20008147</value>
         <object_component_ref idref="oc-46"/>
      </symbol>
      <symbol id="sm-3c3">
         <name>__TI_decompress_none</name>
         <value>0x2000816b</value>
         <object_component_ref idref="oc-18"/>
      </symbol>
      <symbol id="sm-3e6">
         <name>__TI_decompress_lzss</name>
         <value>0x200074dd</value>
         <object_component_ref idref="oc-12"/>
      </symbol>
      <symbol id="sm-3f1">
         <name>C$$EXIT</name>
         <value>0x200081a3</value>
         <object_component_ref idref="oc-116"/>
      </symbol>
      <symbol id="sm-3f2">
         <name>abort</name>
         <value>0x200081a3</value>
         <object_component_ref idref="oc-116"/>
      </symbol>
      <symbol id="sm-488">
         <name>_sys_memory</name>
         <value>0x2001d000</value>
         <object_component_ref idref="oc-20"/>
      </symbol>
      <symbol id="sm-489">
         <name>free</name>
         <value>0x20006a25</value>
         <object_component_ref idref="oc-239"/>
      </symbol>
      <symbol id="sm-48a">
         <name>realloc</name>
         <value>0x20006705</value>
         <object_component_ref idref="oc-233"/>
      </symbol>
      <symbol id="sm-48b">
         <name>malloc</name>
         <value>0x200072a5</value>
         <object_component_ref idref="oc-22d"/>
      </symbol>
      <symbol id="sm-48c">
         <name>minit</name>
         <value>0x20007a99</value>
         <object_component_ref idref="oc-40a"/>
      </symbol>
      <symbol id="sm-4a1">
         <name>_nop</name>
         <value>0x2000605f</value>
         <object_component_ref idref="oc-474"/>
      </symbol>
      <symbol id="sm-4a2">
         <name>_lock</name>
         <value>0x2001d824</value>
         <object_component_ref idref="oc-381"/>
      </symbol>
      <symbol id="sm-4a3">
         <name>_unlock</name>
         <value>0x2001d828</value>
         <object_component_ref idref="oc-381"/>
      </symbol>
      <symbol id="sm-4b9">
         <name>memmove</name>
         <value>0x20007d69</value>
         <object_component_ref idref="oc-227"/>
      </symbol>
      <symbol id="sm-4c8">
         <name>strlen</name>
         <value>0x20008121</value>
         <object_component_ref idref="oc-221"/>
      </symbol>
      <symbol id="sm-4f8">
         <name>vsnprintf</name>
         <value>0x200078f9</value>
         <object_component_ref idref="oc-20f"/>
      </symbol>
      <symbol id="sm-510">
         <name>__aeabi_errno_addr</name>
         <value>0x20008191</value>
         <object_component_ref idref="oc-4de"/>
      </symbol>
      <symbol id="sm-511">
         <name>errno</name>
         <value>0x2001d830</value>
         <object_component_ref idref="oc-628"/>
      </symbol>
      <symbol id="sm-524">
         <name>__stack</name>
         <value>0x2003f800</value>
         <object_component_ref idref="oc-23"/>
      </symbol>
      <symbol id="sm-525">
         <name>_c_int00_noargs</name>
         <value>0x20007a61</value>
         <object_component_ref idref="oc-58"/>
      </symbol>
      <symbol id="sm-54e">
         <name>scalbn</name>
         <value>0x20006819</value>
         <object_component_ref idref="oc-612"/>
      </symbol>
      <symbol id="sm-54f">
         <name>scalbnl</name>
         <value>0x20006819</value>
         <object_component_ref idref="oc-612"/>
      </symbol>
      <symbol id="sm-550">
         <name>ldexpl</name>
         <value>0x20006819</value>
         <object_component_ref idref="oc-612"/>
      </symbol>
      <symbol id="sm-551">
         <name>ldexp</name>
         <value>0x20006819</value>
         <object_component_ref idref="oc-612"/>
      </symbol>
      <symbol id="sm-563">
         <name>copysign</name>
         <value>0x2000810d</value>
         <object_component_ref idref="oc-663"/>
      </symbol>
      <symbol id="sm-564">
         <name>copysignl</name>
         <value>0x2000810d</value>
         <object_component_ref idref="oc-663"/>
      </symbol>
      <symbol id="sm-56e">
         <name>__aeabi_idiv0</name>
         <value>0x200065e3</value>
         <object_component_ref idref="oc-64a"/>
      </symbol>
      <symbol id="sm-56f">
         <name>__aeabi_ldiv0</name>
         <value>0x200065e3</value>
         <object_component_ref idref="oc-64a"/>
      </symbol>
      <symbol id="sm-586">
         <name>__aeabi_dsub</name>
         <value>0x20005ea9</value>
         <object_component_ref idref="oc-5ec"/>
      </symbol>
      <symbol id="sm-587">
         <name>__aeabi_dadd</name>
         <value>0x20005eb3</value>
         <object_component_ref idref="oc-5ec"/>
      </symbol>
      <symbol id="sm-5a9">
         <name>__aeabi_cdcmpeq</name>
         <value>0x2000709d</value>
         <object_component_ref idref="oc-4b5"/>
      </symbol>
      <symbol id="sm-5aa">
         <name>__aeabi_cdcmple</name>
         <value>0x2000709d</value>
         <object_component_ref idref="oc-4b5"/>
      </symbol>
      <symbol id="sm-5ab">
         <name>__aeabi_cdrcmple</name>
         <value>0x20007123</value>
         <object_component_ref idref="oc-5d7"/>
      </symbol>
      <symbol id="sm-5bf">
         <name>__aeabi_ddiv</name>
         <value>0x200064ad</value>
         <object_component_ref idref="oc-5d2"/>
      </symbol>
      <symbol id="sm-5ca">
         <name>__aeabi_dmul</name>
         <value>0x20006929</value>
         <object_component_ref idref="oc-5cd"/>
      </symbol>
      <symbol id="sm-5f2">
         <name>__TI_auto_init_nobinit_nopinit</name>
         <value>0x20007875</value>
         <object_component_ref idref="oc-122"/>
      </symbol>
      <symbol id="sm-5fc">
         <name>_system_pre_init</name>
         <value>0x2000819f</value>
         <object_component_ref idref="oc-8e"/>
      </symbol>
      <symbol id="sm-763">
         <name>__TI_printfi</name>
         <value>0x20004401</value>
         <object_component_ref idref="oc-3e6"/>
      </symbol>
      <symbol id="sm-77a">
         <name>atoi</name>
         <value>0x20007755</value>
         <object_component_ref idref="oc-4a9"/>
      </symbol>
      <symbol id="sm-787">
         <name>_ctypes_</name>
         <value>0x200081a8</value>
         <object_component_ref idref="oc-5c1"/>
      </symbol>
      <symbol id="sm-79c">
         <name>ltoa</name>
         <value>0x200076ad</value>
         <object_component_ref idref="oc-5e1"/>
      </symbol>
      <symbol id="sm-7ac">
         <name>memccpy</name>
         <value>0x20007efb</value>
         <object_component_ref idref="oc-4d2"/>
      </symbol>
      <symbol id="sm-7be">
         <name>strchr</name>
         <value>0x2000807f</value>
         <object_component_ref idref="oc-618"/>
      </symbol>
      <symbol id="sm-7e0">
         <name>frexpl</name>
         <value>0x20007545</value>
         <object_component_ref idref="oc-60c"/>
      </symbol>
      <symbol id="sm-7e1">
         <name>frexp</name>
         <value>0x20007545</value>
         <object_component_ref idref="oc-60c"/>
      </symbol>
      <symbol id="sm-7eb">
         <name>__aeabi_d2iz</name>
         <value>0x200077e9</value>
         <object_component_ref idref="oc-5dc"/>
      </symbol>
      <symbol id="sm-7f5">
         <name>__aeabi_i2d</name>
         <value>0x20007bcd</value>
         <object_component_ref idref="oc-5e7"/>
      </symbol>
      <symbol id="sm-854">
         <name>ADCDisable</name>
         <value>0x20008095</value>
         <object_component_ref idref="oc-284"/>
      </symbol>
      <symbol id="sm-855">
         <name>ADCTimerDisable</name>
         <value>0x20008027</value>
         <object_component_ref idref="oc-28a"/>
      </symbol>
      <symbol id="sm-856">
         <name>ADCChannelDisable</name>
         <value>0x200079f1</value>
         <object_component_ref idref="oc-27e"/>
      </symbol>
      <symbol id="sm-857">
         <name>ADCFIFOLvlGet</name>
         <value>0x20007ea7</value>
         <object_component_ref idref="oc-272"/>
      </symbol>
      <symbol id="sm-858">
         <name>ADCChannelEnable</name>
         <value>0x20007a29</value>
         <object_component_ref idref="oc-26c"/>
      </symbol>
      <symbol id="sm-859">
         <name>ADCTimerEnable</name>
         <value>0x2000803d</value>
         <object_component_ref idref="oc-260"/>
      </symbol>
      <symbol id="sm-85a">
         <name>ADCTimerConfig</name>
         <value>0x20007d8d</value>
         <object_component_ref idref="oc-25a"/>
      </symbol>
      <symbol id="sm-85b">
         <name>ADCEnable</name>
         <value>0x200080a9</value>
         <object_component_ref idref="oc-266"/>
      </symbol>
      <symbol id="sm-85c">
         <name>ADCFIFORead</name>
         <value>0x20007f7f</value>
         <object_component_ref idref="oc-278"/>
      </symbol>
      <symbol id="sm-8b2">
         <name>GPIOIntRegister</name>
         <value>0x20007e11</value>
         <object_component_ref idref="oc-19c"/>
      </symbol>
      <symbol id="sm-8b3">
         <name>GPIOIntEnable</name>
         <value>0x20007f17</value>
         <object_component_ref idref="oc-1a2"/>
      </symbol>
      <symbol id="sm-8b4">
         <name>GPIOIntTypeSet</name>
         <value>0x200071a9</value>
         <object_component_ref idref="oc-196"/>
      </symbol>
      <symbol id="sm-8b5">
         <name>GPIOIntClear</name>
         <value>0x200080d1</value>
         <object_component_ref idref="oc-ed"/>
      </symbol>
      <symbol id="sm-8b6">
         <name>GPIOPinRead</name>
         <value>0x20007f97</value>
         <object_component_ref idref="oc-f3"/>
      </symbol>
      <symbol id="sm-8b7">
         <name>GPIODirModeSet</name>
         <value>0x20007ad1</value>
         <object_component_ref idref="oc-190"/>
      </symbol>
      <symbol id="sm-8b8">
         <name>GPIOPinWrite</name>
         <value>0x20007dd1</value>
         <object_component_ref idref="oc-24e"/>
      </symbol>
      <symbol id="sm-930">
         <name>IntPrioritySet</name>
         <value>0x20007659</value>
         <object_component_ref idref="oc-2a1"/>
      </symbol>
      <symbol id="sm-931">
         <name>IntVTableBaseSet</name>
         <value>0x200080e5</value>
         <object_component_ref idref="oc-c2"/>
      </symbol>
      <symbol id="sm-932">
         <name>IntEnable</name>
         <value>0x20006d05</value>
         <object_component_ref idref="oc-ce"/>
      </symbol>
      <symbol id="sm-933">
         <name>IntDisable</name>
         <value>0x20006c5d</value>
         <object_component_ref idref="oc-44d"/>
      </symbol>
      <symbol id="sm-934">
         <name>IntRegister</name>
         <value>0x20007df1</value>
         <object_component_ref idref="oc-3c0"/>
      </symbol>
      <symbol id="sm-935">
         <name>IntUnregister</name>
         <value>0x20007d21</value>
         <object_component_ref idref="oc-453"/>
      </symbol>
      <symbol id="sm-936">
         <name>IntMasterEnable</name>
         <value>0x20008187</value>
         <object_component_ref idref="oc-c8"/>
      </symbol>
      <symbol id="sm-985">
         <name>PinTypeUART</name>
         <value>0x20007f65</value>
         <object_component_ref idref="oc-1c6"/>
      </symbol>
      <symbol id="sm-986">
         <name>PinTypeADC</name>
         <value>0x200080f9</value>
         <object_component_ref idref="oc-254"/>
      </symbol>
      <symbol id="sm-987">
         <name>PinTypeTimer</name>
         <value>0x20007f4b</value>
         <object_component_ref idref="oc-1cc"/>
      </symbol>
      <symbol id="sm-988">
         <name>PinTypeGPIO</name>
         <value>0x20007b3d</value>
         <object_component_ref idref="oc-18a"/>
      </symbol>
      <symbol id="sm-989">
         <name>PinConfigSet</name>
         <value>0x20007015</value>
         <object_component_ref idref="oc-3ab"/>
      </symbol>
      <symbol id="sm-98a">
         <name>PinTypeSPI</name>
         <value>0x20007f31</value>
         <object_component_ref idref="oc-1a8"/>
      </symbol>
      <symbol id="sm-98b">
         <name>PinModeSet</name>
         <value>0x200078b9</value>
         <object_component_ref idref="oc-3b1"/>
      </symbol>
      <symbol id="sm-a11">
         <name>PRCMPeripheralReset</name>
         <value>0x200075a9</value>
         <object_component_ref idref="oc-17d"/>
      </symbol>
      <symbol id="sm-a12">
         <name>PRCMPeripheralClkEnable</name>
         <value>0x20007979</value>
         <object_component_ref idref="oc-177"/>
      </symbol>
      <symbol id="sm-a13">
         <name>PRCMPeripheralClockGet</name>
         <value>0x20006f81</value>
         <object_component_ref idref="oc-1b4"/>
      </symbol>
      <symbol id="sm-a14">
         <name>PRCMCC3200MCUInit</name>
         <value>0x200061f9</value>
         <object_component_ref idref="oc-d4"/>
      </symbol>
      <symbol id="sm-a15">
         <name>PRCMHIBRegWrite</name>
         <value>0x20008069</value>
         <object_component_ref idref="oc-171"/>
      </symbol>
      <symbol id="sm-a16">
         <name>PRCMSysResetCauseGet</name>
         <value>0x20007bfd</value>
         <object_component_ref idref="oc-165"/>
      </symbol>
      <symbol id="sm-a17">
         <name>PRCMPeripheralClkDisable</name>
         <value>0x20007cd1</value>
         <object_component_ref idref="oc-183"/>
      </symbol>
      <symbol id="sm-a18">
         <name>PRCMHIBRegRead</name>
         <value>0x20008053</value>
         <object_component_ref idref="oc-16b"/>
      </symbol>
      <symbol id="sm-a38">
         <name>SPIEnable</name>
         <value>0x20007faf</value>
         <object_component_ref idref="oc-1c0"/>
      </symbol>
      <symbol id="sm-a39">
         <name>SPIConfigSetExpClk</name>
         <value>0x20006dad</value>
         <object_component_ref idref="oc-1ba"/>
      </symbol>
      <symbol id="sm-a3a">
         <name>SPIReset</name>
         <value>0x20007daf</value>
         <object_component_ref idref="oc-1ae"/>
      </symbol>
      <symbol id="sm-adc">
         <name>TimerMatchSet</name>
         <value>0x20007c53</value>
         <object_component_ref idref="oc-1ea"/>
      </symbol>
      <symbol id="sm-add">
         <name>TimerLoadSet</name>
         <value>0x20007c29</value>
         <object_component_ref idref="oc-1e4"/>
      </symbol>
      <symbol id="sm-ade">
         <name>TimerControlLevel</name>
         <value>0x20007b07</value>
         <object_component_ref idref="oc-1de"/>
      </symbol>
      <symbol id="sm-adf">
         <name>TimerDisable</name>
         <value>0x20007e2f</value>
         <object_component_ref idref="oc-1fc"/>
      </symbol>
      <symbol id="sm-ae0">
         <name>TimerIntRegister</name>
         <value>0x20007395</value>
         <object_component_ref idref="oc-2a7"/>
      </symbol>
      <symbol id="sm-ae1">
         <name>TimerEnable</name>
         <value>0x20007e4d</value>
         <object_component_ref idref="oc-1f6"/>
      </symbol>
      <symbol id="sm-ae2">
         <name>TimerIntUnregister</name>
         <value>0x20007475</value>
         <object_component_ref idref="oc-2c5"/>
      </symbol>
      <symbol id="sm-ae3">
         <name>TimerIntStatus</name>
         <value>0x20007e6b</value>
         <object_component_ref idref="oc-2b3"/>
      </symbol>
      <symbol id="sm-ae4">
         <name>TimerIntDisable</name>
         <value>0x20007fc7</value>
         <object_component_ref idref="oc-2bf"/>
      </symbol>
      <symbol id="sm-ae5">
         <name>TimerValueGet</name>
         <value>0x20007ec3</value>
         <object_component_ref idref="oc-2cb"/>
      </symbol>
      <symbol id="sm-ae6">
         <name>TimerPrescaleSet</name>
         <value>0x20007ca7</value>
         <object_component_ref idref="oc-1d8"/>
      </symbol>
      <symbol id="sm-ae7">
         <name>TimerIntEnable</name>
         <value>0x20007fdf</value>
         <object_component_ref idref="oc-2ad"/>
      </symbol>
      <symbol id="sm-ae8">
         <name>TimerPrescaleMatchSet</name>
         <value>0x20007c7d</value>
         <object_component_ref idref="oc-1f0"/>
      </symbol>
      <symbol id="sm-ae9">
         <name>TimerConfigure</name>
         <value>0x20007831</value>
         <object_component_ref idref="oc-1d2"/>
      </symbol>
      <symbol id="sm-aea">
         <name>TimerIntClear</name>
         <value>0x20008135</value>
         <object_component_ref idref="oc-2b9"/>
      </symbol>
      <symbol id="sm-b26">
         <name>UARTConfigSetExpClk</name>
         <value>0x2000731d</value>
         <object_component_ref idref="oc-203"/>
      </symbol>
      <symbol id="sm-b27">
         <name>UARTDisable</name>
         <value>0x20007b6d</value>
         <object_component_ref idref="oc-3d8"/>
      </symbol>
      <symbol id="sm-b28">
         <name>UARTCharsAvail</name>
         <value>0x20007ff7</value>
         <object_component_ref idref="oc-215"/>
      </symbol>
      <symbol id="sm-b29">
         <name>UARTCharGetNonBlocking</name>
         <value>0x20007edf</value>
         <object_component_ref idref="oc-21b"/>
      </symbol>
      <symbol id="sm-b2a">
         <name>UARTCharPut</name>
         <value>0x20007e89</value>
         <object_component_ref idref="oc-209"/>
      </symbol>
      <symbol id="sm-b2b">
         <name>UARTEnable</name>
         <value>0x20007d45</value>
         <object_component_ref idref="oc-3de"/>
      </symbol>
      <symbol id="sm-b2f">
         <name>UtilsDelay</name>
         <value>0x20008199</value>
         <object_component_ref idref="oc-e6"/>
      </symbol>
      <symbol id="sm-b39">
         <name>CPUcpsie</name>
         <value>0x200080bd</value>
         <object_component_ref idref="oc-155"/>
      </symbol>
      <symbol id="sm-b3b">
         <name>__TI_static_base__</name>
         <value>0x20008558</value>
      </symbol>
      <symbol id="sm-b3e">
         <name>__mpu_init</name>
         <value>0x0</value>
      </symbol>
      <symbol id="sm-b3f">
         <name>_system_post_cinit</name>
         <value>0x0</value>
      </symbol>
      <symbol id="sm-b40">
         <name>_ZSt17__throw_bad_allocv</name>
         <value>0x200081a3</value>
      </symbol>
   </symbol_table>
   <title>Link successful</title>
</link_info>
