<?xml version="1.0" encoding="ISO-8859-1" ?>
<link_info>
   <banner>TI ARM Linker PC v18.1.3.LTS</banner>
   <copyright>Copyright (c) 1996-2017 Texas Instruments Incorporated</copyright>
   <link_time>0x5bd7c933</link_time>
   <link_errors>0x0</link_errors>
   <output_file>Lil-Pharma-SPI.out</output_file>
   <entry_point>
      <name>_c_int00_noargs</name>
      <address>0x20007299</address>
   </entry_point>
   <input_file_list>
      <input_file id="fl-2">
         <path>.\</path>
         <kind>object</kind>
         <file>gfxfont.obj</file>
         <name>gfxfont.obj</name>
      </input_file>
      <input_file id="fl-3">
         <path>.\</path>
         <kind>object</kind>
         <file>glcdfont.obj</file>
         <name>glcdfont.obj</name>
      </input_file>
      <input_file id="fl-4">
         <path>.\</path>
         <kind>object</kind>
         <file>main.obj</file>
         <name>main.obj</name>
      </input_file>
      <input_file id="fl-5">
         <path>.\</path>
         <kind>object</kind>
         <file>pinMux.obj</file>
         <name>pinMux.obj</name>
      </input_file>
      <input_file id="fl-6">
         <path>.\</path>
         <kind>object</kind>
         <file>startup_ccs.obj</file>
         <name>startup_ccs.obj</name>
      </input_file>
      <input_file id="fl-7">
         <path>.\</path>
         <kind>object</kind>
         <file>timer_if.obj</file>
         <name>timer_if.obj</name>
      </input_file>
      <input_file id="fl-8">
         <path>.\</path>
         <kind>object</kind>
         <file>uart_if.obj</file>
         <name>uart_if.obj</name>
      </input_file>
      <input_file id="fl-d">
         <kind>object</kind>
         <file>&lt;internal&gt;</file>
         <name>&lt;internal&gt;</name>
      </input_file>
      <input_file id="fl-c3">
         <path>C:\ti\ccsv8\tools\compiler\ti-cgt-arm_18.1.3.LTS\lib\</path>
         <kind>archive</kind>
         <file>rtsv7M4_T_le_eabi.lib</file>
         <name>copy_zero_init.c.obj</name>
      </input_file>
      <input_file id="fl-c4">
         <path>C:\ti\ccsv8\tools\compiler\ti-cgt-arm_18.1.3.LTS\lib\</path>
         <kind>archive</kind>
         <file>rtsv7M4_T_le_eabi.lib</file>
         <name>copy_decompress_none.c.obj</name>
      </input_file>
      <input_file id="fl-c5">
         <path>C:\ti\ccsv8\tools\compiler\ti-cgt-arm_18.1.3.LTS\lib\</path>
         <kind>archive</kind>
         <file>rtsv7M4_T_le_eabi.lib</file>
         <name>copy_decompress_lzss.c.obj</name>
      </input_file>
      <input_file id="fl-c6">
         <path>C:\ti\ccsv8\tools\compiler\ti-cgt-arm_18.1.3.LTS\lib\</path>
         <kind>archive</kind>
         <file>rtsv7M4_T_le_eabi.lib</file>
         <name>memory.c.obj</name>
      </input_file>
      <input_file id="fl-c7">
         <path>C:\ti\ccsv8\tools\compiler\ti-cgt-arm_18.1.3.LTS\lib\</path>
         <kind>archive</kind>
         <file>rtsv7M4_T_le_eabi.lib</file>
         <name>_lock.c.obj</name>
      </input_file>
      <input_file id="fl-c8">
         <path>C:\ti\ccsv8\tools\compiler\ti-cgt-arm_18.1.3.LTS\lib\</path>
         <kind>archive</kind>
         <file>rtsv7M4_T_le_eabi.lib</file>
         <name>memmov.c.obj</name>
      </input_file>
      <input_file id="fl-c9">
         <path>C:\ti\ccsv8\tools\compiler\ti-cgt-arm_18.1.3.LTS\lib\</path>
         <kind>archive</kind>
         <file>rtsv7M4_T_le_eabi.lib</file>
         <name>strlen.c.obj</name>
      </input_file>
      <input_file id="fl-ca">
         <path>C:\ti\ccsv8\tools\compiler\ti-cgt-arm_18.1.3.LTS\lib\</path>
         <kind>archive</kind>
         <file>rtsv7M4_T_le_eabi.lib</file>
         <name>vsnprintf.c.obj</name>
      </input_file>
      <input_file id="fl-cb">
         <path>C:\ti\ccsv8\tools\compiler\ti-cgt-arm_18.1.3.LTS\lib\</path>
         <kind>archive</kind>
         <file>rtsv7M4_T_le_eabi.lib</file>
         <name>boot_cortex_m.c.obj</name>
      </input_file>
      <input_file id="fl-cc">
         <path>C:\ti\ccsv8\tools\compiler\ti-cgt-arm_18.1.3.LTS\lib\</path>
         <kind>archive</kind>
         <file>rtsv7M4_T_le_eabi.lib</file>
         <name>memset_t2.asm.obj</name>
      </input_file>
      <input_file id="fl-cd">
         <path>C:\ti\ccsv8\tools\compiler\ti-cgt-arm_18.1.3.LTS\lib\</path>
         <kind>archive</kind>
         <file>rtsv7M4_T_le_eabi.lib</file>
         <name>memcpy_t2.asm.obj</name>
      </input_file>
      <input_file id="fl-ce">
         <path>C:\ti\ccsv8\tools\compiler\ti-cgt-arm_18.1.3.LTS\lib\</path>
         <kind>archive</kind>
         <file>rtsv7M4_T_le_eabi.lib</file>
         <name>autoinit.c.obj</name>
      </input_file>
      <input_file id="fl-cf">
         <path>C:\ti\ccsv8\tools\compiler\ti-cgt-arm_18.1.3.LTS\lib\</path>
         <kind>archive</kind>
         <file>rtsv7M4_T_le_eabi.lib</file>
         <name>pre_init.c.obj</name>
      </input_file>
      <input_file id="fl-d0">
         <path>C:\ti\ccsv8\tools\compiler\ti-cgt-arm_18.1.3.LTS\lib\</path>
         <kind>archive</kind>
         <file>rtsv7M4_T_le_eabi.lib</file>
         <name>cpy_tbl.c.obj</name>
      </input_file>
      <input_file id="fl-d1">
         <path>C:\ti\ccsv8\tools\compiler\ti-cgt-arm_18.1.3.LTS\lib\</path>
         <kind>archive</kind>
         <file>rtsv7M4_T_le_eabi.lib</file>
         <name>exit.c.obj</name>
      </input_file>
      <input_file id="fl-d2">
         <path>C:\ti\ccsv8\tools\compiler\ti-cgt-arm_18.1.3.LTS\lib\</path>
         <kind>archive</kind>
         <file>rtsv7M4_T_le_eabi.lib</file>
         <name>_printfi.c.obj</name>
      </input_file>
      <input_file id="fl-d3">
         <path>C:\ti\ccsv8\tools\compiler\ti-cgt-arm_18.1.3.LTS\lib\</path>
         <kind>archive</kind>
         <file>rtsv7M4_T_le_eabi.lib</file>
         <name>args_main.c.obj</name>
      </input_file>
      <input_file id="fl-d4">
         <path>C:\ti\ccsv8\tools\compiler\ti-cgt-arm_18.1.3.LTS\lib\</path>
         <kind>archive</kind>
         <file>rtsv7M4_T_le_eabi.lib</file>
         <name>atoi.c.obj</name>
      </input_file>
      <input_file id="fl-d5">
         <path>C:\ti\ccsv8\tools\compiler\ti-cgt-arm_18.1.3.LTS\lib\</path>
         <kind>archive</kind>
         <file>rtsv7M4_T_le_eabi.lib</file>
         <name>ctype.c.obj</name>
      </input_file>
      <input_file id="fl-d6">
         <path>C:\ti\ccsv8\tools\compiler\ti-cgt-arm_18.1.3.LTS\lib\</path>
         <kind>archive</kind>
         <file>rtsv7M4_T_le_eabi.lib</file>
         <name>ltoa.c.obj</name>
      </input_file>
      <input_file id="fl-d7">
         <path>C:\ti\ccsv8\tools\compiler\ti-cgt-arm_18.1.3.LTS\lib\</path>
         <kind>archive</kind>
         <file>rtsv7M4_T_le_eabi.lib</file>
         <name>memccpy.c.obj</name>
      </input_file>
      <input_file id="fl-d8">
         <path>C:\ti\ccsv8\tools\compiler\ti-cgt-arm_18.1.3.LTS\lib\</path>
         <kind>archive</kind>
         <file>rtsv7M4_T_le_eabi.lib</file>
         <name>strchr.c.obj</name>
      </input_file>
      <input_file id="fl-d9">
         <path>C:\ti\ccsv8\tools\compiler\ti-cgt-arm_18.1.3.LTS\lib\</path>
         <kind>archive</kind>
         <file>rtsv7M4_T_le_eabi.lib</file>
         <name>errno.c.obj</name>
      </input_file>
      <input_file id="fl-da">
         <path>C:\ti\ccsv8\tools\compiler\ti-cgt-arm_18.1.3.LTS\lib\</path>
         <kind>archive</kind>
         <file>rtsv7M4_T_le_eabi.lib</file>
         <name>s_frexp.c.obj</name>
      </input_file>
      <input_file id="fl-db">
         <path>C:\ti\ccsv8\tools\compiler\ti-cgt-arm_18.1.3.LTS\lib\</path>
         <kind>archive</kind>
         <file>rtsv7M4_T_le_eabi.lib</file>
         <name>s_scalbn.c.obj</name>
      </input_file>
      <input_file id="fl-dc">
         <path>C:\ti\ccsv8\tools\compiler\ti-cgt-arm_18.1.3.LTS\lib\</path>
         <kind>archive</kind>
         <file>rtsv7M4_T_le_eabi.lib</file>
         <name>wcslen.c.obj</name>
      </input_file>
      <input_file id="fl-dd">
         <path>C:\ti\ccsv8\tools\compiler\ti-cgt-arm_18.1.3.LTS\lib\</path>
         <kind>archive</kind>
         <file>rtsv7M4_T_le_eabi.lib</file>
         <name>s_copysign.c.obj</name>
      </input_file>
      <input_file id="fl-de">
         <path>C:\ti\ccsv8\tools\compiler\ti-cgt-arm_18.1.3.LTS\lib\</path>
         <kind>archive</kind>
         <file>rtsv7M4_T_le_eabi.lib</file>
         <name>ull_div_t2.asm.obj</name>
      </input_file>
      <input_file id="fl-df">
         <path>C:\ti\ccsv8\tools\compiler\ti-cgt-arm_18.1.3.LTS\lib\</path>
         <kind>archive</kind>
         <file>rtsv7M4_T_le_eabi.lib</file>
         <name>fd_add_t2.asm.obj</name>
      </input_file>
      <input_file id="fl-e0">
         <path>C:\ti\ccsv8\tools\compiler\ti-cgt-arm_18.1.3.LTS\lib\</path>
         <kind>archive</kind>
         <file>rtsv7M4_T_le_eabi.lib</file>
         <name>fd_cmp_t2.asm.obj</name>
      </input_file>
      <input_file id="fl-e1">
         <path>C:\ti\ccsv8\tools\compiler\ti-cgt-arm_18.1.3.LTS\lib\</path>
         <kind>archive</kind>
         <file>rtsv7M4_T_le_eabi.lib</file>
         <name>fd_div_t2.asm.obj</name>
      </input_file>
      <input_file id="fl-e2">
         <path>C:\ti\ccsv8\tools\compiler\ti-cgt-arm_18.1.3.LTS\lib\</path>
         <kind>archive</kind>
         <file>rtsv7M4_T_le_eabi.lib</file>
         <name>fd_mul_t2.asm.obj</name>
      </input_file>
      <input_file id="fl-e3">
         <path>C:\ti\ccsv8\tools\compiler\ti-cgt-arm_18.1.3.LTS\lib\</path>
         <kind>archive</kind>
         <file>rtsv7M4_T_le_eabi.lib</file>
         <name>fd_toi_t2.asm.obj</name>
      </input_file>
      <input_file id="fl-e4">
         <path>C:\ti\ccsv8\tools\compiler\ti-cgt-arm_18.1.3.LTS\lib\</path>
         <kind>archive</kind>
         <file>rtsv7M4_T_le_eabi.lib</file>
         <name>i_tofd_t2.asm.obj</name>
      </input_file>
      <input_file id="fl-e5">
         <path>C:\ti\ccsv8\tools\compiler\ti-cgt-arm_18.1.3.LTS\lib\</path>
         <kind>archive</kind>
         <file>rtsv7M4_T_le_eabi.lib</file>
         <name>div0.asm.obj</name>
      </input_file>
      <input_file id="fl-e6">
         <path>C:\ti\CC3200SDK_1.3.0\cc3200-sdk\driverlib\ccs\Release\</path>
         <kind>archive</kind>
         <file>driverlib.a</file>
         <name>gpio.obj</name>
      </input_file>
      <input_file id="fl-e7">
         <path>C:\ti\CC3200SDK_1.3.0\cc3200-sdk\driverlib\ccs\Release\</path>
         <kind>archive</kind>
         <file>driverlib.a</file>
         <name>interrupt.obj</name>
      </input_file>
      <input_file id="fl-e8">
         <path>C:\ti\CC3200SDK_1.3.0\cc3200-sdk\driverlib\ccs\Release\</path>
         <kind>archive</kind>
         <file>driverlib.a</file>
         <name>pin.obj</name>
      </input_file>
      <input_file id="fl-e9">
         <path>C:\ti\CC3200SDK_1.3.0\cc3200-sdk\driverlib\ccs\Release\</path>
         <kind>archive</kind>
         <file>driverlib.a</file>
         <name>prcm.obj</name>
      </input_file>
      <input_file id="fl-ea">
         <path>C:\ti\CC3200SDK_1.3.0\cc3200-sdk\driverlib\ccs\Release\</path>
         <kind>archive</kind>
         <file>driverlib.a</file>
         <name>timer.obj</name>
      </input_file>
      <input_file id="fl-eb">
         <path>C:\ti\CC3200SDK_1.3.0\cc3200-sdk\driverlib\ccs\Release\</path>
         <kind>archive</kind>
         <file>driverlib.a</file>
         <name>uart.obj</name>
      </input_file>
      <input_file id="fl-ec">
         <path>C:\ti\CC3200SDK_1.3.0\cc3200-sdk\driverlib\ccs\Release\</path>
         <kind>archive</kind>
         <file>driverlib.a</file>
         <name>utils.obj</name>
      </input_file>
      <input_file id="fl-ed">
         <path>C:\ti\CC3200SDK_1.3.0\cc3200-sdk\driverlib\ccs\Release\</path>
         <kind>archive</kind>
         <file>driverlib.a</file>
         <name>cpu.obj</name>
      </input_file>
      <input_file id="fl-ee">
         <path>C:\ti\CC3200SDK_1.3.0\cc3200-sdk\driverlib\ccs\Release\</path>
         <kind>archive</kind>
         <file>driverlib.a</file>
         <name>flash.obj</name>
      </input_file>
   </input_file_list>
   <object_component_list>
      <object_component id="oc-f">
         <name>.intvecs</name>
         <load_address>0x20004000</load_address>
         <run_address>0x20004000</run_address>
         <size>0x400</size>
         <input_file_ref idref="fl-6"/>
      </object_component>
      <object_component id="oc-2c2">
         <name>.text:__TI_printfi</name>
         <load_address>0x20004400</load_address>
         <run_address>0x20004400</run_address>
         <size>0xa4a</size>
         <input_file_ref idref="fl-d2"/>
      </object_component>
      <object_component id="oc-357">
         <name>.text:IntDefaultHandler</name>
         <load_address>0x20004e4a</load_address>
         <run_address>0x20004e4a</run_address>
         <size>0x2</size>
         <input_file_ref idref="fl-e7"/>
      </object_component>
      <object_component id="oc-94">
         <name>.text</name>
         <load_address>0x20004e4c</load_address>
         <run_address>0x20004e4c</run_address>
         <size>0x2d4</size>
         <input_file_ref idref="fl-4"/>
      </object_component>
      <object_component id="oc-122">
         <name>.text</name>
         <load_address>0x20005120</load_address>
         <run_address>0x20005120</run_address>
         <size>0x280</size>
         <input_file_ref idref="fl-8"/>
      </object_component>
      <object_component id="oc-384">
         <name>.text:_pconv_a</name>
         <load_address>0x200053a0</load_address>
         <run_address>0x200053a0</run_address>
         <size>0x268</size>
         <input_file_ref idref="fl-d2"/>
      </object_component>
      <object_component id="oc-372">
         <name>.text:_pconv_g</name>
         <load_address>0x20005608</load_address>
         <run_address>0x20005608</run_address>
         <size>0x1cc</size>
         <input_file_ref idref="fl-d2"/>
      </object_component>
      <object_component id="oc-3f2">
         <name>.text</name>
         <load_address>0x200057d4</load_address>
         <run_address>0x200057d4</run_address>
         <size>0x1b6</size>
         <input_file_ref idref="fl-df"/>
      </object_component>
      <object_component id="oc-330">
         <name>.text:_nop</name>
         <load_address>0x2000598a</load_address>
         <run_address>0x2000598a</run_address>
         <size>0x2</size>
         <input_file_ref idref="fl-c7"/>
      </object_component>
      <object_component id="oc-da">
         <name>.text</name>
         <load_address>0x2000598c</load_address>
         <run_address>0x2000598c</run_address>
         <size>0x198</size>
         <input_file_ref idref="fl-7"/>
      </object_component>
      <object_component id="oc-d4">
         <name>.text:PRCMCC3200MCUInit</name>
         <load_address>0x20005b24</load_address>
         <run_address>0x20005b24</run_address>
         <size>0x178</size>
         <input_file_ref idref="fl-e9"/>
      </object_component>
      <object_component id="oc-37e">
         <name>.text:_pconv_e</name>
         <load_address>0x20005c9c</load_address>
         <run_address>0x20005c9c</run_address>
         <size>0x13c</size>
         <input_file_ref idref="fl-d2"/>
      </object_component>
      <object_component id="oc-3d8">
         <name>.text</name>
         <load_address>0x20005dd8</load_address>
         <run_address>0x20005dd8</run_address>
         <size>0x136</size>
         <input_file_ref idref="fl-e1"/>
      </object_component>
      <object_component id="oc-444">
         <name>.text</name>
         <load_address>0x20005f0e</load_address>
         <run_address>0x20005f0e</run_address>
         <size>0x2</size>
         <input_file_ref idref="fl-e5"/>
      </object_component>
      <object_component id="oc-404">
         <name>.text:fcvt</name>
         <load_address>0x20005f10</load_address>
         <run_address>0x20005f10</run_address>
         <size>0x120</size>
         <input_file_ref idref="fl-d2"/>
      </object_component>
      <object_component id="oc-233">
         <name>.text:realloc</name>
         <load_address>0x20006030</load_address>
         <run_address>0x20006030</run_address>
         <size>0x114</size>
         <input_file_ref idref="fl-c6"/>
      </object_component>
      <object_component id="oc-3d3">
         <name>.text</name>
         <load_address>0x20006144</load_address>
         <run_address>0x20006144</run_address>
         <size>0xfc</size>
         <input_file_ref idref="fl-e2"/>
      </object_component>
      <object_component id="oc-239">
         <name>.text:free</name>
         <load_address>0x20006240</load_address>
         <run_address>0x20006240</run_address>
         <size>0xd8</size>
         <input_file_ref idref="fl-c6"/>
      </object_component>
      <object_component id="oc-418">
         <name>.text:scalbn</name>
         <load_address>0x20006318</load_address>
         <run_address>0x20006318</run_address>
         <size>0xd0</size>
         <input_file_ref idref="fl-db"/>
      </object_component>
      <object_component id="oc-367">
         <name>.text:_ltostr</name>
         <load_address>0x200063e8</load_address>
         <run_address>0x200063e8</run_address>
         <size>0xb1</size>
         <input_file_ref idref="fl-d2"/>
      </object_component>
      <object_component id="oc-2a3">
         <name>.text:IntDisable</name>
         <load_address>0x2000649c</load_address>
         <run_address>0x2000649c</run_address>
         <size>0xa8</size>
         <input_file_ref idref="fl-e7"/>
      </object_component>
      <object_component id="oc-ce">
         <name>.text:IntEnable</name>
         <load_address>0x20006544</load_address>
         <run_address>0x20006544</run_address>
         <size>0xa8</size>
         <input_file_ref idref="fl-e7"/>
      </object_component>
      <object_component id="oc-3a">
         <name>.text</name>
         <load_address>0x200065ec</load_address>
         <run_address>0x200065ec</run_address>
         <size>0x9c</size>
         <input_file_ref idref="fl-cd"/>
      </object_component>
      <object_component id="oc-3cc">
         <name>.text</name>
         <load_address>0x20006688</load_address>
         <run_address>0x20006688</run_address>
         <size>0x96</size>
         <input_file_ref idref="fl-de"/>
      </object_component>
      <object_component id="oc-12f">
         <name>.text:PRCMPeripheralClockGet</name>
         <load_address>0x20006720</load_address>
         <run_address>0x20006720</run_address>
         <size>0x94</size>
         <input_file_ref idref="fl-e9"/>
      </object_component>
      <object_component id="oc-1f2">
         <name>.text:PinConfigSet</name>
         <load_address>0x200067b4</load_address>
         <run_address>0x200067b4</run_address>
         <size>0x88</size>
         <input_file_ref idref="fl-e8"/>
      </object_component>
      <object_component id="oc-36d">
         <name>.text:__aeabi_cdcmple</name>
         <load_address>0x2000683c</load_address>
         <run_address>0x2000683c</run_address>
         <size>0x86</size>
         <input_file_ref idref="fl-e0"/>
      </object_component>
      <object_component id="oc-3dd">
         <name>.text:__aeabi_cdrcmple</name>
         <load_address>0x200068c2</load_address>
         <run_address>0x200068c2</run_address>
         <size>0x86</size>
         <input_file_ref idref="fl-e0"/>
      </object_component>
      <object_component id="oc-88">
         <name>.text</name>
         <load_address>0x20006948</load_address>
         <run_address>0x20006948</run_address>
         <size>0x7a</size>
         <input_file_ref idref="fl-cc"/>
      </object_component>
      <object_component id="oc-22d">
         <name>.text:malloc</name>
         <load_address>0x200069c4</load_address>
         <run_address>0x200069c4</run_address>
         <size>0x78</size>
         <input_file_ref idref="fl-c6"/>
      </object_component>
      <object_component id="oc-135">
         <name>.text:UARTConfigSetExpClk</name>
         <load_address>0x20006a3c</load_address>
         <run_address>0x20006a3c</run_address>
         <size>0x76</size>
         <input_file_ref idref="fl-eb"/>
      </object_component>
      <object_component id="oc-1b0">
         <name>.text:TimerIntRegister</name>
         <load_address>0x20006ab4</load_address>
         <run_address>0x20006ab4</run_address>
         <size>0x70</size>
         <input_file_ref idref="fl-ea"/>
      </object_component>
      <object_component id="oc-3fd">
         <name>.text:_mcpy</name>
         <load_address>0x20006b24</load_address>
         <run_address>0x20006b24</run_address>
         <size>0x6e</size>
         <input_file_ref idref="fl-d2"/>
      </object_component>
      <object_component id="oc-1e0">
         <name>.text:TimerIntUnregister</name>
         <load_address>0x20006b94</load_address>
         <run_address>0x20006b94</run_address>
         <size>0x68</size>
         <input_file_ref idref="fl-ea"/>
      </object_component>
      <object_component id="oc-12">
         <name>.text:decompress:lzss:__TI_decompress_lzss</name>
         <load_address>0x20006bfc</load_address>
         <run_address>0x20006bfc</run_address>
         <size>0x68</size>
         <input_file_ref idref="fl-c5"/>
      </object_component>
      <object_component id="oc-412">
         <name>.text:frexp</name>
         <load_address>0x20006c64</load_address>
         <run_address>0x20006c64</run_address>
         <size>0x5c</size>
         <input_file_ref idref="fl-da"/>
      </object_component>
      <object_component id="oc-10a">
         <name>.text:PRCMPeripheralReset</name>
         <load_address>0x20006cc0</load_address>
         <run_address>0x20006cc0</run_address>
         <size>0x58</size>
         <input_file_ref idref="fl-e9"/>
      </object_component>
      <object_component id="oc-378">
         <name>.text:_pconv_f</name>
         <load_address>0x20006d18</load_address>
         <run_address>0x20006d18</run_address>
         <size>0x56</size>
         <input_file_ref idref="fl-d2"/>
      </object_component>
      <object_component id="oc-1aa">
         <name>.text:IntPrioritySet</name>
         <load_address>0x20006d70</load_address>
         <run_address>0x20006d70</run_address>
         <size>0x54</size>
         <input_file_ref idref="fl-e7"/>
      </object_component>
      <object_component id="oc-3e7">
         <name>.text:ltoa</name>
         <load_address>0x20006dc4</load_address>
         <run_address>0x20006dc4</run_address>
         <size>0x54</size>
         <input_file_ref idref="fl-d6"/>
      </object_component>
      <object_component id="oc-3f7">
         <name>.text:_ecpy</name>
         <load_address>0x20006e18</load_address>
         <run_address>0x20006e18</run_address>
         <size>0x52</size>
         <input_file_ref idref="fl-d2"/>
      </object_component>
      <object_component id="oc-361">
         <name>.text:atoi</name>
         <load_address>0x20006e6c</load_address>
         <run_address>0x20006e6c</run_address>
         <size>0x4c</size>
         <input_file_ref idref="fl-d4"/>
      </object_component>
      <object_component id="oc-3e2">
         <name>.text</name>
         <load_address>0x20006eb8</load_address>
         <run_address>0x20006eb8</run_address>
         <size>0x48</size>
         <input_file_ref idref="fl-e3"/>
      </object_component>
      <object_component id="oc-110">
         <name>.text:TimerConfigure</name>
         <load_address>0x20006f00</load_address>
         <run_address>0x20006f00</run_address>
         <size>0x44</size>
         <input_file_ref idref="fl-ea"/>
      </object_component>
      <object_component id="oc-14e">
         <name>.text:__TI_auto_init_nobinit_nopinit:__TI_auto_init_nobinit_nopinit</name>
         <load_address>0x20006f44</load_address>
         <run_address>0x20006f44</run_address>
         <size>0x44</size>
         <input_file_ref idref="fl-ce"/>
      </object_component>
      <object_component id="oc-1f8">
         <name>.text:PinModeSet</name>
         <load_address>0x20006f88</load_address>
         <run_address>0x20006f88</run_address>
         <size>0x40</size>
         <input_file_ref idref="fl-e8"/>
      </object_component>
      <object_component id="oc-20f">
         <name>.text:vsnprintf</name>
         <load_address>0x20006fc8</load_address>
         <run_address>0x20006fc8</run_address>
         <size>0x40</size>
         <input_file_ref idref="fl-ca"/>
      </object_component>
      <object_component id="oc-40a">
         <name>.text:_fcpy</name>
         <load_address>0x20007008</load_address>
         <run_address>0x20007008</run_address>
         <size>0x3e</size>
         <input_file_ref idref="fl-d2"/>
      </object_component>
      <object_component id="oc-e0">
         <name>.text:PRCMPeripheralClkEnable</name>
         <load_address>0x20007048</load_address>
         <run_address>0x20007048</run_address>
         <size>0x3c</size>
         <input_file_ref idref="fl-e9"/>
      </object_component>
      <object_component id="oc-2f2">
         <name>.text:minsert</name>
         <load_address>0x20007084</load_address>
         <run_address>0x20007084</run_address>
         <size>0x3c</size>
         <input_file_ref idref="fl-c6"/>
      </object_component>
      <object_component id="oc-2e6">
         <name>.text:minit</name>
         <load_address>0x200070c0</load_address>
         <run_address>0x200070c0</run_address>
         <size>0x38</size>
         <input_file_ref idref="fl-c6"/>
      </object_component>
      <object_component id="oc-ec">
         <name>.text:GPIODirModeSet</name>
         <load_address>0x200070f8</load_address>
         <run_address>0x200070f8</run_address>
         <size>0x36</size>
         <input_file_ref idref="fl-e6"/>
      </object_component>
      <object_component id="oc-e6">
         <name>.text:PinTypeGPIO</name>
         <load_address>0x2000712e</load_address>
         <run_address>0x2000712e</run_address>
         <size>0x30</size>
         <input_file_ref idref="fl-e8"/>
      </object_component>
      <object_component id="oc-250">
         <name>.text:UARTDisable</name>
         <load_address>0x20007160</load_address>
         <run_address>0x20007160</run_address>
         <size>0x30</size>
         <input_file_ref idref="fl-eb"/>
      </object_component>
      <object_component id="oc-2c8">
         <name>.text:_outs</name>
         <load_address>0x20007190</load_address>
         <run_address>0x20007190</run_address>
         <size>0x30</size>
         <input_file_ref idref="fl-ca"/>
      </object_component>
      <object_component id="oc-3ed">
         <name>.text</name>
         <load_address>0x200071c0</load_address>
         <run_address>0x200071c0</run_address>
         <size>0x2e</size>
         <input_file_ref idref="fl-e4"/>
      </object_component>
      <object_component id="oc-191">
         <name>.text:PRCMSysResetCauseGet</name>
         <load_address>0x200071f0</load_address>
         <run_address>0x200071f0</run_address>
         <size>0x2c</size>
         <input_file_ref idref="fl-e9"/>
      </object_component>
      <object_component id="oc-1c8">
         <name>.text:TimerLoadSet</name>
         <load_address>0x2000721c</load_address>
         <run_address>0x2000721c</run_address>
         <size>0x2a</size>
         <input_file_ref idref="fl-ea"/>
      </object_component>
      <object_component id="oc-116">
         <name>.text:TimerPrescaleSet</name>
         <load_address>0x20007246</load_address>
         <run_address>0x20007246</run_address>
         <size>0x2a</size>
         <input_file_ref idref="fl-ea"/>
      </object_component>
      <object_component id="oc-1a3">
         <name>.text:PRCMPeripheralClkDisable</name>
         <load_address>0x20007270</load_address>
         <run_address>0x20007270</run_address>
         <size>0x28</size>
         <input_file_ref idref="fl-e9"/>
      </object_component>
      <object_component id="oc-58">
         <name>.text:_c_int00_noargs:_c_int00_noargs</name>
         <load_address>0x20007298</load_address>
         <run_address>0x20007298</run_address>
         <size>0x28</size>
         <input_file_ref idref="fl-cb"/>
      </object_component>
      <object_component id="oc-2ec">
         <name>.text:mremove</name>
         <load_address>0x200072c0</load_address>
         <run_address>0x200072c0</run_address>
         <size>0x28</size>
         <input_file_ref idref="fl-c6"/>
      </object_component>
      <object_component id="oc-2a9">
         <name>.text:IntUnregister</name>
         <load_address>0x200072e8</load_address>
         <run_address>0x200072e8</run_address>
         <size>0x24</size>
         <input_file_ref idref="fl-e7"/>
      </object_component>
      <object_component id="oc-256">
         <name>.text:UARTEnable</name>
         <load_address>0x2000730c</load_address>
         <run_address>0x2000730c</run_address>
         <size>0x24</size>
         <input_file_ref idref="fl-eb"/>
      </object_component>
      <object_component id="oc-227">
         <name>.text:memmove</name>
         <load_address>0x20007330</load_address>
         <run_address>0x20007330</run_address>
         <size>0x24</size>
         <input_file_ref idref="fl-c8"/>
      </object_component>
      <object_component id="oc-129">
         <name>.text:GPIOPinWrite</name>
         <load_address>0x20007354</load_address>
         <run_address>0x20007354</run_address>
         <size>0x20</size>
         <input_file_ref idref="fl-e6"/>
      </object_component>
      <object_component id="oc-294">
         <name>.text:IntRegister</name>
         <load_address>0x20007374</load_address>
         <run_address>0x20007374</run_address>
         <size>0x20</size>
         <input_file_ref idref="fl-e7"/>
      </object_component>
      <object_component id="oc-1d4">
         <name>.text:TimerDisable</name>
         <load_address>0x20007394</load_address>
         <run_address>0x20007394</run_address>
         <size>0x1e</size>
         <input_file_ref idref="fl-ea"/>
      </object_component>
      <object_component id="oc-1ce">
         <name>.text:TimerEnable</name>
         <load_address>0x200073b2</load_address>
         <run_address>0x200073b2</run_address>
         <size>0x1e</size>
         <input_file_ref idref="fl-ea"/>
      </object_component>
      <object_component id="oc-1bc">
         <name>.text:TimerIntStatus</name>
         <load_address>0x200073d0</load_address>
         <run_address>0x200073d0</run_address>
         <size>0x1e</size>
         <input_file_ref idref="fl-ea"/>
      </object_component>
      <object_component id="oc-209">
         <name>.text:UARTCharPut</name>
         <load_address>0x200073ee</load_address>
         <run_address>0x200073ee</run_address>
         <size>0x1e</size>
         <input_file_ref idref="fl-eb"/>
      </object_component>
      <object_component id="oc-f2">
         <name>.text:PinTypeI2C</name>
         <load_address>0x2000740c</load_address>
         <run_address>0x2000740c</run_address>
         <size>0x1c</size>
         <input_file_ref idref="fl-e8"/>
      </object_component>
      <object_component id="oc-1e6">
         <name>.text:TimerValueGet</name>
         <load_address>0x20007428</load_address>
         <run_address>0x20007428</run_address>
         <size>0x1c</size>
         <input_file_ref idref="fl-ea"/>
      </object_component>
      <object_component id="oc-21b">
         <name>.text:UARTCharGetNonBlocking</name>
         <load_address>0x20007444</load_address>
         <run_address>0x20007444</run_address>
         <size>0x1c</size>
         <input_file_ref idref="fl-eb"/>
      </object_component>
      <object_component id="oc-38a">
         <name>.text:memccpy</name>
         <load_address>0x20007460</load_address>
         <run_address>0x20007460</run_address>
         <size>0x1c</size>
         <input_file_ref idref="fl-d7"/>
      </object_component>
      <object_component id="oc-f8">
         <name>.text:PinTypeSPI</name>
         <load_address>0x2000747c</load_address>
         <run_address>0x2000747c</run_address>
         <size>0x1a</size>
         <input_file_ref idref="fl-e8"/>
      </object_component>
      <object_component id="oc-104">
         <name>.text:PinTypeTimer</name>
         <load_address>0x20007496</load_address>
         <run_address>0x20007496</run_address>
         <size>0x1a</size>
         <input_file_ref idref="fl-e8"/>
      </object_component>
      <object_component id="oc-fe">
         <name>.text:PinTypeUART</name>
         <load_address>0x200074b0</load_address>
         <run_address>0x200074b0</run_address>
         <size>0x1a</size>
         <input_file_ref idref="fl-e8"/>
      </object_component>
      <object_component id="oc-1da">
         <name>.text:TimerIntDisable</name>
         <load_address>0x200074ca</load_address>
         <run_address>0x200074ca</run_address>
         <size>0x18</size>
         <input_file_ref idref="fl-ea"/>
      </object_component>
      <object_component id="oc-1b6">
         <name>.text:TimerIntEnable</name>
         <load_address>0x200074e2</load_address>
         <run_address>0x200074e2</run_address>
         <size>0x18</size>
         <input_file_ref idref="fl-ea"/>
      </object_component>
      <object_component id="oc-215">
         <name>.text:UARTCharsAvail</name>
         <load_address>0x200074fa</load_address>
         <run_address>0x200074fa</run_address>
         <size>0x18</size>
         <input_file_ref idref="fl-eb"/>
      </object_component>
      <object_component id="oc-2ce">
         <name>.text:_outc</name>
         <load_address>0x20007512</load_address>
         <run_address>0x20007512</run_address>
         <size>0x18</size>
         <input_file_ref idref="fl-ca"/>
      </object_component>
      <object_component id="oc-197">
         <name>.text:PRCMHIBRegRead</name>
         <load_address>0x2000752a</load_address>
         <run_address>0x2000752a</run_address>
         <size>0x16</size>
         <input_file_ref idref="fl-e9"/>
      </object_component>
      <object_component id="oc-19d">
         <name>.text:PRCMHIBRegWrite</name>
         <load_address>0x20007540</load_address>
         <run_address>0x20007540</run_address>
         <size>0x16</size>
         <input_file_ref idref="fl-e9"/>
      </object_component>
      <object_component id="oc-41e">
         <name>.text:strchr</name>
         <load_address>0x20007556</load_address>
         <run_address>0x20007556</run_address>
         <size>0x16</size>
         <input_file_ref idref="fl-d8"/>
      </object_component>
      <object_component id="oc-181">
         <name>.text:CPUcpsie</name>
         <load_address>0x2000756c</load_address>
         <run_address>0x2000756c</run_address>
         <size>0x14</size>
         <input_file_ref idref="fl-ed"/>
      </object_component>
      <object_component id="oc-c2">
         <name>.text:IntVTableBaseSet</name>
         <load_address>0x20007580</load_address>
         <run_address>0x20007580</run_address>
         <size>0x14</size>
         <input_file_ref idref="fl-e7"/>
      </object_component>
      <object_component id="oc-11c">
         <name>.text:PinTypeADC</name>
         <load_address>0x20007594</load_address>
         <run_address>0x20007594</run_address>
         <size>0x14</size>
         <input_file_ref idref="fl-e8"/>
      </object_component>
      <object_component id="oc-221">
         <name>.text:strlen</name>
         <load_address>0x200075a8</load_address>
         <run_address>0x200075a8</run_address>
         <size>0x14</size>
         <input_file_ref idref="fl-c9"/>
      </object_component>
      <object_component id="oc-1c2">
         <name>.text:TimerIntClear</name>
         <load_address>0x200075bc</load_address>
         <run_address>0x200075bc</run_address>
         <size>0x12</size>
         <input_file_ref idref="fl-ea"/>
      </object_component>
      <object_component id="oc-46">
         <name>.text:decompress:ZI:__TI_zero_init_nomemset:__TI_zero_init_nomemset</name>
         <load_address>0x200075ce</load_address>
         <run_address>0x200075ce</run_address>
         <size>0x12</size>
         <input_file_ref idref="fl-c3"/>
      </object_component>
      <object_component id="oc-390">
         <name>.text:wcslen</name>
         <load_address>0x200075e0</load_address>
         <run_address>0x200075e0</run_address>
         <size>0x12</size>
         <input_file_ref idref="fl-dc"/>
      </object_component>
      <object_component id="oc-18">
         <name>.text:decompress:none:__TI_decompress_none</name>
         <load_address>0x200075f2</load_address>
         <run_address>0x200075f2</run_address>
         <size>0xe</size>
         <input_file_ref idref="fl-c4"/>
      </object_component>
      <object_component id="oc-26">
         <name>.text</name>
         <load_address>0x20007600</load_address>
         <run_address>0x20007600</run_address>
         <size>0xe</size>
         <input_file_ref idref="fl-6"/>
      </object_component>
      <object_component id="oc-c8">
         <name>.text:IntMasterEnable</name>
         <load_address>0x2000760e</load_address>
         <run_address>0x2000760e</run_address>
         <size>0xa</size>
         <input_file_ref idref="fl-e7"/>
      </object_component>
      <object_component id="oc-396">
         <name>.text:__aeabi_errno_addr</name>
         <load_address>0x20007618</load_address>
         <run_address>0x20007618</run_address>
         <size>0x8</size>
         <input_file_ref idref="fl-d9"/>
      </object_component>
      <object_component id="oc-45d">
         <name>.text:copysign</name>
         <load_address>0x20007620</load_address>
         <run_address>0x20007620</run_address>
         <size>0x8</size>
         <input_file_ref idref="fl-dd"/>
      </object_component>
      <object_component id="oc-128">
         <name>.text:UtilsDelay</name>
         <load_address>0x20007628</load_address>
         <run_address>0x20007628</run_address>
         <size>0x6</size>
         <input_file_ref idref="fl-ec"/>
      </object_component>
      <object_component id="oc-8e">
         <name>.text:_system_pre_init</name>
         <load_address>0x2000762e</load_address>
         <run_address>0x2000762e</run_address>
         <size>0x4</size>
         <input_file_ref idref="fl-cf"/>
      </object_component>
      <object_component id="oc-142">
         <name>.text:abort:abort</name>
         <load_address>0x20007632</load_address>
         <run_address>0x20007632</run_address>
         <size>0x4</size>
         <input_file_ref idref="fl-d1"/>
      </object_component>
      <object_component id="oc-3c7">
         <name>.const:.string:_ctypes_</name>
         <load_address>0x20007638</load_address>
         <run_address>0x20007638</run_address>
         <size>0x101</size>
         <input_file_ref idref="fl-d5"/>
      </object_component>
      <object_component id="oc-2b5">
         <name>.const:g_ulPinToPadMap</name>
         <load_address>0x2000773c</load_address>
         <run_address>0x2000773c</run_address>
         <size>0x100</size>
         <input_file_ref idref="fl-e8"/>
      </object_component>
      <object_component id="oc-290">
         <name>.const:g_pulRegs</name>
         <load_address>0x2000783c</load_address>
         <run_address>0x2000783c</run_address>
         <size>0xd4</size>
         <input_file_ref idref="fl-e7"/>
      </object_component>
      <object_component id="oc-1ee">
         <name>.const:PRCM_PeriphRegsList</name>
         <load_address>0x20007910</load_address>
         <run_address>0x20007910</run_address>
         <size>0xa8</size>
         <input_file_ref idref="fl-e9"/>
      </object_component>
      <object_component id="oc-18d">
         <name>.const</name>
         <load_address>0x200079b8</load_address>
         <run_address>0x200079b8</run_address>
         <size>0x80</size>
         <input_file_ref idref="fl-e7"/>
      </object_component>
      <object_component id="oc-4b3">
         <name>.cinit..data.load</name>
         <load_address>0x20007a38</load_address>
         <run_address>0x20007a38</run_address>
         <size>0x1b</size>
      </object_component>
      <object_component id="oc-4b1">
         <name>__TI_handler_table</name>
         <load_address>0x20007a54</load_address>
         <run_address>0x20007a54</run_address>
         <size>0xc</size>
      </object_component>
      <object_component id="oc-4b4">
         <name>.cinit..bss.load</name>
         <load_address>0x20007a60</load_address>
         <run_address>0x20007a60</run_address>
         <size>0x8</size>
      </object_component>
      <object_component id="oc-4b2">
         <name>__TI_cinit_table</name>
         <load_address>0x20007a68</load_address>
         <run_address>0x20007a68</run_address>
         <size>0x10</size>
      </object_component>
      <object_component id="oc-13e">
         <name>.data</name>
         <load_address>0x20017814</load_address>
         <run_address>0x20017814</run_address>
         <size>0x6</size>
         <input_file_ref idref="fl-4"/>
      </object_component>
      <object_component id="oc-2f8">
         <name>.data:$O1$$</name>
         <load_address>0x20017800</load_address>
         <run_address>0x20017800</run_address>
         <size>0xc</size>
         <input_file_ref idref="fl-c6"/>
      </object_component>
      <object_component id="oc-26c">
         <name>.data:$O1$$</name>
         <load_address>0x2001780c</load_address>
         <run_address>0x2001780c</run_address>
         <size>0x8</size>
         <input_file_ref idref="fl-c7"/>
      </object_component>
      <object_component id="oc-42e">
         <name>.data</name>
         <load_address>0x2001781c</load_address>
         <run_address>0x2001781c</run_address>
         <size>0x4</size>
         <input_file_ref idref="fl-d9"/>
      </object_component>
      <object_component id="oc-13b">
         <name>.bss</name>
         <uninitialized>true</uninitialized>
         <run_address>0x20017820</run_address>
         <size>0x4</size>
         <input_file_ref idref="fl-4"/>
      </object_component>
      <object_component id="oc-23f">
         <name>.bss</name>
         <uninitialized>true</uninitialized>
         <run_address>0x20017824</run_address>
         <size>0x4</size>
         <input_file_ref idref="fl-8"/>
      </object_component>
      <object_component id="oc-20">
         <name>.sysmem</name>
         <uninitialized>true</uninitialized>
         <run_address>0x20017000</run_address>
         <size>0x8</size>
         <input_file_ref idref="fl-c6"/>
      </object_component>
      <object_component id="oc-4b6">
         <name>.sysmem</name>
         <uninitialized>true</uninitialized>
         <run_address>0x20017000</run_address>
         <size>0x0</size>
      </object_component>
      <object_component id="oc-23">
         <name>.stack</name>
         <uninitialized>true</uninitialized>
         <run_address>0x2002f800</run_address>
         <size>0x4</size>
         <input_file_ref idref="fl-cb"/>
      </object_component>
      <object_component id="oc-4b5">
         <name>.stack</name>
         <uninitialized>true</uninitialized>
         <run_address>0x2002f800</run_address>
         <size>0x0</size>
      </object_component>
      <object_component id="oc-25f">
         <name>.debug_info</name>
         <load_address>0x0</load_address>
         <run_address>0x0</run_address>
         <size>0x784</size>
         <input_file_ref idref="fl-4"/>
      </object_component>
      <object_component id="oc-13f">
         <name>.debug_info</name>
         <load_address>0x784</load_address>
         <run_address>0x784</run_address>
         <size>0x101</size>
         <input_file_ref idref="fl-4"/>
      </object_component>
      <object_component id="oc-13c">
         <name>.debug_info</name>
         <load_address>0x885</load_address>
         <run_address>0x885</run_address>
         <size>0xd4</size>
         <input_file_ref idref="fl-4"/>
      </object_component>
      <object_component id="oc-95">
         <name>.debug_info</name>
         <load_address>0x959</load_address>
         <run_address>0x959</run_address>
         <size>0x8c6</size>
         <input_file_ref idref="fl-4"/>
      </object_component>
      <object_component id="oc-310">
         <name>.debug_info</name>
         <load_address>0x121f</load_address>
         <run_address>0x121f</run_address>
         <size>0x94</size>
         <input_file_ref idref="fl-4"/>
      </object_component>
      <object_component id="oc-35">
         <name>.debug_info</name>
         <load_address>0x12b3</load_address>
         <run_address>0x12b3</run_address>
         <size>0x84</size>
         <input_file_ref idref="fl-4"/>
      </object_component>
      <object_component id="oc-31f">
         <name>.debug_info</name>
         <load_address>0x1337</load_address>
         <run_address>0x1337</run_address>
         <size>0x2c9</size>
         <input_file_ref idref="fl-4"/>
      </object_component>
      <object_component id="oc-263">
         <name>.debug_info</name>
         <load_address>0x1600</load_address>
         <run_address>0x1600</run_address>
         <size>0xbb</size>
         <input_file_ref idref="fl-4"/>
      </object_component>
      <object_component id="oc-315">
         <name>.debug_info</name>
         <load_address>0x16bb</load_address>
         <run_address>0x16bb</run_address>
         <size>0x2a1</size>
         <input_file_ref idref="fl-4"/>
      </object_component>
      <object_component id="oc-329">
         <name>.debug_info</name>
         <load_address>0x195c</load_address>
         <run_address>0x195c</run_address>
         <size>0x2c</size>
         <input_file_ref idref="fl-4"/>
      </object_component>
      <object_component id="oc-31a">
         <name>.debug_info</name>
         <load_address>0x1988</load_address>
         <run_address>0x1988</run_address>
         <size>0xf1</size>
         <input_file_ref idref="fl-4"/>
      </object_component>
      <object_component id="oc-324">
         <name>.debug_info</name>
         <load_address>0x1a79</load_address>
         <run_address>0x1a79</run_address>
         <size>0x94</size>
         <input_file_ref idref="fl-4"/>
      </object_component>
      <object_component id="oc-2bc">
         <name>.debug_info</name>
         <load_address>0x1b0d</load_address>
         <run_address>0x1b0d</run_address>
         <size>0x62</size>
         <input_file_ref idref="fl-5"/>
      </object_component>
      <object_component id="oc-188">
         <name>.debug_info</name>
         <load_address>0x1b6f</load_address>
         <run_address>0x1b6f</run_address>
         <size>0x2c</size>
         <input_file_ref idref="fl-5"/>
      </object_component>
      <object_component id="oc-2e">
         <name>.debug_info</name>
         <load_address>0x1b9b</load_address>
         <run_address>0x1b9b</run_address>
         <size>0x190</size>
         <input_file_ref idref="fl-6"/>
      </object_component>
      <object_component id="oc-10">
         <name>.debug_info</name>
         <load_address>0x1d2b</load_address>
         <run_address>0x1d2b</run_address>
         <size>0x10f</size>
         <input_file_ref idref="fl-6"/>
      </object_component>
      <object_component id="oc-29">
         <name>.debug_info</name>
         <load_address>0x1e3a</load_address>
         <run_address>0x1e3a</run_address>
         <size>0x430</size>
         <input_file_ref idref="fl-6"/>
      </object_component>
      <object_component id="oc-1ed">
         <name>.debug_info</name>
         <load_address>0x226a</load_address>
         <run_address>0x226a</run_address>
         <size>0x482</size>
         <input_file_ref idref="fl-7"/>
      </object_component>
      <object_component id="oc-db">
         <name>.debug_info</name>
         <load_address>0x26ec</load_address>
         <run_address>0x26ec</run_address>
         <size>0xd5c</size>
         <input_file_ref idref="fl-7"/>
      </object_component>
      <object_component id="oc-243">
         <name>.debug_info</name>
         <load_address>0x3448</load_address>
         <run_address>0x3448</run_address>
         <size>0x3d5</size>
         <input_file_ref idref="fl-8"/>
      </object_component>
      <object_component id="oc-240">
         <name>.debug_info</name>
         <load_address>0x381d</load_address>
         <run_address>0x381d</run_address>
         <size>0x106</size>
         <input_file_ref idref="fl-8"/>
      </object_component>
      <object_component id="oc-124">
         <name>.debug_info</name>
         <load_address>0x3923</load_address>
         <run_address>0x3923</run_address>
         <size>0x8e2</size>
         <input_file_ref idref="fl-8"/>
      </object_component>
      <object_component id="oc-302">
         <name>.debug_info</name>
         <load_address>0x4205</load_address>
         <run_address>0x4205</run_address>
         <size>0x26b</size>
         <input_file_ref idref="fl-8"/>
      </object_component>
      <object_component id="oc-249">
         <name>.debug_info</name>
         <load_address>0x4470</load_address>
         <run_address>0x4470</run_address>
         <size>0x110</size>
         <input_file_ref idref="fl-8"/>
      </object_component>
      <object_component id="oc-307">
         <name>.debug_info</name>
         <load_address>0x4580</load_address>
         <run_address>0x4580</run_address>
         <size>0x297</size>
         <input_file_ref idref="fl-8"/>
      </object_component>
      <object_component id="oc-244">
         <name>.debug_info</name>
         <load_address>0x4817</load_address>
         <run_address>0x4817</run_address>
         <size>0x2c</size>
         <input_file_ref idref="fl-8"/>
      </object_component>
      <object_component id="oc-87">
         <name>.debug_info</name>
         <load_address>0x4843</load_address>
         <run_address>0x4843</run_address>
         <size>0x1e5</size>
         <input_file_ref idref="fl-c3"/>
      </object_component>
      <object_component id="oc-49">
         <name>.debug_info</name>
         <load_address>0x4a28</load_address>
         <run_address>0x4a28</run_address>
         <size>0x1b4</size>
         <input_file_ref idref="fl-c3"/>
      </object_component>
      <object_component id="oc-82">
         <name>.debug_info</name>
         <load_address>0x4bdc</load_address>
         <run_address>0x4bdc</run_address>
         <size>0x46</size>
         <input_file_ref idref="fl-c3"/>
      </object_component>
      <object_component id="oc-b9">
         <name>.debug_info</name>
         <load_address>0x4c22</load_address>
         <run_address>0x4c22</run_address>
         <size>0x2c</size>
         <input_file_ref idref="fl-c3"/>
      </object_component>
      <object_component id="oc-45">
         <name>.debug_info</name>
         <load_address>0x4c4e</load_address>
         <run_address>0x4c4e</run_address>
         <size>0x16f</size>
         <input_file_ref idref="fl-c4"/>
      </object_component>
      <object_component id="oc-19">
         <name>.debug_info</name>
         <load_address>0x4dbd</load_address>
         <run_address>0x4dbd</run_address>
         <size>0x1df</size>
         <input_file_ref idref="fl-c4"/>
      </object_component>
      <object_component id="oc-40">
         <name>.debug_info</name>
         <load_address>0x4f9c</load_address>
         <run_address>0x4f9c</run_address>
         <size>0x46</size>
         <input_file_ref idref="fl-c4"/>
      </object_component>
      <object_component id="oc-7a">
         <name>.debug_info</name>
         <load_address>0x4fe2</load_address>
         <run_address>0x4fe2</run_address>
         <size>0x2c</size>
         <input_file_ref idref="fl-c4"/>
      </object_component>
      <object_component id="oc-78">
         <name>.debug_info</name>
         <load_address>0x500e</load_address>
         <run_address>0x500e</run_address>
         <size>0x165</size>
         <input_file_ref idref="fl-c5"/>
      </object_component>
      <object_component id="oc-13">
         <name>.debug_info</name>
         <load_address>0x5173</load_address>
         <run_address>0x5173</run_address>
         <size>0x245</size>
         <input_file_ref idref="fl-c5"/>
      </object_component>
      <object_component id="oc-30">
         <name>.debug_info</name>
         <load_address>0x53b8</load_address>
         <run_address>0x53b8</run_address>
         <size>0x60</size>
         <input_file_ref idref="fl-c5"/>
      </object_component>
      <object_component id="oc-b2">
         <name>.debug_info</name>
         <load_address>0x5418</load_address>
         <run_address>0x5418</run_address>
         <size>0x46</size>
         <input_file_ref idref="fl-c5"/>
      </object_component>
      <object_component id="oc-73">
         <name>.debug_info</name>
         <load_address>0x545e</load_address>
         <run_address>0x545e</run_address>
         <size>0x39</size>
         <input_file_ref idref="fl-c5"/>
      </object_component>
      <object_component id="oc-6c">
         <name>.debug_info</name>
         <load_address>0x5497</load_address>
         <run_address>0x5497</run_address>
         <size>0x28d</size>
         <input_file_ref idref="fl-c6"/>
      </object_component>
      <object_component id="oc-21">
         <name>.debug_info</name>
         <load_address>0x5724</load_address>
         <run_address>0x5724</run_address>
         <size>0x101</size>
         <input_file_ref idref="fl-c6"/>
      </object_component>
      <object_component id="oc-2f9">
         <name>.debug_info</name>
         <load_address>0x5825</load_address>
         <run_address>0x5825</run_address>
         <size>0x14c</size>
         <input_file_ref idref="fl-c6"/>
      </object_component>
      <object_component id="oc-2e7">
         <name>.debug_info</name>
         <load_address>0x5971</load_address>
         <run_address>0x5971</run_address>
         <size>0x139</size>
         <input_file_ref idref="fl-c6"/>
      </object_component>
      <object_component id="oc-2ed">
         <name>.debug_info</name>
         <load_address>0x5aaa</load_address>
         <run_address>0x5aaa</run_address>
         <size>0x174</size>
         <input_file_ref idref="fl-c6"/>
      </object_component>
      <object_component id="oc-2f3">
         <name>.debug_info</name>
         <load_address>0x5c1e</load_address>
         <run_address>0x5c1e</run_address>
         <size>0x172</size>
         <input_file_ref idref="fl-c6"/>
      </object_component>
      <object_component id="oc-22e">
         <name>.debug_info</name>
         <load_address>0x5d90</load_address>
         <run_address>0x5d90</run_address>
         <size>0x1db</size>
         <input_file_ref idref="fl-c6"/>
      </object_component>
      <object_component id="oc-23a">
         <name>.debug_info</name>
         <load_address>0x5f6b</load_address>
         <run_address>0x5f6b</run_address>
         <size>0x1e6</size>
         <input_file_ref idref="fl-c6"/>
      </object_component>
      <object_component id="oc-234">
         <name>.debug_info</name>
         <load_address>0x6151</load_address>
         <run_address>0x6151</run_address>
         <size>0x27e</size>
         <input_file_ref idref="fl-c6"/>
      </object_component>
      <object_component id="oc-a8">
         <name>.debug_info</name>
         <load_address>0x63cf</load_address>
         <run_address>0x63cf</run_address>
         <size>0x2c</size>
         <input_file_ref idref="fl-c6"/>
      </object_component>
      <object_component id="oc-ad">
         <name>.debug_info</name>
         <load_address>0x63fb</load_address>
         <run_address>0x63fb</run_address>
         <size>0x62</size>
         <input_file_ref idref="fl-c6"/>
      </object_component>
      <object_component id="oc-338">
         <name>.debug_info</name>
         <load_address>0x645d</load_address>
         <run_address>0x645d</run_address>
         <size>0x190</size>
         <input_file_ref idref="fl-c7"/>
      </object_component>
      <object_component id="oc-26d">
         <name>.debug_info</name>
         <load_address>0x65ed</load_address>
         <run_address>0x65ed</run_address>
         <size>0x113</size>
         <input_file_ref idref="fl-c7"/>
      </object_component>
      <object_component id="oc-331">
         <name>.debug_info</name>
         <load_address>0x6700</load_address>
         <run_address>0x6700</run_address>
         <size>0x123</size>
         <input_file_ref idref="fl-c7"/>
      </object_component>
      <object_component id="oc-2e5">
         <name>.debug_info</name>
         <load_address>0x6823</load_address>
         <run_address>0x6823</run_address>
         <size>0x16c</size>
         <input_file_ref idref="fl-c8"/>
      </object_component>
      <object_component id="oc-229">
         <name>.debug_info</name>
         <load_address>0x698f</load_address>
         <run_address>0x698f</run_address>
         <size>0x1ab</size>
         <input_file_ref idref="fl-c8"/>
      </object_component>
      <object_component id="oc-2e3">
         <name>.debug_info</name>
         <load_address>0x6b3a</load_address>
         <run_address>0x6b3a</run_address>
         <size>0x156</size>
         <input_file_ref idref="fl-c9"/>
      </object_component>
      <object_component id="oc-223">
         <name>.debug_info</name>
         <load_address>0x6c90</load_address>
         <run_address>0x6c90</run_address>
         <size>0x22a</size>
         <input_file_ref idref="fl-c9"/>
      </object_component>
      <object_component id="oc-2d5">
         <name>.debug_info</name>
         <load_address>0x6eba</load_address>
         <run_address>0x6eba</run_address>
         <size>0x207</size>
         <input_file_ref idref="fl-ca"/>
      </object_component>
      <object_component id="oc-212">
         <name>.debug_info</name>
         <load_address>0x70c1</load_address>
         <run_address>0x70c1</run_address>
         <size>0x1fd</size>
         <input_file_ref idref="fl-ca"/>
      </object_component>
      <object_component id="oc-2cb">
         <name>.debug_info</name>
         <load_address>0x72be</load_address>
         <run_address>0x72be</run_address>
         <size>0x1bb</size>
         <input_file_ref idref="fl-ca"/>
      </object_component>
      <object_component id="oc-2d1">
         <name>.debug_info</name>
         <load_address>0x7479</load_address>
         <run_address>0x7479</run_address>
         <size>0x16e</size>
         <input_file_ref idref="fl-ca"/>
      </object_component>
      <object_component id="oc-2d6">
         <name>.debug_info</name>
         <load_address>0x75e7</load_address>
         <run_address>0x75e7</run_address>
         <size>0x2c</size>
         <input_file_ref idref="fl-ca"/>
      </object_component>
      <object_component id="oc-2db">
         <name>.debug_info</name>
         <load_address>0x7613</load_address>
         <run_address>0x7613</run_address>
         <size>0x69</size>
         <input_file_ref idref="fl-ca"/>
      </object_component>
      <object_component id="oc-24">
         <name>.debug_info</name>
         <load_address>0x767c</load_address>
         <run_address>0x767c</run_address>
         <size>0x100</size>
         <input_file_ref idref="fl-cb"/>
      </object_component>
      <object_component id="oc-5b">
         <name>.debug_info</name>
         <load_address>0x777c</load_address>
         <run_address>0x777c</run_address>
         <size>0x1a4</size>
         <input_file_ref idref="fl-cb"/>
      </object_component>
      <object_component id="oc-89">
         <name>.debug_info</name>
         <load_address>0x7920</load_address>
         <run_address>0x7920</run_address>
         <size>0x13f</size>
         <input_file_ref idref="fl-cc"/>
      </object_component>
      <object_component id="oc-3b">
         <name>.debug_info</name>
         <load_address>0x7a5f</load_address>
         <run_address>0x7a5f</run_address>
         <size>0x111</size>
         <input_file_ref idref="fl-cd"/>
      </object_component>
      <object_component id="oc-273">
         <name>.debug_info</name>
         <load_address>0x7b70</load_address>
         <run_address>0x7b70</run_address>
         <size>0x419</size>
         <input_file_ref idref="fl-ce"/>
      </object_component>
      <object_component id="oc-151">
         <name>.debug_info</name>
         <load_address>0x7f89</load_address>
         <run_address>0x7f89</run_address>
         <size>0x19b</size>
         <input_file_ref idref="fl-ce"/>
      </object_component>
      <object_component id="oc-33e">
         <name>.debug_info</name>
         <load_address>0x8124</load_address>
         <run_address>0x8124</run_address>
         <size>0x39</size>
         <input_file_ref idref="fl-ce"/>
      </object_component>
      <object_component id="oc-3b8">
         <name>.debug_info</name>
         <load_address>0x815d</load_address>
         <run_address>0x815d</run_address>
         <size>0x39</size>
         <input_file_ref idref="fl-ce"/>
      </object_component>
      <object_component id="oc-343">
         <name>.debug_info</name>
         <load_address>0x8196</load_address>
         <run_address>0x8196</run_address>
         <size>0x39</size>
         <input_file_ref idref="fl-ce"/>
      </object_component>
      <object_component id="oc-348">
         <name>.debug_info</name>
         <load_address>0x81cf</load_address>
         <run_address>0x81cf</run_address>
         <size>0xcd</size>
         <input_file_ref idref="fl-ce"/>
      </object_component>
      <object_component id="oc-90">
         <name>.debug_info</name>
         <load_address>0x829c</load_address>
         <run_address>0x829c</run_address>
         <size>0x148</size>
         <input_file_ref idref="fl-cf"/>
      </object_component>
      <object_component id="oc-143">
         <name>.debug_info</name>
         <load_address>0x83e4</load_address>
         <run_address>0x83e4</run_address>
         <size>0x117</size>
         <input_file_ref idref="fl-d1"/>
      </object_component>
      <object_component id="oc-39d">
         <name>.debug_info</name>
         <load_address>0x84fb</load_address>
         <run_address>0x84fb</run_address>
         <size>0x778</size>
         <input_file_ref idref="fl-d2"/>
      </object_component>
      <object_component id="oc-368">
         <name>.debug_info</name>
         <load_address>0x8c73</load_address>
         <run_address>0x8c73</run_address>
         <size>0x213</size>
         <input_file_ref idref="fl-d2"/>
      </object_component>
      <object_component id="oc-3f8">
         <name>.debug_info</name>
         <load_address>0x8e86</load_address>
         <run_address>0x8e86</run_address>
         <size>0x1a8</size>
         <input_file_ref idref="fl-d2"/>
      </object_component>
      <object_component id="oc-3fe">
         <name>.debug_info</name>
         <load_address>0x902e</load_address>
         <run_address>0x902e</run_address>
         <size>0x210</size>
         <input_file_ref idref="fl-d2"/>
      </object_component>
      <object_component id="oc-373">
         <name>.debug_info</name>
         <load_address>0x923e</load_address>
         <run_address>0x923e</run_address>
         <size>0x3af</size>
         <input_file_ref idref="fl-d2"/>
      </object_component>
      <object_component id="oc-405">
         <name>.debug_info</name>
         <load_address>0x95ed</load_address>
         <run_address>0x95ed</run_address>
         <size>0x2fb</size>
         <input_file_ref idref="fl-d2"/>
      </object_component>
      <object_component id="oc-40b">
         <name>.debug_info</name>
         <load_address>0x98e8</load_address>
         <run_address>0x98e8</run_address>
         <size>0x20a</size>
         <input_file_ref idref="fl-d2"/>
      </object_component>
      <object_component id="oc-379">
         <name>.debug_info</name>
         <load_address>0x9af2</load_address>
         <run_address>0x9af2</run_address>
         <size>0x21d</size>
         <input_file_ref idref="fl-d2"/>
      </object_component>
      <object_component id="oc-37f">
         <name>.debug_info</name>
         <load_address>0x9d0f</load_address>
         <run_address>0x9d0f</run_address>
         <size>0x2f8</size>
         <input_file_ref idref="fl-d2"/>
      </object_component>
      <object_component id="oc-385">
         <name>.debug_info</name>
         <load_address>0xa007</load_address>
         <run_address>0xa007</run_address>
         <size>0x4a4</size>
         <input_file_ref idref="fl-d2"/>
      </object_component>
      <object_component id="oc-2c3">
         <name>.debug_info</name>
         <load_address>0xa4ab</load_address>
         <run_address>0xa4ab</run_address>
         <size>0x5cd</size>
         <input_file_ref idref="fl-d2"/>
      </object_component>
      <object_component id="oc-39e">
         <name>.debug_info</name>
         <load_address>0xaa78</load_address>
         <run_address>0xaa78</run_address>
         <size>0x86</size>
         <input_file_ref idref="fl-d2"/>
      </object_component>
      <object_component id="oc-435">
         <name>.debug_info</name>
         <load_address>0xaafe</load_address>
         <run_address>0xaafe</run_address>
         <size>0x39</size>
         <input_file_ref idref="fl-d2"/>
      </object_component>
      <object_component id="oc-474">
         <name>.debug_info</name>
         <load_address>0xab37</load_address>
         <run_address>0xab37</run_address>
         <size>0xb6</size>
         <input_file_ref idref="fl-d2"/>
      </object_component>
      <object_component id="oc-43a">
         <name>.debug_info</name>
         <load_address>0xabed</load_address>
         <run_address>0xabed</run_address>
         <size>0x46</size>
         <input_file_ref idref="fl-d2"/>
      </object_component>
      <object_component id="oc-3a3">
         <name>.debug_info</name>
         <load_address>0xac33</load_address>
         <run_address>0xac33</run_address>
         <size>0x46</size>
         <input_file_ref idref="fl-d2"/>
      </object_component>
      <object_component id="oc-3cb">
         <name>.debug_info</name>
         <load_address>0xac79</load_address>
         <run_address>0xac79</run_address>
         <size>0x180</size>
         <input_file_ref idref="fl-d4"/>
      </object_component>
      <object_component id="oc-364">
         <name>.debug_info</name>
         <load_address>0xadf9</load_address>
         <run_address>0xadf9</run_address>
         <size>0x171</size>
         <input_file_ref idref="fl-d4"/>
      </object_component>
      <object_component id="oc-441">
         <name>.debug_info</name>
         <load_address>0xaf6a</load_address>
         <run_address>0xaf6a</run_address>
         <size>0xee</size>
         <input_file_ref idref="fl-d5"/>
      </object_component>
      <object_component id="oc-3c8">
         <name>.debug_info</name>
         <load_address>0xb058</load_address>
         <run_address>0xb058</run_address>
         <size>0xfa</size>
         <input_file_ref idref="fl-d5"/>
      </object_component>
      <object_component id="oc-44f">
         <name>.debug_info</name>
         <load_address>0xb152</load_address>
         <run_address>0xb152</run_address>
         <size>0x162</size>
         <input_file_ref idref="fl-d6"/>
      </object_component>
      <object_component id="oc-3eb">
         <name>.debug_info</name>
         <load_address>0xb2b4</load_address>
         <run_address>0xb2b4</run_address>
         <size>0x1c2</size>
         <input_file_ref idref="fl-d6"/>
      </object_component>
      <object_component id="oc-426">
         <name>.debug_info</name>
         <load_address>0xb476</load_address>
         <run_address>0xb476</run_address>
         <size>0x15d</size>
         <input_file_ref idref="fl-d7"/>
      </object_component>
      <object_component id="oc-38b">
         <name>.debug_info</name>
         <load_address>0xb5d3</load_address>
         <run_address>0xb5d3</run_address>
         <size>0x1ab</size>
         <input_file_ref idref="fl-d7"/>
      </object_component>
      <object_component id="oc-466">
         <name>.debug_info</name>
         <load_address>0xb77e</load_address>
         <run_address>0xb77e</run_address>
         <size>0x161</size>
         <input_file_ref idref="fl-d8"/>
      </object_component>
      <object_component id="oc-41f">
         <name>.debug_info</name>
         <load_address>0xb8df</load_address>
         <run_address>0xb8df</run_address>
         <size>0x247</size>
         <input_file_ref idref="fl-d8"/>
      </object_component>
      <object_component id="oc-432">
         <name>.debug_info</name>
         <load_address>0xbb26</load_address>
         <run_address>0xbb26</run_address>
         <size>0x150</size>
         <input_file_ref idref="fl-d9"/>
      </object_component>
      <object_component id="oc-42f">
         <name>.debug_info</name>
         <load_address>0xbc76</load_address>
         <run_address>0xbc76</run_address>
         <size>0x103</size>
         <input_file_ref idref="fl-d9"/>
      </object_component>
      <object_component id="oc-397">
         <name>.debug_info</name>
         <load_address>0xbd79</load_address>
         <run_address>0xbd79</run_address>
         <size>0x143</size>
         <input_file_ref idref="fl-d9"/>
      </object_component>
      <object_component id="oc-457">
         <name>.debug_info</name>
         <load_address>0xbebc</load_address>
         <run_address>0xbebc</run_address>
         <size>0x15c</size>
         <input_file_ref idref="fl-da"/>
      </object_component>
      <object_component id="oc-413">
         <name>.debug_info</name>
         <load_address>0xc018</load_address>
         <run_address>0xc018</run_address>
         <size>0x189</size>
         <input_file_ref idref="fl-da"/>
      </object_component>
      <object_component id="oc-480">
         <name>.debug_info</name>
         <load_address>0xc1a1</load_address>
         <run_address>0xc1a1</run_address>
         <size>0x39</size>
         <input_file_ref idref="fl-da"/>
      </object_component>
      <object_component id="oc-458">
         <name>.debug_info</name>
         <load_address>0xc1da</load_address>
         <run_address>0xc1da</run_address>
         <size>0x2c</size>
         <input_file_ref idref="fl-da"/>
      </object_component>
      <object_component id="oc-464">
         <name>.debug_info</name>
         <load_address>0xc206</load_address>
         <run_address>0xc206</run_address>
         <size>0x1bf</size>
         <input_file_ref idref="fl-db"/>
      </object_component>
      <object_component id="oc-419">
         <name>.debug_info</name>
         <load_address>0xc3c5</load_address>
         <run_address>0xc3c5</run_address>
         <size>0x1f0</size>
         <input_file_ref idref="fl-db"/>
      </object_component>
      <object_component id="oc-42d">
         <name>.debug_info</name>
         <load_address>0xc5b5</load_address>
         <run_address>0xc5b5</run_address>
         <size>0x156</size>
         <input_file_ref idref="fl-dc"/>
      </object_component>
      <object_component id="oc-394">
         <name>.debug_info</name>
         <load_address>0xc70b</load_address>
         <run_address>0xc70b</run_address>
         <size>0x14f</size>
         <input_file_ref idref="fl-dc"/>
      </object_component>
      <object_component id="oc-469">
         <name>.debug_info</name>
         <load_address>0xc85a</load_address>
         <run_address>0xc85a</run_address>
         <size>0x46</size>
         <input_file_ref idref="fl-dc"/>
      </object_component>
      <object_component id="oc-428">
         <name>.debug_info</name>
         <load_address>0xc8a0</load_address>
         <run_address>0xc8a0</run_address>
         <size>0x39</size>
         <input_file_ref idref="fl-dc"/>
      </object_component>
      <object_component id="oc-45e">
         <name>.debug_info</name>
         <load_address>0xc8d9</load_address>
         <run_address>0xc8d9</run_address>
         <size>0x154</size>
         <input_file_ref idref="fl-dd"/>
      </object_component>
      <object_component id="oc-3ce">
         <name>.debug_info</name>
         <load_address>0xca2d</load_address>
         <run_address>0xca2d</run_address>
         <size>0x12c</size>
         <input_file_ref idref="fl-de"/>
      </object_component>
      <object_component id="oc-3f5">
         <name>.debug_info</name>
         <load_address>0xcb59</load_address>
         <run_address>0xcb59</run_address>
         <size>0x144</size>
         <input_file_ref idref="fl-df"/>
      </object_component>
      <object_component id="oc-36e">
         <name>.debug_info</name>
         <load_address>0xcc9d</load_address>
         <run_address>0xcc9d</run_address>
         <size>0x120</size>
         <input_file_ref idref="fl-e0"/>
      </object_component>
      <object_component id="oc-3de">
         <name>.debug_info</name>
         <load_address>0xcdbd</load_address>
         <run_address>0xcdbd</run_address>
         <size>0x122</size>
         <input_file_ref idref="fl-e0"/>
      </object_component>
      <object_component id="oc-3da">
         <name>.debug_info</name>
         <load_address>0xcedf</load_address>
         <run_address>0xcedf</run_address>
         <size>0x132</size>
         <input_file_ref idref="fl-e1"/>
      </object_component>
      <object_component id="oc-3d4">
         <name>.debug_info</name>
         <load_address>0xd011</load_address>
         <run_address>0xd011</run_address>
         <size>0x132</size>
         <input_file_ref idref="fl-e2"/>
      </object_component>
      <object_component id="oc-3e3">
         <name>.debug_info</name>
         <load_address>0xd143</load_address>
         <run_address>0xd143</run_address>
         <size>0x126</size>
         <input_file_ref idref="fl-e3"/>
      </object_component>
      <object_component id="oc-3ef">
         <name>.debug_info</name>
         <load_address>0xd269</load_address>
         <run_address>0xd269</run_address>
         <size>0x124</size>
         <input_file_ref idref="fl-e4"/>
      </object_component>
      <object_component id="oc-446">
         <name>.debug_info</name>
         <load_address>0xd38d</load_address>
         <run_address>0xd38d</run_address>
         <size>0x10d</size>
         <input_file_ref idref="fl-e5"/>
      </object_component>
      <object_component id="oc-f0">
         <name>.debug_info</name>
         <load_address>0xd49a</load_address>
         <run_address>0xd49a</run_address>
         <size>0x1e9</size>
         <input_file_ref idref="fl-e6"/>
      </object_component>
      <object_component id="oc-12a">
         <name>.debug_info</name>
         <load_address>0xd683</load_address>
         <run_address>0xd683</run_address>
         <size>0x1e0</size>
         <input_file_ref idref="fl-e6"/>
      </object_component>
      <object_component id="oc-28b">
         <name>.debug_info</name>
         <load_address>0xd863</load_address>
         <run_address>0xd863</run_address>
         <size>0x19b</size>
         <input_file_ref idref="fl-e7"/>
      </object_component>
      <object_component id="oc-18e">
         <name>.debug_info</name>
         <load_address>0xd9fe</load_address>
         <run_address>0xd9fe</run_address>
         <size>0x19e</size>
         <input_file_ref idref="fl-e7"/>
      </object_component>
      <object_component id="oc-291">
         <name>.debug_info</name>
         <load_address>0xdb9c</load_address>
         <run_address>0xdb9c</run_address>
         <size>0xf0</size>
         <input_file_ref idref="fl-e7"/>
      </object_component>
      <object_component id="oc-358">
         <name>.debug_info</name>
         <load_address>0xdc8c</load_address>
         <run_address>0xdc8c</run_address>
         <size>0x16d</size>
         <input_file_ref idref="fl-e7"/>
      </object_component>
      <object_component id="oc-c9">
         <name>.debug_info</name>
         <load_address>0xddf9</load_address>
         <run_address>0xddf9</run_address>
         <size>0x188</size>
         <input_file_ref idref="fl-e7"/>
      </object_component>
      <object_component id="oc-c3">
         <name>.debug_info</name>
         <load_address>0xdf81</load_address>
         <run_address>0xdf81</run_address>
         <size>0x1ba</size>
         <input_file_ref idref="fl-e7"/>
      </object_component>
      <object_component id="oc-295">
         <name>.debug_info</name>
         <load_address>0xe13b</load_address>
         <run_address>0xe13b</run_address>
         <size>0x204</size>
         <input_file_ref idref="fl-e7"/>
      </object_component>
      <object_component id="oc-2aa">
         <name>.debug_info</name>
         <load_address>0xe33f</load_address>
         <run_address>0xe33f</run_address>
         <size>0x1cf</size>
         <input_file_ref idref="fl-e7"/>
      </object_component>
      <object_component id="oc-1ab">
         <name>.debug_info</name>
         <load_address>0xe50e</load_address>
         <run_address>0xe50e</run_address>
         <size>0x206</size>
         <input_file_ref idref="fl-e7"/>
      </object_component>
      <object_component id="oc-cf">
         <name>.debug_info</name>
         <load_address>0xe714</load_address>
[...]
      </symbol>
      <symbol id="sm-dd">
         <name>Timer_IF_InterruptClear</name>
         <value>0x20005a8b</value>
         <object_component_ref idref="oc-da"/>
      </symbol>
      <symbol id="sm-de">
         <name>Timer_IF_IntSetup</name>
         <value>0x20005a3f</value>
         <object_component_ref idref="oc-da"/>
      </symbol>
      <symbol id="sm-df">
         <name>Timer_IF_Stop</name>
         <value>0x20005ac3</value>
         <object_component_ref idref="oc-da"/>
      </symbol>
      <symbol id="sm-e0">
         <name>Timer_IF_Start</name>
         <value>0x20005aa3</value>
         <object_component_ref idref="oc-da"/>
      </symbol>
      <symbol id="sm-e1">
         <name>Timer_IF_Init</name>
         <value>0x20005a0d</value>
         <object_component_ref idref="oc-da"/>
      </symbol>
      <symbol id="sm-e2">
         <name>Timer_IF_ReLoad</name>
         <value>0x20005aed</value>
         <object_component_ref idref="oc-da"/>
      </symbol>
      <symbol id="sm-133">
         <name>GetCmd</name>
         <value>0x200051a3</value>
         <object_component_ref idref="oc-122"/>
      </symbol>
      <symbol id="sm-134">
         <name>Message</name>
         <value>0x2000513f</value>
         <object_component_ref idref="oc-122"/>
      </symbol>
      <symbol id="sm-135">
         <name>Report</name>
         <value>0x200052e1</value>
         <object_component_ref idref="oc-122"/>
      </symbol>
      <symbol id="sm-136">
         <name>Error</name>
         <value>0x2000516b</value>
         <object_component_ref idref="oc-122"/>
      </symbol>
      <symbol id="sm-137">
         <name>InitTerm</name>
         <value>0x20005121</value>
         <object_component_ref idref="oc-122"/>
      </symbol>
      <symbol id="sm-138">
         <name>ClearTerm</name>
         <value>0x20005161</value>
         <object_component_ref idref="oc-122"/>
      </symbol>
      <symbol id="sm-139">
         <name>TrimSpace</name>
         <value>0x20005249</value>
         <object_component_ref idref="oc-122"/>
      </symbol>
      <symbol id="sm-152">
         <name>__TI_zero_init_nomemset</name>
         <value>0x200075cf</value>
         <object_component_ref idref="oc-46"/>
      </symbol>
      <symbol id="sm-169">
         <name>__TI_decompress_none</name>
         <value>0x200075f3</value>
         <object_component_ref idref="oc-18"/>
      </symbol>
      <symbol id="sm-18c">
         <name>__TI_decompress_lzss</name>
         <value>0x20006bfd</value>
         <object_component_ref idref="oc-12"/>
      </symbol>
      <symbol id="sm-222">
         <name>_sys_memory</name>
         <value>0x20017000</value>
         <object_component_ref idref="oc-20"/>
      </symbol>
      <symbol id="sm-223">
         <name>free</name>
         <value>0x20006241</value>
         <object_component_ref idref="oc-239"/>
      </symbol>
      <symbol id="sm-224">
         <name>realloc</name>
         <value>0x20006031</value>
         <object_component_ref idref="oc-233"/>
      </symbol>
      <symbol id="sm-225">
         <name>malloc</name>
         <value>0x200069c5</value>
         <object_component_ref idref="oc-22d"/>
      </symbol>
      <symbol id="sm-226">
         <name>minit</name>
         <value>0x200070c1</value>
         <object_component_ref idref="oc-2e6"/>
      </symbol>
      <symbol id="sm-23b">
         <name>_nop</name>
         <value>0x2000598b</value>
         <object_component_ref idref="oc-330"/>
      </symbol>
      <symbol id="sm-23c">
         <name>_lock</name>
         <value>0x2001780c</value>
         <object_component_ref idref="oc-26c"/>
      </symbol>
      <symbol id="sm-23d">
         <name>_unlock</name>
         <value>0x20017810</value>
         <object_component_ref idref="oc-26c"/>
      </symbol>
      <symbol id="sm-24d">
         <name>memmove</name>
         <value>0x20007331</value>
         <object_component_ref idref="oc-227"/>
      </symbol>
      <symbol id="sm-25b">
         <name>strlen</name>
         <value>0x200075a9</value>
         <object_component_ref idref="oc-221"/>
      </symbol>
      <symbol id="sm-28a">
         <name>vsnprintf</name>
         <value>0x20006fc9</value>
         <object_component_ref idref="oc-20f"/>
      </symbol>
      <symbol id="sm-29c">
         <name>__stack</name>
         <value>0x2002f800</value>
         <object_component_ref idref="oc-23"/>
      </symbol>
      <symbol id="sm-29d">
         <name>_c_int00_noargs</name>
         <value>0x20007299</value>
         <object_component_ref idref="oc-58"/>
      </symbol>
      <symbol id="sm-2ac">
         <name>__aeabi_memset</name>
         <value>0x2000694b</value>
         <object_component_ref idref="oc-88"/>
      </symbol>
      <symbol id="sm-2ad">
         <name>memset</name>
         <value>0x20006951</value>
         <object_component_ref idref="oc-88"/>
      </symbol>
      <symbol id="sm-2ae">
         <name>__aeabi_memset8</name>
         <value>0x2000694b</value>
         <object_component_ref idref="oc-88"/>
      </symbol>
      <symbol id="sm-2af">
         <name>__aeabi_memset4</name>
         <value>0x2000694b</value>
         <object_component_ref idref="oc-88"/>
      </symbol>
      <symbol id="sm-2b0">
         <name>__aeabi_memclr8</name>
         <value>0x20006949</value>
         <object_component_ref idref="oc-88"/>
      </symbol>
      <symbol id="sm-2b1">
         <name>__aeabi_memclr4</name>
         <value>0x20006949</value>
         <object_component_ref idref="oc-88"/>
      </symbol>
      <symbol id="sm-2b2">
         <name>__aeabi_memclr</name>
         <value>0x20006949</value>
         <object_component_ref idref="oc-88"/>
      </symbol>
      <symbol id="sm-2cd">
         <name>memcpy</name>
         <value>0x200065ed</value>
         <object_component_ref idref="oc-3a"/>
      </symbol>
      <symbol id="sm-2ce">
         <name>__aeabi_memcpy</name>
         <value>0x200065ed</value>
         <object_component_ref idref="oc-3a"/>
      </symbol>
      <symbol id="sm-2cf">
         <name>__aeabi_memcpy8</name>
         <value>0x200065ed</value>
         <object_component_ref idref="oc-3a"/>
      </symbol>
      <symbol id="sm-2d0">
         <name>__aeabi_memcpy4</name>
         <value>0x200065ed</value>
         <object_component_ref idref="oc-3a"/>
      </symbol>
      <symbol id="sm-2f8">
         <name>__TI_auto_init_nobinit_nopinit</name>
         <value>0x20006f45</value>
         <object_component_ref idref="oc-14e"/>
      </symbol>
      <symbol id="sm-302">
         <name>_system_pre_init</name>
         <value>0x2000762f</value>
         <object_component_ref idref="oc-8e"/>
      </symbol>
      <symbol id="sm-30e">
         <name>C$$EXIT</name>
         <value>0x20007633</value>
         <object_component_ref idref="oc-142"/>
      </symbol>
      <symbol id="sm-30f">
         <name>abort</name>
         <value>0x20007633</value>
         <object_component_ref idref="oc-142"/>
      </symbol>
      <symbol id="sm-474">
         <name>__TI_printfi</name>
         <value>0x20004401</value>
         <object_component_ref idref="oc-2c2"/>
      </symbol>
      <symbol id="sm-48b">
         <name>atoi</name>
         <value>0x20006e6d</value>
         <object_component_ref idref="oc-361"/>
      </symbol>
      <symbol id="sm-496">
         <name>_ctypes_</name>
         <value>0x20007638</value>
         <object_component_ref idref="oc-3c7"/>
      </symbol>
      <symbol id="sm-4a5">
         <name>ltoa</name>
         <value>0x20006dc5</value>
         <object_component_ref idref="oc-3e7"/>
      </symbol>
      <symbol id="sm-4b5">
         <name>memccpy</name>
         <value>0x20007461</value>
         <object_component_ref idref="oc-38a"/>
      </symbol>
      <symbol id="sm-4c5">
         <name>strchr</name>
         <value>0x20007557</value>
         <object_component_ref idref="oc-41e"/>
      </symbol>
      <symbol id="sm-4db">
         <name>__aeabi_errno_addr</name>
         <value>0x20007619</value>
         <object_component_ref idref="oc-396"/>
      </symbol>
      <symbol id="sm-4dc">
         <name>errno</name>
         <value>0x2001781c</value>
         <object_component_ref idref="oc-42e"/>
      </symbol>
      <symbol id="sm-4fc">
         <name>frexpl</name>
         <value>0x20006c65</value>
         <object_component_ref idref="oc-412"/>
      </symbol>
      <symbol id="sm-4fd">
         <name>frexp</name>
         <value>0x20006c65</value>
         <object_component_ref idref="oc-412"/>
      </symbol>
      <symbol id="sm-51b">
         <name>scalbn</name>
         <value>0x20006319</value>
         <object_component_ref idref="oc-418"/>
      </symbol>
      <symbol id="sm-51c">
         <name>scalbnl</name>
         <value>0x20006319</value>
         <object_component_ref idref="oc-418"/>
      </symbol>
      <symbol id="sm-51d">
         <name>ldexpl</name>
         <value>0x20006319</value>
         <object_component_ref idref="oc-418"/>
      </symbol>
      <symbol id="sm-51e">
         <name>ldexp</name>
         <value>0x20006319</value>
         <object_component_ref idref="oc-418"/>
      </symbol>
      <symbol id="sm-537">
         <name>wcslen</name>
         <value>0x200075e1</value>
         <object_component_ref idref="oc-390"/>
      </symbol>
      <symbol id="sm-541">
         <name>copysign</name>
         <value>0x20007621</value>
         <object_component_ref idref="oc-45d"/>
      </symbol>
      <symbol id="sm-542">
         <name>copysignl</name>
         <value>0x20007621</value>
         <object_component_ref idref="oc-45d"/>
      </symbol>
      <symbol id="sm-54f">
         <name>__aeabi_uldivmod</name>
         <value>0x20006689</value>
         <object_component_ref idref="oc-3cc"/>
      </symbol>
      <symbol id="sm-566">
         <name>__aeabi_dsub</name>
         <value>0x200057d5</value>
         <object_component_ref idref="oc-3f2"/>
      </symbol>
      <symbol id="sm-567">
         <name>__aeabi_dadd</name>
         <value>0x200057df</value>
         <object_component_ref idref="oc-3f2"/>
      </symbol>
      <symbol id="sm-589">
         <name>__aeabi_cdcmpeq</name>
         <value>0x2000683d</value>
         <object_component_ref idref="oc-36d"/>
      </symbol>
      <symbol id="sm-58a">
         <name>__aeabi_cdcmple</name>
         <value>0x2000683d</value>
         <object_component_ref idref="oc-36d"/>
      </symbol>
      <symbol id="sm-58b">
         <name>__aeabi_cdrcmple</name>
         <value>0x200068c3</value>
         <object_component_ref idref="oc-3dd"/>
      </symbol>
      <symbol id="sm-59f">
         <name>__aeabi_ddiv</name>
         <value>0x20005dd9</value>
         <object_component_ref idref="oc-3d8"/>
      </symbol>
      <symbol id="sm-5aa">
         <name>__aeabi_dmul</name>
         <value>0x20006145</value>
         <object_component_ref idref="oc-3d3"/>
      </symbol>
      <symbol id="sm-5b4">
         <name>__aeabi_d2iz</name>
         <value>0x20006eb9</value>
         <object_component_ref idref="oc-3e2"/>
      </symbol>
      <symbol id="sm-5be">
         <name>__aeabi_i2d</name>
         <value>0x200071c1</value>
         <object_component_ref idref="oc-3ed"/>
      </symbol>
      <symbol id="sm-5c8">
         <name>__aeabi_idiv0</name>
         <value>0x20005f0f</value>
         <object_component_ref idref="oc-444"/>
      </symbol>
      <symbol id="sm-5c9">
         <name>__aeabi_ldiv0</name>
         <value>0x20005f0f</value>
         <object_component_ref idref="oc-444"/>
      </symbol>
      <symbol id="sm-5dd">
         <name>GPIODirModeSet</name>
         <value>0x200070f9</value>
         <object_component_ref idref="oc-ec"/>
      </symbol>
      <symbol id="sm-5de">
         <name>GPIOPinWrite</name>
         <value>0x20007355</value>
         <object_component_ref idref="oc-129"/>
      </symbol>
      <symbol id="sm-656">
         <name>IntPrioritySet</name>
         <value>0x20006d71</value>
         <object_component_ref idref="oc-1aa"/>
      </symbol>
      <symbol id="sm-657">
         <name>IntVTableBaseSet</name>
         <value>0x20007581</value>
         <object_component_ref idref="oc-c2"/>
      </symbol>
      <symbol id="sm-658">
         <name>IntEnable</name>
         <value>0x20006545</value>
         <object_component_ref idref="oc-ce"/>
      </symbol>
      <symbol id="sm-659">
         <name>IntDisable</name>
         <value>0x2000649d</value>
         <object_component_ref idref="oc-2a3"/>
      </symbol>
      <symbol id="sm-65a">
         <name>IntRegister</name>
         <value>0x20007375</value>
         <object_component_ref idref="oc-294"/>
      </symbol>
      <symbol id="sm-65b">
         <name>IntUnregister</name>
         <value>0x200072e9</value>
         <object_component_ref idref="oc-2a9"/>
      </symbol>
      <symbol id="sm-65c">
         <name>IntMasterEnable</name>
         <value>0x2000760f</value>
         <object_component_ref idref="oc-c8"/>
      </symbol>
      <symbol id="sm-6b3">
         <name>PinTypeI2C</name>
         <value>0x2000740d</value>
         <object_component_ref idref="oc-f2"/>
      </symbol>
      <symbol id="sm-6b4">
         <name>PinTypeUART</name>
         <value>0x200074b1</value>
         <object_component_ref idref="oc-fe"/>
      </symbol>
      <symbol id="sm-6b5">
         <name>PinTypeADC</name>
         <value>0x20007595</value>
         <object_component_ref idref="oc-11c"/>
      </symbol>
      <symbol id="sm-6b6">
         <name>PinTypeTimer</name>
         <value>0x20007497</value>
         <object_component_ref idref="oc-104"/>
      </symbol>
      <symbol id="sm-6b7">
         <name>PinTypeGPIO</name>
         <value>0x2000712f</value>
         <object_component_ref idref="oc-e6"/>
      </symbol>
      <symbol id="sm-6b8">
         <name>PinConfigSet</name>
         <value>0x200067b5</value>
         <object_component_ref idref="oc-1f2"/>
      </symbol>
      <symbol id="sm-6b9">
         <name>PinTypeSPI</name>
         <value>0x2000747d</value>
         <object_component_ref idref="oc-f8"/>
      </symbol>
      <symbol id="sm-6ba">
         <name>PinModeSet</name>
         <value>0x20006f89</value>
         <object_component_ref idref="oc-1f8"/>
      </symbol>
      <symbol id="sm-740">
         <name>PRCMPeripheralReset</name>
         <value>0x20006cc1</value>
         <object_component_ref idref="oc-10a"/>
      </symbol>
      <symbol id="sm-741">
         <name>PRCMPeripheralClkEnable</name>
         <value>0x20007049</value>
         <object_component_ref idref="oc-e0"/>
      </symbol>
      <symbol id="sm-742">
         <name>PRCMPeripheralClockGet</name>
         <value>0x20006721</value>
         <object_component_ref idref="oc-12f"/>
      </symbol>
      <symbol id="sm-743">
         <name>PRCMCC3200MCUInit</name>
         <value>0x20005b25</value>
         <object_component_ref idref="oc-d4"/>
      </symbol>
      <symbol id="sm-744">
         <name>PRCMHIBRegWrite</name>
         <value>0x20007541</value>
         <object_component_ref idref="oc-19d"/>
      </symbol>
      <symbol id="sm-745">
         <name>PRCMSysResetCauseGet</name>
         <value>0x200071f1</value>
         <object_component_ref idref="oc-191"/>
      </symbol>
      <symbol id="sm-746">
         <name>PRCMPeripheralClkDisable</name>
         <value>0x20007271</value>
         <object_component_ref idref="oc-1a3"/>
      </symbol>
      <symbol id="sm-747">
         <name>PRCMHIBRegRead</name>
         <value>0x2000752b</value>
         <object_component_ref idref="oc-197"/>
      </symbol>
      <symbol id="sm-7cb">
         <name>TimerLoadSet</name>
         <value>0x2000721d</value>
         <object_component_ref idref="oc-1c8"/>
      </symbol>
      <symbol id="sm-7cc">
         <name>TimerDisable</name>
         <value>0x20007395</value>
         <object_component_ref idref="oc-1d4"/>
      </symbol>
      <symbol id="sm-7cd">
         <name>TimerIntRegister</name>
         <value>0x20006ab5</value>
         <object_component_ref idref="oc-1b0"/>
      </symbol>
      <symbol id="sm-7ce">
         <name>TimerEnable</name>
         <value>0x200073b3</value>
         <object_component_ref idref="oc-1ce"/>
      </symbol>
      <symbol id="sm-7cf">
         <name>TimerIntUnregister</name>
         <value>0x20006b95</value>
         <object_component_ref idref="oc-1e0"/>
      </symbol>
      <symbol id="sm-7d0">
         <name>TimerIntStatus</name>
         <value>0x200073d1</value>
         <object_component_ref idref="oc-1bc"/>
      </symbol>
      <symbol id="sm-7d1">
         <name>TimerIntDisable</name>
         <value>0x200074cb</value>
         <object_component_ref idref="oc-1da"/>
      </symbol>
      <symbol id="sm-7d2">
         <name>TimerValueGet</name>
         <value>0x20007429</value>
         <object_component_ref idref="oc-1e6"/>
      </symbol>
      <symbol id="sm-7d3">
         <name>TimerPrescaleSet</name>
         <value>0x20007247</value>
         <object_component_ref idref="oc-116"/>
      </symbol>
      <symbol id="sm-7d4">
         <name>TimerIntEnable</name>
         <value>0x200074e3</value>
         <object_component_ref idref="oc-1b6"/>
      </symbol>
      <symbol id="sm-7d5">
         <name>TimerConfigure</name>
         <value>0x20006f01</value>
         <object_component_ref idref="oc-110"/>
      </symbol>
      <symbol id="sm-7d6">
         <name>TimerIntClear</name>
         <value>0x200075bd</value>
         <object_component_ref idref="oc-1c2"/>
      </symbol>
      <symbol id="sm-812">
         <name>UARTConfigSetExpClk</name>
         <value>0x20006a3d</value>
         <object_component_ref idref="oc-135"/>
      </symbol>
      <symbol id="sm-813">
         <name>UARTDisable</name>
         <value>0x20007161</value>
         <object_component_ref idref="oc-250"/>
      </symbol>
      <symbol id="sm-814">
         <name>UARTCharsAvail</name>
         <value>0x200074fb</value>
         <object_component_ref idref="oc-215"/>
      </symbol>
      <symbol id="sm-815">
         <name>UARTCharGetNonBlocking</name>
         <value>0x20007445</value>
         <object_component_ref idref="oc-21b"/>
      </symbol>
      <symbol id="sm-816">
         <name>UARTCharPut</name>
         <value>0x200073ef</value>
         <object_component_ref idref="oc-209"/>
      </symbol>
      <symbol id="sm-817">
         <name>UARTEnable</name>
         <value>0x2000730d</value>
         <object_component_ref idref="oc-256"/>
      </symbol>
      <symbol id="sm-81b">
         <name>UtilsDelay</name>
         <value>0x20007629</value>
         <object_component_ref idref="oc-128"/>
      </symbol>
      <symbol id="sm-825">
         <name>CPUcpsie</name>
         <value>0x2000756d</value>
         <object_component_ref idref="oc-181"/>
      </symbol>
      <symbol id="sm-827">
         <name>__TI_static_base__</name>
         <value>0x20007a38</value>
      </symbol>
      <symbol id="sm-82a">
         <name>__mpu_init</name>
         <value>0x0</value>
      </symbol>
      <symbol id="sm-82b">
         <name>_system_post_cinit</name>
         <value>0x0</value>
      </symbol>
   </symbol_table>
   <title>Link successful</title>
</link_info>
