******************************************************************************
                  TI ARM Linker PC v18.1.3                     
******************************************************************************
>> Linked Fri Nov 23 21:43:09 2018

OUTPUT FILE NAME:   <Lil-Pharma-SPI.out>
ENTRY POINT SYMBOL: "_c_int00_noargs"  address: 20007629


MEMORY CONFIGURATION

         name            origin    length      used     unused   attr    fill
----------------------  --------  ---------  --------  --------  ----  --------
  SRAM_CODE             20004000   00013000  00003e8e  0000f172  RW X
  SRAM_DATA             20017000   00019000  0000103a  00017fc6  RW X


SEGMENT ALLOCATION MAP

run origin  load origin   length   init length attrs members
----------  ----------- ---------- ----------- ----- -------
20004000    20004000    00003e90   00003e90    r-x
  20004000    20004000    00000400   00000400    r-- .intvecs
  20004400    20004400    00003696   00003696    r-x .text
  20007a98    20007a98    000003b0   000003b0    r-- .const
  20007e48    20007e48    00000048   00000048    r-- .cinit
20017000    20017000    0000083a   00000000    rw-
  20017000    20017000    00000800   00000000    rw- .sysmem
  20017800    20017800    00000030   00000000    rw- .data
  20017830    20017830    0000000a   00000000    rw- .bss
2002f800    2002f800    00000800   00000000    rw-
  2002f800    2002f800    00000800   00000000    rw- .stack


SECTION ALLOCATION MAP

 output                                  attributes/
section   page    origin      length       input sections
--------  ----  ----------  ----------   ----------------
.intvecs   0    20004000    00000400     
                  20004000    00000400     startup_ccs.obj (.intvecs)

.init_array 
*          0    20004000    00000000     UNINITIALIZED

.text      0    20004400    00003696     
                  20004400    00000a4a     rtsv7M4_T_le_eabi.lib : _printfi.c.obj (.text:__TI_printfi)
                  20004e4a    00000002     driverlib.a : interrupt.obj (.text:IntDefaultHandler)
                  20004e4c    00000450     main.obj (.text)
                  2000529c    00000280     uart_if.obj (.text)
                  2000551c    00000268     rtsv7M4_T_le_eabi.lib : _printfi.c.obj (.text:_pconv_a)
                  20005784    000001cc                           : _printfi.c.obj (.text:_pconv_g)
                  20005950    000001b6                           : fd_add_t2.asm.obj (.text)
                  20005b06    00000002                           : _lock.c.obj (.text:_nop)
                  20005b08    00000198     timer_if.obj (.text)
                  20005ca0    00000178     driverlib.a : prcm.obj (.text:PRCMCC3200MCUInit)
                  20005e18    0000013c     rtsv7M4_T_le_eabi.lib : _printfi.c.obj (.text:_pconv_e)
                  20005f54    00000136                           : fd_div_t2.asm.obj (.text)
                  2000608a    00000002                           : div0.asm.obj (.text)
                  2000608c    00000120                           : _printfi.c.obj (.text:fcvt)
                  200061ac    00000114                           : memory.c.obj (.text:realloc)
                  200062c0    000000fc                           : fd_mul_t2.asm.obj (.text)
                  200063bc    000000d8                           : memory.c.obj (.text:free)
                  20006494    000000d0                           : s_scalbn.c.obj (.text:scalbn)
                  20006564    000000b1                           : _printfi.c.obj (.text:_ltostr)
                  20006615    00000003     --HOLE-- [fill = 0]
                  20006618    000000ac     motor.obj (.text)
                  200066c4    000000a8     driverlib.a : interrupt.obj (.text:IntDisable)
                  2000676c    000000a8                 : interrupt.obj (.text:IntEnable)
                  20006814    000000a0                 : spi.obj (.text:SPIConfigSetExpClk)
                  200068b4    0000009c     rtsv7M4_T_le_eabi.lib : memcpy_t2.asm.obj (.text)
                  20006950    00000096                           : ull_div_t2.asm.obj (.text)
                  200069e6    00000002     --HOLE-- [fill = 0]
                  200069e8    00000094     driverlib.a : prcm.obj (.text:PRCMPeripheralClockGet)
                  20006a7c    00000088                 : pin.obj (.text:PinConfigSet)
                  20006b04    00000086     rtsv7M4_T_le_eabi.lib : fd_cmp_t2.asm.obj (.text:__aeabi_cdcmple)
                  20006b8a    00000086                           : fd_cmp_t2.asm.obj (.text:__aeabi_cdrcmple)
                  20006c10    00000082     driverlib.a : gpio.obj (.text:GPIOIntTypeSet)
                  20006c92    0000007a     rtsv7M4_T_le_eabi.lib : memset_t2.asm.obj (.text)
                  20006d0c    00000078                           : memory.c.obj (.text:malloc)
                  20006d84    00000076     driverlib.a : uart.obj (.text:UARTConfigSetExpClk)
                  20006dfa    00000002     --HOLE-- [fill = 0]
                  20006dfc    00000070                 : timer.obj (.text:TimerIntRegister)
                  20006e6c    0000006e     rtsv7M4_T_le_eabi.lib : _printfi.c.obj (.text:_mcpy)
                  20006eda    00000002     --HOLE-- [fill = 0]
                  20006edc    00000068     driverlib.a : timer.obj (.text:TimerIntUnregister)
                  20006f44    00000068     rtsv7M4_T_le_eabi.lib : copy_decompress_lzss.c.obj (.text:decompress:lzss:__TI_decompress_lzss)
                  20006fac    0000005c                           : s_frexp.c.obj (.text:frexp)
                  20007008    00000058     driverlib.a : prcm.obj (.text:PRCMPeripheralReset)
                  20007060    00000056     rtsv7M4_T_le_eabi.lib : _printfi.c.obj (.text:_pconv_f)
                  200070b6    00000002     --HOLE-- [fill = 0]
                  200070b8    00000054     driverlib.a : interrupt.obj (.text:IntPrioritySet)
                  2000710c    00000054     rtsv7M4_T_le_eabi.lib : ltoa.c.obj (.text:ltoa)
                  20007160    00000052                           : _printfi.c.obj (.text:_ecpy)
                  200071b2    00000002     --HOLE-- [fill = 0]
                  200071b4    0000004c                           : atoi.c.obj (.text:atoi)
                  20007200    00000048     driverlib.a : gpio.obj (.text:GPIOGetIntNumber)
                  20007248    00000048     rtsv7M4_T_le_eabi.lib : fd_toi_t2.asm.obj (.text)
                  20007290    00000044     driverlib.a : timer.obj (.text:TimerConfigure)
                  200072d4    00000044     rtsv7M4_T_le_eabi.lib : autoinit.c.obj (.text:__TI_auto_init_nobinit_nopinit:__TI_auto_init_nobinit_nopinit)
                  20007318    00000040     driverlib.a : pin.obj (.text:PinModeSet)
                  20007358    00000040     rtsv7M4_T_le_eabi.lib : vsnprintf.c.obj (.text:vsnprintf)
                  20007398    0000003e                           : _printfi.c.obj (.text:_fcpy)
                  200073d6    00000002     --HOLE-- [fill = 0]
                  200073d8    0000003c     driverlib.a : prcm.obj (.text:PRCMPeripheralClkEnable)
                  20007414    0000003c     rtsv7M4_T_le_eabi.lib : memory.c.obj (.text:minsert)
                  20007450    00000038                           : memory.c.obj (.text:minit)
                  20007488    00000036     driverlib.a : gpio.obj (.text:GPIODirModeSet)
                  200074be    00000030                 : pin.obj (.text:PinTypeGPIO)
                  200074ee    00000002     --HOLE-- [fill = 0]
                  200074f0    00000030                 : uart.obj (.text:UARTDisable)
                  20007520    00000030     rtsv7M4_T_le_eabi.lib : vsnprintf.c.obj (.text:_outs)
                  20007550    0000002e                           : i_tofd_t2.asm.obj (.text)
                  2000757e    00000002     --HOLE-- [fill = 0]
                  20007580    0000002c     driverlib.a : prcm.obj (.text:PRCMSysResetCauseGet)
                  200075ac    0000002a                 : timer.obj (.text:TimerLoadSet)
                  200075d6    0000002a                 : timer.obj (.text:TimerPrescaleSet)
                  20007600    00000028                 : prcm.obj (.text:PRCMPeripheralClkDisable)
                  20007628    00000028     rtsv7M4_T_le_eabi.lib : boot_cortex_m.c.obj (.text:_c_int00_noargs:_c_int00_noargs)
                  20007650    00000028                           : memory.c.obj (.text:mremove)
                  20007678    00000024     driverlib.a : interrupt.obj (.text:IntUnregister)
                  2000769c    00000024                 : uart.obj (.text:UARTEnable)
                  200076c0    00000024     rtsv7M4_T_le_eabi.lib : memmov.c.obj (.text:memmove)
                  200076e4    00000022     driverlib.a : spi.obj (.text:SPIReset)
                  20007706    00000020                 : gpio.obj (.text:GPIOPinWrite)
                  20007726    00000002     --HOLE-- [fill = 0]
                  20007728    00000020                 : interrupt.obj (.text:IntRegister)
                  20007748    0000001e                 : gpio.obj (.text:GPIOIntRegister)
                  20007766    0000001e                 : timer.obj (.text:TimerDisable)
                  20007784    0000001e                 : timer.obj (.text:TimerEnable)
                  200077a2    0000001e                 : timer.obj (.text:TimerIntStatus)
                  200077c0    0000001e                 : uart.obj (.text:UARTCharPut)
                  200077de    0000001c                 : pin.obj (.text:PinTypeI2C)
                  200077fa    0000001c                 : timer.obj (.text:TimerValueGet)
                  20007816    0000001c                 : uart.obj (.text:UARTCharGetNonBlocking)
                  20007832    0000001c     rtsv7M4_T_le_eabi.lib : memccpy.c.obj (.text:memccpy)
                  2000784e    0000001a     driverlib.a : gpio.obj (.text:GPIOIntEnable)
                  20007868    0000001a                 : pin.obj (.text:PinTypeSPI)
                  20007882    0000001a                 : pin.obj (.text:PinTypeTimer)
                  2000789c    0000001a                 : pin.obj (.text:PinTypeUART)
                  200078b6    0000001a                 : spi.obj (.text:SPIFIFOEnable)
                  200078d0    00000018                 : gpio.obj (.text:GPIOPinRead)
                  200078e8    00000018                 : spi.obj (.text:SPIEnable)
                  20007900    00000018                 : timer.obj (.text:TimerIntDisable)
                  20007918    00000018                 : timer.obj (.text:TimerIntEnable)
                  20007930    00000018                 : uart.obj (.text:UARTCharsAvail)
                  20007948    00000018     rtsv7M4_T_le_eabi.lib : vsnprintf.c.obj (.text:_outc)
                  20007960    00000016     driverlib.a : prcm.obj (.text:PRCMHIBRegRead)
                  20007976    00000016                 : prcm.obj (.text:PRCMHIBRegWrite)
                  2000798c    00000016     rtsv7M4_T_le_eabi.lib : strchr.c.obj (.text:strchr)
                  200079a2    00000014     driverlib.a : adc.obj (.text:ADCEnable)
                  200079b6    00000014                 : cpu.obj (.text:CPUcpsie)
                  200079ca    00000014                 : gpio.obj (.text:GPIOIntClear)
                  200079de    00000002     --HOLE-- [fill = 0]
                  200079e0    00000014                 : interrupt.obj (.text:IntVTableBaseSet)
                  200079f4    00000014                 : pin.obj (.text:PinTypeADC)
                  20007a08    00000014     rtsv7M4_T_le_eabi.lib : strlen.c.obj (.text:strlen)
                  20007a1c    00000012     driverlib.a : timer.obj (.text:TimerIntClear)
                  20007a2e    00000012     rtsv7M4_T_le_eabi.lib : copy_zero_init.c.obj (.text:decompress:ZI:__TI_zero_init_nomemset:__TI_zero_init_nomemset)
                  20007a40    00000012                           : wcslen.c.obj (.text:wcslen)
                  20007a52    0000000e                           : copy_decompress_none.c.obj (.text:decompress:none:__TI_decompress_none)
                  20007a60    0000000e     startup_ccs.obj (.text)
                  20007a6e    0000000a     driverlib.a : interrupt.obj (.text:IntMasterEnable)
                  20007a78    00000008     rtsv7M4_T_le_eabi.lib : errno.c.obj (.text:__aeabi_errno_addr)
                  20007a80    00000008                           : s_copysign.c.obj (.text:copysign)
                  20007a88    00000006     driverlib.a : utils.obj (.text:UtilsDelay)
                  20007a8e    00000004     rtsv7M4_T_le_eabi.lib : pre_init.c.obj (.text:_system_pre_init)
                  20007a92    00000004                           : exit.c.obj (.text:abort:abort)

.const     0    20007a98    000003b0     
                  20007a98    00000101     rtsv7M4_T_le_eabi.lib : ctype.c.obj (.const:.string:_ctypes_)
                  20007b99    00000003     --HOLE-- [fill = 0]
                  20007b9c    00000100     driverlib.a : pin.obj (.const:g_ulPinToPadMap)
                  20007c9c    000000d4                 : interrupt.obj (.const:g_pulRegs)
                  20007d70    000000a8                 : prcm.obj (.const:PRCM_PeriphRegsList)
                  20007e18    00000018                 : interrupt.obj (.const:g_pulDisRegs)
                  20007e30    00000018                 : interrupt.obj (.const:g_pulEnRegs)

.cinit     0    20007e48    00000048     
                  20007e48    00000021     (.cinit..data.load) [load image, compression = lzss]
                  20007e69    00000003     --HOLE-- [fill = 0]
                  20007e6c    0000000c     (__TI_handler_table)
                  20007e78    00000008     (.cinit..bss.load) [load image, compression = zero_init]
                  20007e80    00000010     (__TI_cinit_table)

.sysmem    0    20017000    00000800     UNINITIALIZED
                  20017000    00000008     rtsv7M4_T_le_eabi.lib : memory.c.obj (.sysmem)
                  20017008    000007f8     --HOLE--

.data      0    20017800    00000030     UNINITIALIZED
                  20017800    00000014     motor.obj (.data)
                  20017814    0000000c     rtsv7M4_T_le_eabi.lib : memory.c.obj (.data:$O1$$)
                  20017820    00000008                           : _lock.c.obj (.data:$O1$$)
                  20017828    00000004     main.obj (.data)
                  2001782c    00000004     rtsv7M4_T_le_eabi.lib : errno.c.obj (.data)

.bss       0    20017830    0000000a     UNINITIALIZED
                  20017830    00000004     main.obj (.bss)
                  20017834    00000004     uart_if.obj (.bss)
                  20017838    00000001     (.common:I)
                  20017839    00000001     (.common:Q)

.stack     0    2002f800    00000800     UNINITIALIZED
                  2002f800    00000004     rtsv7M4_T_le_eabi.lib : boot_cortex_m.c.obj (.stack)
                  2002f804    000007fc     --HOLE--

MODULE SUMMARY

       Module                       code    ro data   rw data
       ------                       ----    -------   -------
    .\
       main.obj                     1104    0         10     
       startup_ccs.obj              14      1024      0      
       uart_if.obj                  640     0         4      
       timer_if.obj                 408     0         0      
       motor.obj                    172     0         20     
    +--+----------------------------+-------+---------+---------+
       Total:                       2338    1024      34     
                                                             
    C:/ti/CC3200SDK_1.3.0/cc3200-sdk/driverlib/ccs/Release/driverlib.a
       prcm.obj                     800     168       0      
       interrupt.obj                520     260       0      
       pin.obj                      374     256       0      
       timer.obj                    552     0         0      
       gpio.obj                     388     0         0      
       uart.obj                     284     0         0      
       spi.obj                      244     0         0      
       adc.obj                      20      0         0      
       cpu.obj                      20      0         0      
       utils.obj                    6       0         0      
    +--+----------------------------+-------+---------+---------+
       Total:                       3208    684       0      
                                                             
    C:\ti\ccsv8\tools\compiler\ti-cgt-arm_18.1.3.LTS\lib\rtsv7M4_T_le_eabi.lib
       _printfi.c.obj               4831    0         0      
       memory.c.obj                 768     0         12     
       fd_add_t2.asm.obj            438     0         0      
       fd_div_t2.asm.obj            310     0         0      
       fd_cmp_t2.asm.obj            268     0         0      
       ctype.c.obj                  0       257       0      
       fd_mul_t2.asm.obj            252     0         0      
       s_scalbn.c.obj               208     0         0      
       memcpy_t2.asm.obj            156     0         0      
       ull_div_t2.asm.obj           150     0         0      
       vsnprintf.c.obj              136     0         0      
       memset_t2.asm.obj            122     0         0      
       copy_decompress_lzss.c.obj   104     0         0      
       s_frexp.c.obj                92      0         0      
       ltoa.c.obj                   84      0         0      
       atoi.c.obj                   76      0         0      
       fd_toi_t2.asm.obj            72      0         0      
       autoinit.c.obj               68      0         0      
       i_tofd_t2.asm.obj            46      0         0      
       boot_cortex_m.c.obj          40      0         0      
       memmov.c.obj                 36      0         0      
       memccpy.c.obj                28      0         0      
       strchr.c.obj                 22      0         0      
       strlen.c.obj                 20      0         0      
       copy_zero_init.c.obj         18      0         0      
       wcslen.c.obj                 18      0         0      
       copy_decompress_none.c.obj   14      0         0      
       errno.c.obj                  8       0         4      
       _lock.c.obj                  2       0         8      
       s_copysign.c.obj             8       0         0      
       exit.c.obj                   4       0         0      
       pre_init.c.obj               4       0         0      
       div0.asm.obj                 2       0         0      
    +--+----------------------------+-------+---------+---------+
       Total:                       8405    257       24     
                                                             
       Heap:                        0       0         2048   
       Stack:                       0       0         2048   
       Linker Generated:            0       69        0      
    +--+----------------------------+-------+---------+---------+
       Grand Total:                 13951   2034      4154   


LINKER GENERATED COPY TABLES

__TI_cinit_table @ 20007e80 records: 2, size/record: 8, table size: 16
	.data: load addr=20007e48, load size=00000021 bytes, run addr=20017800, run size=00000030 bytes, compression=lzss
	.bss: load addr=20007e78, load size=00000008 bytes, run addr=20017830, run size=0000000a bytes, compression=zero_init


LINKER GENERATED HANDLER TABLE

__TI_handler_table @ 20007e6c records: 3, size/record: 4, table size: 12
	index: 0, handler: __TI_decompress_lzss
	index: 1, handler: __TI_decompress_none
	index: 2, handler: __TI_zero_init


GLOBAL SYMBOLS: SORTED ALPHABETICALLY BY Name 

address   name                          
-------   ----                          
200079a3  ADCEnable                     
20007a93  C$$EXIT                       
200079b7  CPUcpsie                      
200052dd  ClearTerm                     
200052e7  Error                         
20007489  GPIODirModeSet                
200079cb  GPIOIntClear                  
2000784f  GPIOIntEnable                 
20007749  GPIOIntRegister               
20006c11  GPIOIntTypeSet                
200078d1  GPIOPinRead                   
20007707  GPIOPinWrite                  
2000531f  GetCmd                        
20017838  I                             
2000529d  InitTerm                      
200066c5  IntDisable                    
2000676d  IntEnable                     
20007a6f  IntMasterEnable               
200070b9  IntPrioritySet                
20007729  IntRegister                   
20007679  IntUnregister                 
200079e1  IntVTableBaseSet              
200052bb  Message                       
20005ca1  PRCMCC3200MCUInit             
20007961  PRCMHIBRegRead                
20007977  PRCMHIBRegWrite               
20007601  PRCMPeripheralClkDisable      
200073d9  PRCMPeripheralClkEnable       
200069e9  PRCMPeripheralClockGet        
20007009  PRCMPeripheralReset           
20007581  PRCMSysResetCauseGet          
20006a7d  PinConfigSet                  
20007319  PinModeSet                    
200079f5  PinTypeADC                    
200074bf  PinTypeGPIO                   
200077df  PinTypeI2C                    
20007869  PinTypeSPI                    
20007883  PinTypeTimer                  
2000789d  PinTypeUART                   
20017839  Q                             
2000545d  Report                        
20007a61  ResetISR                      
20006815  SPIConfigSetExpClk            
200078e9  SPIEnable                     
200078b7  SPIFIFOEnable                 
200076e5  SPIReset                      
20007291  TimerConfigure                
20007767  TimerDisable                  
20007785  TimerEnable                   
20007a1d  TimerIntClear                 
20007901  TimerIntDisable               
20007919  TimerIntEnable                
20006dfd  TimerIntRegister              
200077a3  TimerIntStatus                
20006edd  TimerIntUnregister            
200075ad  TimerLoadSet                  
200075d7  TimerPrescaleSet              
200077fb  TimerValueGet                 
20005c4f  Timer_IF_DeInit               
20005c81  Timer_IF_GetCount             
20005b89  Timer_IF_Init                 
20005bbb  Timer_IF_IntSetup             
20005c07  Timer_IF_InterruptClear       
20005c69  Timer_IF_ReLoad               
20005c1f  Timer_IF_Start                
20005c3f  Timer_IF_Stop                 
200053c5  TrimSpace                     
20007817  UARTCharGetNonBlocking        
200077c1  UARTCharPut                   
20007931  UARTCharsAvail                
20006d85  UARTConfigSetExpClk           
200074f1  UARTDisable                   
2000769d  UARTEnable                    
20007a89  UtilsDelay                    
20004e65  _Z12PinMuxConfigv             
20005107  _Z16PHOTO_IN_handlerv         
20005119  _Z17Encoder_I_Handlerv        
20005191  _Z17Encoder_Q_Handlerv        
20005205  _Z19TimerBaseIntHandlerv      
20017804  _ZN5motor11pwmInternalE       
20017810  _ZN5motor3errE                
20006639  _ZN5motor4stopEv              
20017808  _ZN5motor6torqueE             
20006649  _ZN5motor6updateEv            
20006619  _ZN5motor7forwardEv           
20006629  _ZN5motor8backwardEv          
20017800  _ZN5motor8motorPosE           
2001780c  _ZN5motor9targetPosE          
20007a93  _ZSt17__throw_bad_allocv      
20030000  __STACK_END                   
00000800  __STACK_SIZE                  
00000800  __SYSMEM_SIZE                 
20007e80  __TI_CINIT_Base               
20007e90  __TI_CINIT_Limit              
20007e6c  __TI_Handler_Table_Base       
20007e78  __TI_Handler_Table_Limit      
200072d5  __TI_auto_init_nobinit_nopinit
20006f45  __TI_decompress_lzss          
20007a53  __TI_decompress_none          
ffffffff  __TI_pprof_out_hndl           
20004401  __TI_printfi                  
ffffffff  __TI_prof_data_size           
ffffffff  __TI_prof_data_start          
20007e48  __TI_static_base__            
20007a2f  __TI_zero_init_nomemset       
20006b05  __aeabi_cdcmpeq               
20006b05  __aeabi_cdcmple               
20006b8b  __aeabi_cdrcmple              
20007249  __aeabi_d2iz                  
2000595b  __aeabi_dadd                  
20005f55  __aeabi_ddiv                  
200062c1  __aeabi_dmul                  
20005951  __aeabi_dsub                  
20007a79  __aeabi_errno_addr            
20007551  __aeabi_i2d                   
2000608b  __aeabi_idiv0                 
2000608b  __aeabi_ldiv0                 
20006c93  __aeabi_memclr                
20006c93  __aeabi_memclr4               
20006c93  __aeabi_memclr8               
200068b5  __aeabi_memcpy                
200068b5  __aeabi_memcpy4               
200068b5  __aeabi_memcpy8               
20006c95  __aeabi_memset                
20006c95  __aeabi_memset4               
20006c95  __aeabi_memset8               
20006951  __aeabi_uldivmod              
ffffffff  __binit__                     
ffffffff  __c_args__                    
UNDEFED   __mpu_init                    
2002f800  __stack                       
20007629  _c_int00_noargs               
20007a98  _ctypes_                      
20017820  _lock                         
20005b07  _nop                          
20017000  _sys_memory                   
UNDEFED   _system_post_cinit            
20007a8f  _system_pre_init              
20017824  _unlock                       
20007a93  abort                         
200071b5  atoi                          
ffffffff  binit                         
20007a81  copysign                      
20007a81  copysignl                     
2001782c  errno                         
200063bd  free                          
20006fad  frexp                         
20006fad  frexpl                        
20004000  g_pfnVectors                  
20006495  ldexp                         
20006495  ldexpl                        
2000710d  ltoa                          
2000506f  main                          
20006d0d  malloc                        
20007833  memccpy                       
200068b5  memcpy                        
200076c1  memmove                       
20006c9b  memset                        
20017828  millis                        
20007451  minit                         
200061ad  realloc                       
20006495  scalbn                        
20006495  scalbnl                       
2000798d  strchr                        
20007a09  strlen                        
20007359  vsnprintf                     
20007a41  wcslen                        


GLOBAL SYMBOLS: SORTED BY Symbol Address 

address   name                          
-------   ----                          
00000800  __STACK_SIZE                  
00000800  __SYSMEM_SIZE                 
20004000  g_pfnVectors                  
20004401  __TI_printfi                  
20004e65  _Z12PinMuxConfigv             
2000506f  main                          
20005107  _Z16PHOTO_IN_handlerv         
20005119  _Z17Encoder_I_Handlerv        
20005191  _Z17Encoder_Q_Handlerv        
20005205  _Z19TimerBaseIntHandlerv      
2000529d  InitTerm                      
200052bb  Message                       
200052dd  ClearTerm                     
200052e7  Error                         
2000531f  GetCmd                        
200053c5  TrimSpace                     
2000545d  Report                        
20005951  __aeabi_dsub                  
2000595b  __aeabi_dadd                  
20005b07  _nop                          
20005b89  Timer_IF_Init                 
20005bbb  Timer_IF_IntSetup             
20005c07  Timer_IF_InterruptClear       
20005c1f  Timer_IF_Start                
20005c3f  Timer_IF_Stop                 
20005c4f  Timer_IF_DeInit               
20005c69  Timer_IF_ReLoad               
20005c81  Timer_IF_GetCount             
20005ca1  PRCMCC3200MCUInit             
20005f55  __aeabi_ddiv                  
2000608b  __aeabi_idiv0                 
2000608b  __aeabi_ldiv0                 
200061ad  realloc                       
200062c1  __aeabi_dmul                  
200063bd  free                          
20006495  ldexp                         
20006495  ldexpl                        
20006495  scalbn                        
20006495  scalbnl                       
20006619  _ZN5motor7forwardEv           
20006629  _ZN5motor8backwardEv          
20006639  _ZN5motor4stopEv              
20006649  _ZN5motor6updateEv            
200066c5  IntDisable                    
2000676d  IntEnable                     
20006815  SPIConfigSetExpClk            
200068b5  __aeabi_memcpy                
200068b5  __aeabi_memcpy4               
200068b5  __aeabi_memcpy8               
200068b5  memcpy                        
20006951  __aeabi_uldivmod              
200069e9  PRCMPeripheralClockGet        
20006a7d  PinConfigSet                  
20006b05  __aeabi_cdcmpeq               
20006b05  __aeabi_cdcmple               
20006b8b  __aeabi_cdrcmple              
20006c11  GPIOIntTypeSet                
20006c93  __aeabi_memclr                
20006c93  __aeabi_memclr4               
20006c93  __aeabi_memclr8               
20006c95  __aeabi_memset                
20006c95  __aeabi_memset4               
20006c95  __aeabi_memset8               
20006c9b  memset                        
20006d0d  malloc                        
20006d85  UARTConfigSetExpClk           
20006dfd  TimerIntRegister              
20006edd  TimerIntUnregister            
20006f45  __TI_decompress_lzss          
20006fad  frexp                         
20006fad  frexpl                        
20007009  PRCMPeripheralReset           
200070b9  IntPrioritySet                
2000710d  ltoa                          
200071b5  atoi                          
20007249  __aeabi_d2iz                  
20007291  TimerConfigure                
200072d5  __TI_auto_init_nobinit_nopinit
20007319  PinModeSet                    
20007359  vsnprintf                     
200073d9  PRCMPeripheralClkEnable       
20007451  minit                         
20007489  GPIODirModeSet                
200074bf  PinTypeGPIO                   
200074f1  UARTDisable                   
20007551  __aeabi_i2d                   
20007581  PRCMSysResetCauseGet          
200075ad  TimerLoadSet                  
200075d7  TimerPrescaleSet              
20007601  PRCMPeripheralClkDisable      
20007629  _c_int00_noargs               
20007679  IntUnregister                 
2000769d  UARTEnable                    
200076c1  memmove                       
200076e5  SPIReset                      
20007707  GPIOPinWrite                  
20007729  IntRegister                   
20007749  GPIOIntRegister               
20007767  TimerDisable                  
20007785  TimerEnable                   
200077a3  TimerIntStatus                
200077c1  UARTCharPut                   
200077df  PinTypeI2C                    
200077fb  TimerValueGet                 
20007817  UARTCharGetNonBlocking        
20007833  memccpy                       
2000784f  GPIOIntEnable                 
20007869  PinTypeSPI                    
20007883  PinTypeTimer                  
2000789d  PinTypeUART                   
200078b7  SPIFIFOEnable                 
200078d1  GPIOPinRead                   
200078e9  SPIEnable                     
20007901  TimerIntDisable               
20007919  TimerIntEnable                
20007931  UARTCharsAvail                
20007961  PRCMHIBRegRead                
20007977  PRCMHIBRegWrite               
2000798d  strchr                        
200079a3  ADCEnable                     
200079b7  CPUcpsie                      
200079cb  GPIOIntClear                  
200079e1  IntVTableBaseSet              
200079f5  PinTypeADC                    
20007a09  strlen                        
20007a1d  TimerIntClear                 
20007a2f  __TI_zero_init_nomemset       
20007a41  wcslen                        
20007a53  __TI_decompress_none          
20007a61  ResetISR                      
20007a6f  IntMasterEnable               
20007a79  __aeabi_errno_addr            
20007a81  copysign                      
20007a81  copysignl                     
20007a89  UtilsDelay                    
20007a8f  _system_pre_init              
20007a93  C$$EXIT                       
20007a93  _ZSt17__throw_bad_allocv      
20007a93  abort                         
20007a98  _ctypes_                      
20007e48  __TI_static_base__            
20007e6c  __TI_Handler_Table_Base       
20007e78  __TI_Handler_Table_Limit      
20007e80  __TI_CINIT_Base               
20007e90  __TI_CINIT_Limit              
20017000  _sys_memory                   
20017800  _ZN5motor8motorPosE           
20017804  _ZN5motor11pwmInternalE       
20017808  _ZN5motor6torqueE             
2001780c  _ZN5motor9targetPosE          
20017810  _ZN5motor3errE                
20017820  _lock                         
20017824  _unlock                       
20017828  millis                        
2001782c  errno                         
20017838  I                             
20017839  Q                             
2002f800  __stack                       
20030000  __STACK_END                   
ffffffff  __TI_pprof_out_hndl           
ffffffff  __TI_prof_data_size           
ffffffff  __TI_prof_data_start          
ffffffff  __binit__                     
ffffffff  __c_args__                    
ffffffff  binit                         
UNDEFED   __mpu_init                    
UNDEFED   _system_post_cinit            

[167 symbols]
